Archive member included to satisfy reference by file (symbol)

f:/mohamed/7.0/toolchain/avr8/avr8-gnu-toolchain/bin/../lib/gcc/avr/5.4.0/avr5\libgcc.a(_mulsi3.o)
                              APP/Calcculator.o (__mulsi3)
f:/mohamed/7.0/toolchain/avr8/avr8-gnu-toolchain/bin/../lib/gcc/avr/5.4.0/avr5\libgcc.a(_udivmodsi4.o)
                              HAL/tempSensor.o (__udivmodsi4)
f:/mohamed/7.0/toolchain/avr8/avr8-gnu-toolchain/bin/../lib/gcc/avr/5.4.0/avr5\libgcc.a(_divmodsi4.o)
                              APP/Calcculator.o (__divmodsi4)
f:/mohamed/7.0/toolchain/avr8/avr8-gnu-toolchain/bin/../lib/gcc/avr/5.4.0/avr5\libgcc.a(_negsi2.o)
                              f:/mohamed/7.0/toolchain/avr8/avr8-gnu-toolchain/bin/../lib/gcc/avr/5.4.0/avr5\libgcc.a(_divmodsi4.o) (__negsi2)
f:/mohamed/7.0/toolchain/avr8/avr8-gnu-toolchain/bin/../lib/gcc/avr/5.4.0/avr5\libgcc.a(_exit.o)
                              F:/mohamed/7.0/Packs/atmel/ATmega_DFP/1.7.374/gcc/dev/atmega32/avr5/crtatmega32.o (exit)
f:/mohamed/7.0/toolchain/avr8/avr8-gnu-toolchain/bin/../lib/gcc/avr/5.4.0/avr5\libgcc.a(_copy_data.o)
                              APP/Calcculator.o (__do_copy_data)
f:/mohamed/7.0/toolchain/avr8/avr8-gnu-toolchain/bin/../lib/gcc/avr/5.4.0/avr5\libgcc.a(_clear_bss.o)
                              APP/Calcculator.o (__do_clear_bss)
f:/mohamed/7.0/toolchain/avr8/avr8-gnu-toolchain/bin/../lib/gcc/avr/5.4.0/avr5\libgcc.a(_umulhisi3.o)
                              APP/fireSystem.o (__umulhisi3)
f:/mohamed/7.0/toolchain/avr8/avr8-gnu-toolchain/bin/../lib/gcc/avr/5.4.0/avr5\libgcc.a(_muluhisi3.o)
                              f:/mohamed/7.0/toolchain/avr8/avr8-gnu-toolchain/bin/../lib/gcc/avr/5.4.0/avr5\libgcc.a(_mulsi3.o) (__muluhisi3)
f:/mohamed/7.0/toolchain/avr8/avr8-gnu-toolchain/bin/../lib/gcc/avr/5.4.0/avr5\libgcc.a(_umulsidi3.o)
                              SERVICES/ADC_filer.o (__umulsidi3)
f:/mohamed/7.0/toolchain/avr8/avr8-gnu-toolchain/bin/../lib/gcc/avr/5.4.0/avr5\libgcc.a(_divdi3.o)
                              HAL/LCD.o (__moddi3)
f:/mohamed/7.0/toolchain/avr8/avr8-gnu-toolchain/bin/../lib/gcc/avr/5.4.0/avr5\libgcc.a(_udivdi3.o)
                              f:/mohamed/7.0/toolchain/avr8/avr8-gnu-toolchain/bin/../lib/gcc/avr/5.4.0/avr5\libgcc.a(_divdi3.o) (__udivdi3_umoddi3)
f:/mohamed/7.0/toolchain/avr8/avr8-gnu-toolchain/bin/../lib/gcc/avr/5.4.0/avr5\libgcc.a(_udivmod64.o)
                              f:/mohamed/7.0/toolchain/avr8/avr8-gnu-toolchain/bin/../lib/gcc/avr/5.4.0/avr5\libgcc.a(_divdi3.o) (__udivmod64)
f:/mohamed/7.0/toolchain/avr8/avr8-gnu-toolchain/bin/../lib/gcc/avr/5.4.0/avr5\libgcc.a(_negdi2.o)
                              APP/Calcculator.o (__negdi2)
f:/mohamed/7.0/toolchain/avr8/avr8-gnu-toolchain/bin/../lib/gcc/avr/5.4.0/avr5\libgcc.a(_prologue.o)
                              f:/mohamed/7.0/toolchain/avr8/avr8-gnu-toolchain/bin/../lib/gcc/avr/5.4.0/avr5\libgcc.a(_divdi3.o) (__prologue_saves__)
f:/mohamed/7.0/toolchain/avr8/avr8-gnu-toolchain/bin/../lib/gcc/avr/5.4.0/avr5\libgcc.a(_epilogue.o)
                              f:/mohamed/7.0/toolchain/avr8/avr8-gnu-toolchain/bin/../lib/gcc/avr/5.4.0/avr5\libgcc.a(_divdi3.o) (__epilogue_restores__)
f:/mohamed/7.0/toolchain/avr8/avr8-gnu-toolchain/bin/../lib/gcc/avr/5.4.0/avr5\libgcc.a(_ashldi3.o)
                              APP/Calcculator.o (__ashldi3)
f:/mohamed/7.0/toolchain/avr8/avr8-gnu-toolchain/bin/../lib/gcc/avr/5.4.0/avr5\libgcc.a(_ashrdi3.o)
                              SERVICES/ADC_filer.o (__lshrdi3)
f:/mohamed/7.0/toolchain/avr8/avr8-gnu-toolchain/bin/../lib/gcc/avr/5.4.0/avr5\libgcc.a(_adddi3.o)
                              APP/Calcculator.o (__adddi3)
f:/mohamed/7.0/toolchain/avr8/avr8-gnu-toolchain/bin/../lib/gcc/avr/5.4.0/avr5\libgcc.a(_adddi3_s8.o)
                              APP/Calcculator.o (__adddi3_s8)
f:/mohamed/7.0/toolchain/avr8/avr8-gnu-toolchain/bin/../lib/gcc/avr/5.4.0/avr5\libgcc.a(_subdi3.o)
                              APP/Calcculator.o (__subdi3)
f:/mohamed/7.0/toolchain/avr8/avr8-gnu-toolchain/bin/../lib/gcc/avr/5.4.0/avr5\libgcc.a(_cmpdi2_s8.o)
                              APP/Calcculator.o (__cmpdi2_s8)
f:/mohamed/7.0/toolchain/avr8/avr8-gnu-toolchain/bin/../lib/gcc/avr/5.4.0/avr5\libgcc.a(_muldi3_6.o)
                              f:/mohamed/7.0/toolchain/avr8/avr8-gnu-toolchain/bin/../lib/gcc/avr/5.4.0/avr5\libgcc.a(_umulsidi3.o) (__muldi3_6)

Discarded input sections

 .data          0x00000000        0x0 F:/mohamed/7.0/Packs/atmel/ATmega_DFP/1.7.374/gcc/dev/atmega32/avr5/crtatmega32.o
 .bss           0x00000000        0x0 F:/mohamed/7.0/Packs/atmel/ATmega_DFP/1.7.374/gcc/dev/atmega32/avr5/crtatmega32.o
 .text          0x00000000        0x0 APP/Calcculator.o
 .data          0x00000000        0x0 APP/Calcculator.o
 .bss           0x00000000        0x0 APP/Calcculator.o
 .text.Sum      0x00000000        0xa APP/Calcculator.o
 .text.MuL      0x00000000       0x22 APP/Calcculator.o
 .text.Div      0x00000000        0xa APP/Calcculator.o
 .text.Sub      0x00000000        0xa APP/Calcculator.o
 .rodata.str1.1
                0x00000000       0x20 APP/Calcculator.o
 .text.Calculator_Init
                0x00000000       0x4a APP/Calcculator.o
 .text.reset_Cal
                0x00000000       0x46 APP/Calcculator.o
 .text.print_Calcaulator
                0x00000000      0x1c2 APP/Calcculator.o
 .text.handel_fun
                0x00000000       0x1c APP/Calcculator.o
 .text.Calculator_Rannable
                0x00000000      0x3fc APP/Calcculator.o
 .data.fun      0x00000000        0x8 APP/Calcculator.o
 .data.last_op  0x00000000        0x1 APP/Calcculator.o
 .bss.EQ_Flage  0x00000000        0x1 APP/Calcculator.o
 .data.data     0x00000000       0x1b APP/Calcculator.o
 .debug_info    0x00000000      0x621 APP/Calcculator.o
 .debug_abbrev  0x00000000      0x245 APP/Calcculator.o
 .debug_loc     0x00000000      0x3f0 APP/Calcculator.o
 .debug_aranges
                0x00000000       0x60 APP/Calcculator.o
 .debug_ranges  0x00000000       0x50 APP/Calcculator.o
 .debug_line    0x00000000      0x4b8 APP/Calcculator.o
 .debug_str     0x00000000      0x2c1 APP/Calcculator.o
 .comment       0x00000000       0x31 APP/Calcculator.o
 .debug_frame   0x00000000      0x124 APP/Calcculator.o
 .text          0x00000000        0x0 APP/Car.o
 .data          0x00000000        0x0 APP/Car.o
 .bss           0x00000000        0x0 APP/Car.o
 .text.MoveForward
                0x00000000       0x1a APP/Car.o
 .text.MoveBack
                0x00000000       0x1a APP/Car.o
 .text.MoveRight
                0x00000000       0x1a APP/Car.o
 .text.MoveLeft
                0x00000000       0x1a APP/Car.o
 .text.MoveStop
                0x00000000       0x1a APP/Car.o
 .text.CAR_Init
                0x00000000        0x2 APP/Car.o
 .text.CAR_Runnable
                0x00000000       0x46 APP/Car.o
 .debug_info    0x00000000      0x43c APP/Car.o
 .debug_abbrev  0x00000000       0xcb APP/Car.o
 .debug_aranges
                0x00000000       0x50 APP/Car.o
 .debug_ranges  0x00000000       0x40 APP/Car.o
 .debug_line    0x00000000      0x195 APP/Car.o
 .debug_str     0x00000000      0x2c2 APP/Car.o
 .comment       0x00000000       0x31 APP/Car.o
 .debug_frame   0x00000000       0x84 APP/Car.o
 .text          0x00000000        0x0 APP/CONVERTER.o
 .data          0x00000000        0x0 APP/CONVERTER.o
 .bss           0x00000000        0x0 APP/CONVERTER.o
 .text.Convert_H_D
                0x00000000       0x3c APP/CONVERTER.o
 .rodata.str1.1
                0x00000000       0x95 APP/CONVERTER.o
 .text.Chose_Convert
                0x00000000       0xf8 APP/CONVERTER.o
 .text.Convert_B_D
                0x00000000       0x50 APP/CONVERTER.o
 .text.Set_D    0x00000000       0x56 APP/CONVERTER.o
 .text.Set_H    0x00000000       0x32 APP/CONVERTER.o
 .text.Set_B    0x00000000       0x32 APP/CONVERTER.o
 .text.CONVEER_Init
                0x00000000       0x34 APP/CONVERTER.o
 .text.CONVEER_Rannable
                0x00000000       0x82 APP/CONVERTER.o
 .text.Reset_Valls
                0x00000000       0x2e APP/CONVERTER.o
 .text.Get_B    0x00000000       0xba APP/CONVERTER.o
 .text.Get_H    0x00000000      0x184 APP/CONVERTER.o
 .text.Get_D    0x00000000      0x12c APP/CONVERTER.o
 .data.sets     0x00000000        0x6 APP/CONVERTER.o
 .data.gets     0x00000000        0x6 APP/CONVERTER.o
 .data.lastnum  0x00000000        0x2 APP/CONVERTER.o
 .bss.moves     0x00000000        0x1 APP/CONVERTER.o
 .bss.flag      0x00000000        0x1 APP/CONVERTER.o
 .bss.key       0x00000000        0x1 APP/CONVERTER.o
 .bss.hex_pos   0x00000000        0x1 APP/CONVERTER.o
 .data.hex_str  0x00000000        0x3 APP/CONVERTER.o
 .data.bin_str  0x00000000        0x9 APP/CONVERTER.o
 .bss.binary_pos
                0x00000000        0x1 APP/CONVERTER.o
 .bss.num       0x00000000        0x4 APP/CONVERTER.o
 .bss.TO        0x00000000        0x1 APP/CONVERTER.o
 .bss.from      0x00000000        0x1 APP/CONVERTER.o
 .data.strings  0x00000000        0xc APP/CONVERTER.o
 .debug_info    0x00000000      0x9d6 APP/CONVERTER.o
 .debug_abbrev  0x00000000      0x290 APP/CONVERTER.o
 .debug_loc     0x00000000      0x2aa APP/CONVERTER.o
 .debug_aranges
                0x00000000       0x78 APP/CONVERTER.o
 .debug_ranges  0x00000000       0x68 APP/CONVERTER.o
 .debug_line    0x00000000      0x643 APP/CONVERTER.o
 .debug_str     0x00000000      0x318 APP/CONVERTER.o
 .comment       0x00000000       0x31 APP/CONVERTER.o
 .debug_frame   0x00000000      0x100 APP/CONVERTER.o
 .text          0x00000000        0x0 APP/fireSystem.o
 .data          0x00000000        0x0 APP/fireSystem.o
 .bss           0x00000000        0x0 APP/fireSystem.o
 .text.CompareTowPasswords
                0x00000000       0x38 APP/fireSystem.o
 .text.Temp_SensorState
                0x00000000       0x2c APP/fireSystem.o
 .rodata.str1.1
                0x00000000       0x75 APP/fireSystem.o
 .text.Smoke_state
                0x00000000       0x82 APP/fireSystem.o
 .text.LED_state
                0x00000000       0x76 APP/fireSystem.o
 .text.Print_Status_led
                0x00000000      0x104 APP/fireSystem.o
 .text.PasswordCheck
                0x00000000       0x90 APP/fireSystem.o
 .text.fireSystem_Init
                0x00000000        0x2 APP/fireSystem.o
 .text.fireSystem_Runnable
                0x00000000       0x6c APP/fireSystem.o
 .bss.temp_Password.1951
                0x00000000       0x14 APP/fireSystem.o
 .bss.pos.1952  0x00000000        0x1 APP/fireSystem.o
 .bss.unreverseFLAG
                0x00000000        0x1 APP/fireSystem.o
 .bss.temp_read
                0x00000000        0x2 APP/fireSystem.o
 .bss.TempState
                0x00000000        0x1 APP/fireSystem.o
 .data.Password
                0x00000000       0x14 APP/fireSystem.o
 .data.pass_state
                0x00000000        0x1 APP/fireSystem.o
 .debug_info    0x00000000      0x8de APP/fireSystem.o
 .debug_abbrev  0x00000000      0x1bf APP/fireSystem.o
 .debug_loc     0x00000000      0x1c7 APP/fireSystem.o
 .debug_aranges
                0x00000000       0x58 APP/fireSystem.o
 .debug_ranges  0x00000000       0x60 APP/fireSystem.o
 .debug_line    0x00000000      0x3c2 APP/fireSystem.o
 .debug_str     0x00000000      0x418 APP/fireSystem.o
 .comment       0x00000000       0x31 APP/fireSystem.o
 .debug_frame   0x00000000       0xdc APP/fireSystem.o
 .text          0x00000000        0x0 APP/StopWatch.o
 .data          0x00000000        0x0 APP/StopWatch.o
 .bss           0x00000000        0x0 APP/StopWatch.o
 .text.StopWatch_Init
                0x00000000        0x2 APP/StopWatch.o
 .text.StopWatch_Rannable
                0x00000000      0x366 APP/StopWatch.o
 .rodata.str1.1
                0x00000000       0x32 APP/StopWatch.o
 .text.StopWatch_Rannable_Seg
                0x00000000      0x358 APP/StopWatch.o
 .bss.B2_Flage  0x00000000        0x1 APP/StopWatch.o
 .bss.B1_Flage  0x00000000        0x1 APP/StopWatch.o
 .bss.mode      0x00000000        0x1 APP/StopWatch.o
 .data.Start    0x00000000        0x1 APP/StopWatch.o
 .data.FStart   0x00000000        0x1 APP/StopWatch.o
 .debug_info    0x00000000      0xfc1 APP/StopWatch.o
 .debug_abbrev  0x00000000      0x181 APP/StopWatch.o
 .debug_loc     0x00000000      0x8e0 APP/StopWatch.o
 .debug_aranges
                0x00000000       0x30 APP/StopWatch.o
 .debug_ranges  0x00000000       0x50 APP/StopWatch.o
 .debug_line    0x00000000      0x744 APP/StopWatch.o
 .debug_str     0x00000000      0x39f APP/StopWatch.o
 .comment       0x00000000       0x31 APP/StopWatch.o
 .debug_frame   0x00000000       0x64 APP/StopWatch.o
 .text          0x00000000        0x0 CONF/DIO_Cfgc.o
 .data          0x00000000        0x0 CONF/DIO_Cfgc.o
 .bss           0x00000000        0x0 CONF/DIO_Cfgc.o
 .text          0x00000000        0x0 HAL/Button.o
 .data          0x00000000        0x0 HAL/Button.o
 .bss           0x00000000        0x0 HAL/Button.o
 .text.BUTTON_Init
                0x00000000        0x2 HAL/Button.o
 .text.BUTTON_Status2
                0x00000000      0x264 HAL/Button.o
 .text.BUTTON_Status
                0x00000000       0x8e HAL/Button.o
 .debug_info    0x00000000      0x277 HAL/Button.o
 .debug_abbrev  0x00000000       0xe6 HAL/Button.o
 .debug_loc     0x00000000      0x426 HAL/Button.o
 .debug_aranges
                0x00000000       0x30 HAL/Button.o
 .debug_ranges  0x00000000       0x20 HAL/Button.o
 .debug_line    0x00000000      0x25c HAL/Button.o
 .debug_str     0x00000000      0x2ac HAL/Button.o
 .comment       0x00000000       0x31 HAL/Button.o
 .debug_frame   0x00000000       0x44 HAL/Button.o
 .text          0x00000000        0x0 HAL/keybad.o
 .data          0x00000000        0x0 HAL/keybad.o
 .bss           0x00000000        0x0 HAL/keybad.o
 .text.KEY_Init
                0x00000000       0x26 HAL/keybad.o
 .text.KEY_Read_ch
                0x00000000       0x94 HAL/keybad.o
 .rodata.keys_ret
                0x00000000       0x10 HAL/keybad.o
 .rodata.intrerface
                0x00000000        0x8 HAL/keybad.o
 .debug_info    0x00000000      0x318 HAL/keybad.o
 .debug_abbrev  0x00000000      0x121 HAL/keybad.o
 .debug_loc     0x00000000      0x142 HAL/keybad.o
 .debug_aranges
                0x00000000       0x28 HAL/keybad.o
 .debug_ranges  0x00000000       0x30 HAL/keybad.o
 .debug_line    0x00000000      0x140 HAL/keybad.o
 .debug_str     0x00000000      0x2a3 HAL/keybad.o
 .comment       0x00000000       0x31 HAL/keybad.o
 .debug_frame   0x00000000       0x64 HAL/keybad.o
 .text          0x00000000        0x0 HAL/LCD.o
 .data          0x00000000        0x0 HAL/LCD.o
 .bss           0x00000000        0x0 HAL/LCD.o
 .text.LCD_Clear
                0x00000000       0x14 HAL/LCD.o
 .text.LCD_SetFiguer
                0x00000000       0x44 HAL/LCD.o
 .text.LCD_WriteBinary
                0x00000000       0x3c HAL/LCD.o
 .text.LCD_WriteHex
                0x00000000       0x52 HAL/LCD.o
 .text.LCD_Reuse
                0x00000000       0x52 HAL/LCD.o
 .text.Draw_LCD_Circ
                0x00000000       0x86 HAL/LCD.o
 .text.fun_SHuman_dead
                0x00000000      0x10e HAL/LCD.o
 .rodata        0x00000000       0x32 HAL/LCD.o
 .text.LCD_WriteNumber2
                0x00000000      0x10c HAL/LCD.o
 .text          0x00000000        0x0 HAL/Motor.o
 .data          0x00000000        0x0 HAL/Motor.o
 .bss           0x00000000        0x0 HAL/Motor.o
 .text.MOTOR_Init
                0x00000000        0x2 HAL/Motor.o
 .text.MOTOR_Stop
                0x00000000       0x2c HAL/Motor.o
 .text.MOTOR_CW
                0x00000000       0x2c HAL/Motor.o
 .text.MOTOR_CCW
                0x00000000       0x2c HAL/Motor.o
 .data.MotorPinsArray2
                0x00000000        0xc HAL/Motor.o
 .data.MotorPinsArray
                0x00000000        0xc HAL/Motor.o
 .debug_info    0x00000000      0x320 HAL/Motor.o
 .debug_abbrev  0x00000000      0x105 HAL/Motor.o
 .debug_loc     0x00000000       0xf0 HAL/Motor.o
 .debug_aranges
                0x00000000       0x38 HAL/Motor.o
 .debug_ranges  0x00000000       0x28 HAL/Motor.o
 .debug_line    0x00000000       0xef HAL/Motor.o
 .debug_str     0x00000000      0x2cf HAL/Motor.o
 .comment       0x00000000       0x31 HAL/Motor.o
 .debug_frame   0x00000000       0x78 HAL/Motor.o
 .text          0x00000000        0x0 HAL/SEVEN_SEG.o
 .data          0x00000000        0x0 HAL/SEVEN_SEG.o
 .bss           0x00000000        0x0 HAL/SEVEN_SEG.o
 .rodata        0x00000000        0xa HAL/SEVEN_SEG.o
 .text.segment_display_8DIG
                0x00000000       0x98 HAL/SEVEN_SEG.o
 .text.segment_display
                0x00000000       0x7e HAL/SEVEN_SEG.o
 .text.segment_display_hex
                0x00000000       0x64 HAL/SEVEN_SEG.o
 .text.segment_display_BCD
                0x00000000       0x3a HAL/SEVEN_SEG.o
 .text.segment_display_KIT
                0x00000000       0xa6 HAL/SEVEN_SEG.o
 .text.StringFill
                0x00000000       0x36 HAL/SEVEN_SEG.o
 .debug_info    0x00000000      0x337 HAL/SEVEN_SEG.o
 .debug_abbrev  0x00000000      0x171 HAL/SEVEN_SEG.o
 .debug_loc     0x00000000      0x3b0 HAL/SEVEN_SEG.o
 .debug_aranges
                0x00000000       0x48 HAL/SEVEN_SEG.o
 .debug_ranges  0x00000000       0x38 HAL/SEVEN_SEG.o
 .debug_line    0x00000000      0x225 HAL/SEVEN_SEG.o
 .debug_str     0x00000000      0x235 HAL/SEVEN_SEG.o
 .comment       0x00000000       0x31 HAL/SEVEN_SEG.o
 .debug_frame   0x00000000       0xb4 HAL/SEVEN_SEG.o
 .text          0x00000000        0x0 HAL/tempSensor.o
 .data          0x00000000        0x0 HAL/tempSensor.o
 .bss           0x00000000        0x0 HAL/tempSensor.o
 .text.tempSensor_Init
                0x00000000        0x2 HAL/tempSensor.o
 .text.tempSensor_Read
                0x00000000       0x1e HAL/tempSensor.o
 .text.Maping   0x00000000       0x9a HAL/tempSensor.o
 .text.tempSensor_Read2
                0x00000000       0x66 HAL/tempSensor.o
 .debug_info    0x00000000      0x24c HAL/tempSensor.o
 .debug_abbrev  0x00000000      0x11c HAL/tempSensor.o
 .debug_loc     0x00000000      0x327 HAL/tempSensor.o
 .debug_aranges
                0x00000000       0x38 HAL/tempSensor.o
 .debug_ranges  0x00000000       0x28 HAL/tempSensor.o
 .debug_line    0x00000000       0xc9 HAL/tempSensor.o
 .debug_str     0x00000000      0x202 HAL/tempSensor.o
 .comment       0x00000000       0x31 HAL/tempSensor.o
 .debug_frame   0x00000000       0xd8 HAL/tempSensor.o
 .text          0x00000000        0x0 main.o
 .data          0x00000000        0x0 main.o
 .bss           0x00000000        0x0 main.o
 .text          0x00000000        0x0 MCAL/ADC.o
 .data          0x00000000        0x0 MCAL/ADC.o
 .bss           0x00000000        0x0 MCAL/ADC.o
 .text.ADC_Sellect_CH
                0x00000000       0x10 MCAL/ADC.o
 .text.ADC_Read_MV
                0x00000000       0x1e MCAL/ADC.o
 .text.ADC_Interrup_enable
                0x00000000        0x8 MCAL/ADC.o
 .text.ADC_Interrup_Disable
                0x00000000        0x8 MCAL/ADC.o
 .text.ADC_Interrup_Callback
                0x00000000        0x2 MCAL/ADC.o
 .text.ADC_Getter
                0x00000000        0xa MCAL/ADC.o
 .bss.ADC_data  0x00000000        0x2 MCAL/ADC.o
 .text          0x00000000        0x0 MCAL/DIO.o
 .data          0x00000000        0x0 MCAL/DIO.o
 .bss           0x00000000        0x0 MCAL/DIO.o
 .text.DIO_WritePin2
                0x00000000       0xe0 MCAL/DIO.o
 .text.DIO_ReadPin
                0x00000000       0x70 MCAL/DIO.o
 .text.DIO_TogglePin
                0x00000000       0x82 MCAL/DIO.o
 .text.DIO_ReadPin2
                0x00000000       0x5c MCAL/DIO.o
 .text.DIO_WritePort
                0x00000000       0x20 MCAL/DIO.o
 .text.DIO_ReadPort
                0x00000000       0x24 MCAL/DIO.o
 .text          0x00000000        0x0 MCAL/UART.o
 .data          0x00000000        0x0 MCAL/UART.o
 .bss           0x00000000        0x0 MCAL/UART.o
 .text.UART_SendPacket
                0x00000000        0x8 MCAL/UART.o
 .text.UART_SendString
                0x00000000       0x26 MCAL/UART.o
 .text.UART_RecivePacket
                0x00000000        0xc MCAL/UART.o
 .text.UART_RecivePacket2
                0x00000000        0xa MCAL/UART.o
 .text.UART_InterruptEnable
                0x00000000        0x8 MCAL/UART.o
 .text.UART_InterruptDisEnable
                0x00000000        0x8 MCAL/UART.o
 .text          0x00000000        0x0 SERVICES/ADC_filer.o
 .data          0x00000000        0x0 SERVICES/ADC_filer.o
 .bss           0x00000000        0x0 SERVICES/ADC_filer.o
 .text          0x00000000        0x0 SERVICES/ADC_SERVICE.o
 .data          0x00000000        0x0 SERVICES/ADC_SERVICE.o
 .bss           0x00000000        0x0 SERVICES/ADC_SERVICE.o
 .text.IsEmpty  0x00000000       0x20 SERVICES/ADC_SERVICE.o
 .text.DeQueue_ADC
                0x00000000       0x58 SERVICES/ADC_SERVICE.o
 .text          0x00000000        0x0 f:/mohamed/7.0/toolchain/avr8/avr8-gnu-toolchain/bin/../lib/gcc/avr/5.4.0/avr5\libgcc.a(_mulsi3.o)
 .data          0x00000000        0x0 f:/mohamed/7.0/toolchain/avr8/avr8-gnu-toolchain/bin/../lib/gcc/avr/5.4.0/avr5\libgcc.a(_mulsi3.o)
 .bss           0x00000000        0x0 f:/mohamed/7.0/toolchain/avr8/avr8-gnu-toolchain/bin/../lib/gcc/avr/5.4.0/avr5\libgcc.a(_mulsi3.o)
 .text.libgcc.mul
                0x00000000       0x20 f:/mohamed/7.0/toolchain/avr8/avr8-gnu-toolchain/bin/../lib/gcc/avr/5.4.0/avr5\libgcc.a(_mulsi3.o)
 .text.libgcc.div
                0x00000000        0x0 f:/mohamed/7.0/toolchain/avr8/avr8-gnu-toolchain/bin/../lib/gcc/avr/5.4.0/avr5\libgcc.a(_mulsi3.o)
 .text.libgcc   0x00000000        0x0 f:/mohamed/7.0/toolchain/avr8/avr8-gnu-toolchain/bin/../lib/gcc/avr/5.4.0/avr5\libgcc.a(_mulsi3.o)
 .text.libgcc.prologue
                0x00000000        0x0 f:/mohamed/7.0/toolchain/avr8/avr8-gnu-toolchain/bin/../lib/gcc/avr/5.4.0/avr5\libgcc.a(_mulsi3.o)
 .text.libgcc.builtins
                0x00000000        0x0 f:/mohamed/7.0/toolchain/avr8/avr8-gnu-toolchain/bin/../lib/gcc/avr/5.4.0/avr5\libgcc.a(_mulsi3.o)
 .text.libgcc.fmul
                0x00000000        0x0 f:/mohamed/7.0/toolchain/avr8/avr8-gnu-toolchain/bin/../lib/gcc/avr/5.4.0/avr5\libgcc.a(_mulsi3.o)
 .text.libgcc.fixed
                0x00000000        0x0 f:/mohamed/7.0/toolchain/avr8/avr8-gnu-toolchain/bin/../lib/gcc/avr/5.4.0/avr5\libgcc.a(_mulsi3.o)
 .text          0x00000000        0x0 f:/mohamed/7.0/toolchain/avr8/avr8-gnu-toolchain/bin/../lib/gcc/avr/5.4.0/avr5\libgcc.a(_udivmodsi4.o)
 .data          0x00000000        0x0 f:/mohamed/7.0/toolchain/avr8/avr8-gnu-toolchain/bin/../lib/gcc/avr/5.4.0/avr5\libgcc.a(_udivmodsi4.o)
 .bss           0x00000000        0x0 f:/mohamed/7.0/toolchain/avr8/avr8-gnu-toolchain/bin/../lib/gcc/avr/5.4.0/avr5\libgcc.a(_udivmodsi4.o)
 .text.libgcc.mul
                0x00000000        0x0 f:/mohamed/7.0/toolchain/avr8/avr8-gnu-toolchain/bin/../lib/gcc/avr/5.4.0/avr5\libgcc.a(_udivmodsi4.o)
 .text.libgcc.div
                0x00000000       0x44 f:/mohamed/7.0/toolchain/avr8/avr8-gnu-toolchain/bin/../lib/gcc/avr/5.4.0/avr5\libgcc.a(_udivmodsi4.o)
 .text.libgcc   0x00000000        0x0 f:/mohamed/7.0/toolchain/avr8/avr8-gnu-toolchain/bin/../lib/gcc/avr/5.4.0/avr5\libgcc.a(_udivmodsi4.o)
 .text.libgcc.prologue
                0x00000000        0x0 f:/mohamed/7.0/toolchain/avr8/avr8-gnu-toolchain/bin/../lib/gcc/avr/5.4.0/avr5\libgcc.a(_udivmodsi4.o)
 .text.libgcc.builtins
                0x00000000        0x0 f:/mohamed/7.0/toolchain/avr8/avr8-gnu-toolchain/bin/../lib/gcc/avr/5.4.0/avr5\libgcc.a(_udivmodsi4.o)
 .text.libgcc.fmul
                0x00000000        0x0 f:/mohamed/7.0/toolchain/avr8/avr8-gnu-toolchain/bin/../lib/gcc/avr/5.4.0/avr5\libgcc.a(_udivmodsi4.o)
 .text.libgcc.fixed
                0x00000000        0x0 f:/mohamed/7.0/toolchain/avr8/avr8-gnu-toolchain/bin/../lib/gcc/avr/5.4.0/avr5\libgcc.a(_udivmodsi4.o)
 .text          0x00000000        0x0 f:/mohamed/7.0/toolchain/avr8/avr8-gnu-toolchain/bin/../lib/gcc/avr/5.4.0/avr5\libgcc.a(_divmodsi4.o)
 .data          0x00000000        0x0 f:/mohamed/7.0/toolchain/avr8/avr8-gnu-toolchain/bin/../lib/gcc/avr/5.4.0/avr5\libgcc.a(_divmodsi4.o)
 .bss           0x00000000        0x0 f:/mohamed/7.0/toolchain/avr8/avr8-gnu-toolchain/bin/../lib/gcc/avr/5.4.0/avr5\libgcc.a(_divmodsi4.o)
 .text.libgcc.mul
                0x00000000        0x0 f:/mohamed/7.0/toolchain/avr8/avr8-gnu-toolchain/bin/../lib/gcc/avr/5.4.0/avr5\libgcc.a(_divmodsi4.o)
 .text.libgcc.div
                0x00000000       0x2e f:/mohamed/7.0/toolchain/avr8/avr8-gnu-toolchain/bin/../lib/gcc/avr/5.4.0/avr5\libgcc.a(_divmodsi4.o)
 .text.libgcc   0x00000000        0x0 f:/mohamed/7.0/toolchain/avr8/avr8-gnu-toolchain/bin/../lib/gcc/avr/5.4.0/avr5\libgcc.a(_divmodsi4.o)
 .text.libgcc.prologue
                0x00000000        0x0 f:/mohamed/7.0/toolchain/avr8/avr8-gnu-toolchain/bin/../lib/gcc/avr/5.4.0/avr5\libgcc.a(_divmodsi4.o)
 .text.libgcc.builtins
                0x00000000        0x0 f:/mohamed/7.0/toolchain/avr8/avr8-gnu-toolchain/bin/../lib/gcc/avr/5.4.0/avr5\libgcc.a(_divmodsi4.o)
 .text.libgcc.fmul
                0x00000000        0x0 f:/mohamed/7.0/toolchain/avr8/avr8-gnu-toolchain/bin/../lib/gcc/avr/5.4.0/avr5\libgcc.a(_divmodsi4.o)
 .text.libgcc.fixed
                0x00000000        0x0 f:/mohamed/7.0/toolchain/avr8/avr8-gnu-toolchain/bin/../lib/gcc/avr/5.4.0/avr5\libgcc.a(_divmodsi4.o)
 .text          0x00000000        0x0 f:/mohamed/7.0/toolchain/avr8/avr8-gnu-toolchain/bin/../lib/gcc/avr/5.4.0/avr5\libgcc.a(_negsi2.o)
 .data          0x00000000        0x0 f:/mohamed/7.0/toolchain/avr8/avr8-gnu-toolchain/bin/../lib/gcc/avr/5.4.0/avr5\libgcc.a(_negsi2.o)
 .bss           0x00000000        0x0 f:/mohamed/7.0/toolchain/avr8/avr8-gnu-toolchain/bin/../lib/gcc/avr/5.4.0/avr5\libgcc.a(_negsi2.o)
 .text.libgcc.mul
                0x00000000        0x0 f:/mohamed/7.0/toolchain/avr8/avr8-gnu-toolchain/bin/../lib/gcc/avr/5.4.0/avr5\libgcc.a(_negsi2.o)
 .text.libgcc.div
                0x00000000       0x10 f:/mohamed/7.0/toolchain/avr8/avr8-gnu-toolchain/bin/../lib/gcc/avr/5.4.0/avr5\libgcc.a(_negsi2.o)
 .text.libgcc   0x00000000        0x0 f:/mohamed/7.0/toolchain/avr8/avr8-gnu-toolchain/bin/../lib/gcc/avr/5.4.0/avr5\libgcc.a(_negsi2.o)
 .text.libgcc.prologue
                0x00000000        0x0 f:/mohamed/7.0/toolchain/avr8/avr8-gnu-toolchain/bin/../lib/gcc/avr/5.4.0/avr5\libgcc.a(_negsi2.o)
 .text.libgcc.builtins
                0x00000000        0x0 f:/mohamed/7.0/toolchain/avr8/avr8-gnu-toolchain/bin/../lib/gcc/avr/5.4.0/avr5\libgcc.a(_negsi2.o)
 .text.libgcc.fmul
                0x00000000        0x0 f:/mohamed/7.0/toolchain/avr8/avr8-gnu-toolchain/bin/../lib/gcc/avr/5.4.0/avr5\libgcc.a(_negsi2.o)
 .text.libgcc.fixed
                0x00000000        0x0 f:/mohamed/7.0/toolchain/avr8/avr8-gnu-toolchain/bin/../lib/gcc/avr/5.4.0/avr5\libgcc.a(_negsi2.o)
 .text          0x00000000        0x0 f:/mohamed/7.0/toolchain/avr8/avr8-gnu-toolchain/bin/../lib/gcc/avr/5.4.0/avr5\libgcc.a(_exit.o)
 .data          0x00000000        0x0 f:/mohamed/7.0/toolchain/avr8/avr8-gnu-toolchain/bin/../lib/gcc/avr/5.4.0/avr5\libgcc.a(_exit.o)
 .bss           0x00000000        0x0 f:/mohamed/7.0/toolchain/avr8/avr8-gnu-toolchain/bin/../lib/gcc/avr/5.4.0/avr5\libgcc.a(_exit.o)
 .text.libgcc.mul
                0x00000000        0x0 f:/mohamed/7.0/toolchain/avr8/avr8-gnu-toolchain/bin/../lib/gcc/avr/5.4.0/avr5\libgcc.a(_exit.o)
 .text.libgcc.div
                0x00000000        0x0 f:/mohamed/7.0/toolchain/avr8/avr8-gnu-toolchain/bin/../lib/gcc/avr/5.4.0/avr5\libgcc.a(_exit.o)
 .text.libgcc   0x00000000        0x0 f:/mohamed/7.0/toolchain/avr8/avr8-gnu-toolchain/bin/../lib/gcc/avr/5.4.0/avr5\libgcc.a(_exit.o)
 .text.libgcc.prologue
                0x00000000        0x0 f:/mohamed/7.0/toolchain/avr8/avr8-gnu-toolchain/bin/../lib/gcc/avr/5.4.0/avr5\libgcc.a(_exit.o)
 .text.libgcc.builtins
                0x00000000        0x0 f:/mohamed/7.0/toolchain/avr8/avr8-gnu-toolchain/bin/../lib/gcc/avr/5.4.0/avr5\libgcc.a(_exit.o)
 .text.libgcc.fmul
                0x00000000        0x0 f:/mohamed/7.0/toolchain/avr8/avr8-gnu-toolchain/bin/../lib/gcc/avr/5.4.0/avr5\libgcc.a(_exit.o)
 .text.libgcc.fixed
                0x00000000        0x0 f:/mohamed/7.0/toolchain/avr8/avr8-gnu-toolchain/bin/../lib/gcc/avr/5.4.0/avr5\libgcc.a(_exit.o)
 .text          0x00000000        0x0 f:/mohamed/7.0/toolchain/avr8/avr8-gnu-toolchain/bin/../lib/gcc/avr/5.4.0/avr5\libgcc.a(_copy_data.o)
 .data          0x00000000        0x0 f:/mohamed/7.0/toolchain/avr8/avr8-gnu-toolchain/bin/../lib/gcc/avr/5.4.0/avr5\libgcc.a(_copy_data.o)
 .bss           0x00000000        0x0 f:/mohamed/7.0/toolchain/avr8/avr8-gnu-toolchain/bin/../lib/gcc/avr/5.4.0/avr5\libgcc.a(_copy_data.o)
 .text.libgcc.mul
                0x00000000        0x0 f:/mohamed/7.0/toolchain/avr8/avr8-gnu-toolchain/bin/../lib/gcc/avr/5.4.0/avr5\libgcc.a(_copy_data.o)
 .text.libgcc.div
                0x00000000        0x0 f:/mohamed/7.0/toolchain/avr8/avr8-gnu-toolchain/bin/../lib/gcc/avr/5.4.0/avr5\libgcc.a(_copy_data.o)
 .text.libgcc   0x00000000        0x0 f:/mohamed/7.0/toolchain/avr8/avr8-gnu-toolchain/bin/../lib/gcc/avr/5.4.0/avr5\libgcc.a(_copy_data.o)
 .text.libgcc.prologue
                0x00000000        0x0 f:/mohamed/7.0/toolchain/avr8/avr8-gnu-toolchain/bin/../lib/gcc/avr/5.4.0/avr5\libgcc.a(_copy_data.o)
 .text.libgcc.builtins
                0x00000000        0x0 f:/mohamed/7.0/toolchain/avr8/avr8-gnu-toolchain/bin/../lib/gcc/avr/5.4.0/avr5\libgcc.a(_copy_data.o)
 .text.libgcc.fmul
                0x00000000        0x0 f:/mohamed/7.0/toolchain/avr8/avr8-gnu-toolchain/bin/../lib/gcc/avr/5.4.0/avr5\libgcc.a(_copy_data.o)
 .text.libgcc.fixed
                0x00000000        0x0 f:/mohamed/7.0/toolchain/avr8/avr8-gnu-toolchain/bin/../lib/gcc/avr/5.4.0/avr5\libgcc.a(_copy_data.o)
 .text          0x00000000        0x0 f:/mohamed/7.0/toolchain/avr8/avr8-gnu-toolchain/bin/../lib/gcc/avr/5.4.0/avr5\libgcc.a(_clear_bss.o)
 .data          0x00000000        0x0 f:/mohamed/7.0/toolchain/avr8/avr8-gnu-toolchain/bin/../lib/gcc/avr/5.4.0/avr5\libgcc.a(_clear_bss.o)
 .bss           0x00000000        0x0 f:/mohamed/7.0/toolchain/avr8/avr8-gnu-toolchain/bin/../lib/gcc/avr/5.4.0/avr5\libgcc.a(_clear_bss.o)
 .text.libgcc.mul
                0x00000000        0x0 f:/mohamed/7.0/toolchain/avr8/avr8-gnu-toolchain/bin/../lib/gcc/avr/5.4.0/avr5\libgcc.a(_clear_bss.o)
 .text.libgcc.div
                0x00000000        0x0 f:/mohamed/7.0/toolchain/avr8/avr8-gnu-toolchain/bin/../lib/gcc/avr/5.4.0/avr5\libgcc.a(_clear_bss.o)
 .text.libgcc   0x00000000        0x0 f:/mohamed/7.0/toolchain/avr8/avr8-gnu-toolchain/bin/../lib/gcc/avr/5.4.0/avr5\libgcc.a(_clear_bss.o)
 .text.libgcc.prologue
                0x00000000        0x0 f:/mohamed/7.0/toolchain/avr8/avr8-gnu-toolchain/bin/../lib/gcc/avr/5.4.0/avr5\libgcc.a(_clear_bss.o)
 .text.libgcc.builtins
                0x00000000        0x0 f:/mohamed/7.0/toolchain/avr8/avr8-gnu-toolchain/bin/../lib/gcc/avr/5.4.0/avr5\libgcc.a(_clear_bss.o)
 .text.libgcc.fmul
                0x00000000        0x0 f:/mohamed/7.0/toolchain/avr8/avr8-gnu-toolchain/bin/../lib/gcc/avr/5.4.0/avr5\libgcc.a(_clear_bss.o)
 .text.libgcc.fixed
                0x00000000        0x0 f:/mohamed/7.0/toolchain/avr8/avr8-gnu-toolchain/bin/../lib/gcc/avr/5.4.0/avr5\libgcc.a(_clear_bss.o)
 .text          0x00000000        0x0 f:/mohamed/7.0/toolchain/avr8/avr8-gnu-toolchain/bin/../lib/gcc/avr/5.4.0/avr5\libgcc.a(_umulhisi3.o)
 .data          0x00000000        0x0 f:/mohamed/7.0/toolchain/avr8/avr8-gnu-toolchain/bin/../lib/gcc/avr/5.4.0/avr5\libgcc.a(_umulhisi3.o)
 .bss           0x00000000        0x0 f:/mohamed/7.0/toolchain/avr8/avr8-gnu-toolchain/bin/../lib/gcc/avr/5.4.0/avr5\libgcc.a(_umulhisi3.o)
 .text.libgcc.div
                0x00000000        0x0 f:/mohamed/7.0/toolchain/avr8/avr8-gnu-toolchain/bin/../lib/gcc/avr/5.4.0/avr5\libgcc.a(_umulhisi3.o)
 .text.libgcc   0x00000000        0x0 f:/mohamed/7.0/toolchain/avr8/avr8-gnu-toolchain/bin/../lib/gcc/avr/5.4.0/avr5\libgcc.a(_umulhisi3.o)
 .text.libgcc.prologue
                0x00000000        0x0 f:/mohamed/7.0/toolchain/avr8/avr8-gnu-toolchain/bin/../lib/gcc/avr/5.4.0/avr5\libgcc.a(_umulhisi3.o)
 .text.libgcc.builtins
                0x00000000        0x0 f:/mohamed/7.0/toolchain/avr8/avr8-gnu-toolchain/bin/../lib/gcc/avr/5.4.0/avr5\libgcc.a(_umulhisi3.o)
 .text.libgcc.fmul
                0x00000000        0x0 f:/mohamed/7.0/toolchain/avr8/avr8-gnu-toolchain/bin/../lib/gcc/avr/5.4.0/avr5\libgcc.a(_umulhisi3.o)
 .text.libgcc.fixed
                0x00000000        0x0 f:/mohamed/7.0/toolchain/avr8/avr8-gnu-toolchain/bin/../lib/gcc/avr/5.4.0/avr5\libgcc.a(_umulhisi3.o)
 .text          0x00000000        0x0 f:/mohamed/7.0/toolchain/avr8/avr8-gnu-toolchain/bin/../lib/gcc/avr/5.4.0/avr5\libgcc.a(_muluhisi3.o)
 .data          0x00000000        0x0 f:/mohamed/7.0/toolchain/avr8/avr8-gnu-toolchain/bin/../lib/gcc/avr/5.4.0/avr5\libgcc.a(_muluhisi3.o)
 .bss           0x00000000        0x0 f:/mohamed/7.0/toolchain/avr8/avr8-gnu-toolchain/bin/../lib/gcc/avr/5.4.0/avr5\libgcc.a(_muluhisi3.o)
 .text.libgcc.mul
                0x00000000       0x16 f:/mohamed/7.0/toolchain/avr8/avr8-gnu-toolchain/bin/../lib/gcc/avr/5.4.0/avr5\libgcc.a(_muluhisi3.o)
 .text.libgcc.div
                0x00000000        0x0 f:/mohamed/7.0/toolchain/avr8/avr8-gnu-toolchain/bin/../lib/gcc/avr/5.4.0/avr5\libgcc.a(_muluhisi3.o)
 .text.libgcc   0x00000000        0x0 f:/mohamed/7.0/toolchain/avr8/avr8-gnu-toolchain/bin/../lib/gcc/avr/5.4.0/avr5\libgcc.a(_muluhisi3.o)
 .text.libgcc.prologue
                0x00000000        0x0 f:/mohamed/7.0/toolchain/avr8/avr8-gnu-toolchain/bin/../lib/gcc/avr/5.4.0/avr5\libgcc.a(_muluhisi3.o)
 .text.libgcc.builtins
                0x00000000        0x0 f:/mohamed/7.0/toolchain/avr8/avr8-gnu-toolchain/bin/../lib/gcc/avr/5.4.0/avr5\libgcc.a(_muluhisi3.o)
 .text.libgcc.fmul
                0x00000000        0x0 f:/mohamed/7.0/toolchain/avr8/avr8-gnu-toolchain/bin/../lib/gcc/avr/5.4.0/avr5\libgcc.a(_muluhisi3.o)
 .text.libgcc.fixed
                0x00000000        0x0 f:/mohamed/7.0/toolchain/avr8/avr8-gnu-toolchain/bin/../lib/gcc/avr/5.4.0/avr5\libgcc.a(_muluhisi3.o)
 .text          0x00000000        0x0 f:/mohamed/7.0/toolchain/avr8/avr8-gnu-toolchain/bin/../lib/gcc/avr/5.4.0/avr5\libgcc.a(_umulsidi3.o)
 .data          0x00000000        0x0 f:/mohamed/7.0/toolchain/avr8/avr8-gnu-toolchain/bin/../lib/gcc/avr/5.4.0/avr5\libgcc.a(_umulsidi3.o)
 .bss           0x00000000        0x0 f:/mohamed/7.0/toolchain/avr8/avr8-gnu-toolchain/bin/../lib/gcc/avr/5.4.0/avr5\libgcc.a(_umulsidi3.o)
 .text.libgcc.div
                0x00000000        0x0 f:/mohamed/7.0/toolchain/avr8/avr8-gnu-toolchain/bin/../lib/gcc/avr/5.4.0/avr5\libgcc.a(_umulsidi3.o)
 .text.libgcc   0x00000000        0x0 f:/mohamed/7.0/toolchain/avr8/avr8-gnu-toolchain/bin/../lib/gcc/avr/5.4.0/avr5\libgcc.a(_umulsidi3.o)
 .text.libgcc.prologue
                0x00000000        0x0 f:/mohamed/7.0/toolchain/avr8/avr8-gnu-toolchain/bin/../lib/gcc/avr/5.4.0/avr5\libgcc.a(_umulsidi3.o)
 .text.libgcc.builtins
                0x00000000        0x0 f:/mohamed/7.0/toolchain/avr8/avr8-gnu-toolchain/bin/../lib/gcc/avr/5.4.0/avr5\libgcc.a(_umulsidi3.o)
 .text.libgcc.fmul
                0x00000000        0x0 f:/mohamed/7.0/toolchain/avr8/avr8-gnu-toolchain/bin/../lib/gcc/avr/5.4.0/avr5\libgcc.a(_umulsidi3.o)
 .text.libgcc.fixed
                0x00000000        0x0 f:/mohamed/7.0/toolchain/avr8/avr8-gnu-toolchain/bin/../lib/gcc/avr/5.4.0/avr5\libgcc.a(_umulsidi3.o)
 .text          0x00000000        0x0 f:/mohamed/7.0/toolchain/avr8/avr8-gnu-toolchain/bin/../lib/gcc/avr/5.4.0/avr5\libgcc.a(_divdi3.o)
 .data          0x00000000        0x0 f:/mohamed/7.0/toolchain/avr8/avr8-gnu-toolchain/bin/../lib/gcc/avr/5.4.0/avr5\libgcc.a(_divdi3.o)
 .bss           0x00000000        0x0 f:/mohamed/7.0/toolchain/avr8/avr8-gnu-toolchain/bin/../lib/gcc/avr/5.4.0/avr5\libgcc.a(_divdi3.o)
 .text.libgcc.mul
                0x00000000        0x0 f:/mohamed/7.0/toolchain/avr8/avr8-gnu-toolchain/bin/../lib/gcc/avr/5.4.0/avr5\libgcc.a(_divdi3.o)
 .text.libgcc   0x00000000        0x0 f:/mohamed/7.0/toolchain/avr8/avr8-gnu-toolchain/bin/../lib/gcc/avr/5.4.0/avr5\libgcc.a(_divdi3.o)
 .text.libgcc.prologue
                0x00000000        0x0 f:/mohamed/7.0/toolchain/avr8/avr8-gnu-toolchain/bin/../lib/gcc/avr/5.4.0/avr5\libgcc.a(_divdi3.o)
 .text.libgcc.builtins
                0x00000000        0x0 f:/mohamed/7.0/toolchain/avr8/avr8-gnu-toolchain/bin/../lib/gcc/avr/5.4.0/avr5\libgcc.a(_divdi3.o)
 .text.libgcc.fmul
                0x00000000        0x0 f:/mohamed/7.0/toolchain/avr8/avr8-gnu-toolchain/bin/../lib/gcc/avr/5.4.0/avr5\libgcc.a(_divdi3.o)
 .text.libgcc.fixed
                0x00000000        0x0 f:/mohamed/7.0/toolchain/avr8/avr8-gnu-toolchain/bin/../lib/gcc/avr/5.4.0/avr5\libgcc.a(_divdi3.o)
 .text          0x00000000        0x0 f:/mohamed/7.0/toolchain/avr8/avr8-gnu-toolchain/bin/../lib/gcc/avr/5.4.0/avr5\libgcc.a(_udivdi3.o)
 .data          0x00000000        0x0 f:/mohamed/7.0/toolchain/avr8/avr8-gnu-toolchain/bin/../lib/gcc/avr/5.4.0/avr5\libgcc.a(_udivdi3.o)
 .bss           0x00000000        0x0 f:/mohamed/7.0/toolchain/avr8/avr8-gnu-toolchain/bin/../lib/gcc/avr/5.4.0/avr5\libgcc.a(_udivdi3.o)
 .text.libgcc.mul
                0x00000000        0x0 f:/mohamed/7.0/toolchain/avr8/avr8-gnu-toolchain/bin/../lib/gcc/avr/5.4.0/avr5\libgcc.a(_udivdi3.o)
 .text.libgcc   0x00000000        0x0 f:/mohamed/7.0/toolchain/avr8/avr8-gnu-toolchain/bin/../lib/gcc/avr/5.4.0/avr5\libgcc.a(_udivdi3.o)
 .text.libgcc.prologue
                0x00000000        0x0 f:/mohamed/7.0/toolchain/avr8/avr8-gnu-toolchain/bin/../lib/gcc/avr/5.4.0/avr5\libgcc.a(_udivdi3.o)
 .text.libgcc.builtins
                0x00000000        0x0 f:/mohamed/7.0/toolchain/avr8/avr8-gnu-toolchain/bin/../lib/gcc/avr/5.4.0/avr5\libgcc.a(_udivdi3.o)
 .text.libgcc.fmul
                0x00000000        0x0 f:/mohamed/7.0/toolchain/avr8/avr8-gnu-toolchain/bin/../lib/gcc/avr/5.4.0/avr5\libgcc.a(_udivdi3.o)
 .text.libgcc.fixed
                0x00000000        0x0 f:/mohamed/7.0/toolchain/avr8/avr8-gnu-toolchain/bin/../lib/gcc/avr/5.4.0/avr5\libgcc.a(_udivdi3.o)
 .text          0x00000000        0x0 f:/mohamed/7.0/toolchain/avr8/avr8-gnu-toolchain/bin/../lib/gcc/avr/5.4.0/avr5\libgcc.a(_udivmod64.o)
 .data          0x00000000        0x0 f:/mohamed/7.0/toolchain/avr8/avr8-gnu-toolchain/bin/../lib/gcc/avr/5.4.0/avr5\libgcc.a(_udivmod64.o)
 .bss           0x00000000        0x0 f:/mohamed/7.0/toolchain/avr8/avr8-gnu-toolchain/bin/../lib/gcc/avr/5.4.0/avr5\libgcc.a(_udivmod64.o)
 .text.libgcc.mul
                0x00000000        0x0 f:/mohamed/7.0/toolchain/avr8/avr8-gnu-toolchain/bin/../lib/gcc/avr/5.4.0/avr5\libgcc.a(_udivmod64.o)
 .text.libgcc   0x00000000        0x0 f:/mohamed/7.0/toolchain/avr8/avr8-gnu-toolchain/bin/../lib/gcc/avr/5.4.0/avr5\libgcc.a(_udivmod64.o)
 .text.libgcc.prologue
                0x00000000        0x0 f:/mohamed/7.0/toolchain/avr8/avr8-gnu-toolchain/bin/../lib/gcc/avr/5.4.0/avr5\libgcc.a(_udivmod64.o)
 .text.libgcc.builtins
                0x00000000        0x0 f:/mohamed/7.0/toolchain/avr8/avr8-gnu-toolchain/bin/../lib/gcc/avr/5.4.0/avr5\libgcc.a(_udivmod64.o)
 .text.libgcc.fmul
                0x00000000        0x0 f:/mohamed/7.0/toolchain/avr8/avr8-gnu-toolchain/bin/../lib/gcc/avr/5.4.0/avr5\libgcc.a(_udivmod64.o)
 .text.libgcc.fixed
                0x00000000        0x0 f:/mohamed/7.0/toolchain/avr8/avr8-gnu-toolchain/bin/../lib/gcc/avr/5.4.0/avr5\libgcc.a(_udivmod64.o)
 .text          0x00000000        0x0 f:/mohamed/7.0/toolchain/avr8/avr8-gnu-toolchain/bin/../lib/gcc/avr/5.4.0/avr5\libgcc.a(_negdi2.o)
 .data          0x00000000        0x0 f:/mohamed/7.0/toolchain/avr8/avr8-gnu-toolchain/bin/../lib/gcc/avr/5.4.0/avr5\libgcc.a(_negdi2.o)
 .bss           0x00000000        0x0 f:/mohamed/7.0/toolchain/avr8/avr8-gnu-toolchain/bin/../lib/gcc/avr/5.4.0/avr5\libgcc.a(_negdi2.o)
 .text.libgcc.mul
                0x00000000        0x0 f:/mohamed/7.0/toolchain/avr8/avr8-gnu-toolchain/bin/../lib/gcc/avr/5.4.0/avr5\libgcc.a(_negdi2.o)
 .text.libgcc.div
                0x00000000        0x0 f:/mohamed/7.0/toolchain/avr8/avr8-gnu-toolchain/bin/../lib/gcc/avr/5.4.0/avr5\libgcc.a(_negdi2.o)
 .text.libgcc.prologue
                0x00000000        0x0 f:/mohamed/7.0/toolchain/avr8/avr8-gnu-toolchain/bin/../lib/gcc/avr/5.4.0/avr5\libgcc.a(_negdi2.o)
 .text.libgcc.builtins
                0x00000000        0x0 f:/mohamed/7.0/toolchain/avr8/avr8-gnu-toolchain/bin/../lib/gcc/avr/5.4.0/avr5\libgcc.a(_negdi2.o)
 .text.libgcc.fmul
                0x00000000        0x0 f:/mohamed/7.0/toolchain/avr8/avr8-gnu-toolchain/bin/../lib/gcc/avr/5.4.0/avr5\libgcc.a(_negdi2.o)
 .text.libgcc.fixed
                0x00000000        0x0 f:/mohamed/7.0/toolchain/avr8/avr8-gnu-toolchain/bin/../lib/gcc/avr/5.4.0/avr5\libgcc.a(_negdi2.o)
 .text          0x00000000        0x0 f:/mohamed/7.0/toolchain/avr8/avr8-gnu-toolchain/bin/../lib/gcc/avr/5.4.0/avr5\libgcc.a(_prologue.o)
 .data          0x00000000        0x0 f:/mohamed/7.0/toolchain/avr8/avr8-gnu-toolchain/bin/../lib/gcc/avr/5.4.0/avr5\libgcc.a(_prologue.o)
 .bss           0x00000000        0x0 f:/mohamed/7.0/toolchain/avr8/avr8-gnu-toolchain/bin/../lib/gcc/avr/5.4.0/avr5\libgcc.a(_prologue.o)
 .text.libgcc.mul
                0x00000000        0x0 f:/mohamed/7.0/toolchain/avr8/avr8-gnu-toolchain/bin/../lib/gcc/avr/5.4.0/avr5\libgcc.a(_prologue.o)
 .text.libgcc.div
                0x00000000        0x0 f:/mohamed/7.0/toolchain/avr8/avr8-gnu-toolchain/bin/../lib/gcc/avr/5.4.0/avr5\libgcc.a(_prologue.o)
 .text.libgcc   0x00000000        0x0 f:/mohamed/7.0/toolchain/avr8/avr8-gnu-toolchain/bin/../lib/gcc/avr/5.4.0/avr5\libgcc.a(_prologue.o)
 .text.libgcc.builtins
                0x00000000        0x0 f:/mohamed/7.0/toolchain/avr8/avr8-gnu-toolchain/bin/../lib/gcc/avr/5.4.0/avr5\libgcc.a(_prologue.o)
 .text.libgcc.fmul
                0x00000000        0x0 f:/mohamed/7.0/toolchain/avr8/avr8-gnu-toolchain/bin/../lib/gcc/avr/5.4.0/avr5\libgcc.a(_prologue.o)
 .text.libgcc.fixed
                0x00000000        0x0 f:/mohamed/7.0/toolchain/avr8/avr8-gnu-toolchain/bin/../lib/gcc/avr/5.4.0/avr5\libgcc.a(_prologue.o)
 .text          0x00000000        0x0 f:/mohamed/7.0/toolchain/avr8/avr8-gnu-toolchain/bin/../lib/gcc/avr/5.4.0/avr5\libgcc.a(_epilogue.o)
 .data          0x00000000        0x0 f:/mohamed/7.0/toolchain/avr8/avr8-gnu-toolchain/bin/../lib/gcc/avr/5.4.0/avr5\libgcc.a(_epilogue.o)
 .bss           0x00000000        0x0 f:/mohamed/7.0/toolchain/avr8/avr8-gnu-toolchain/bin/../lib/gcc/avr/5.4.0/avr5\libgcc.a(_epilogue.o)
 .text.libgcc.mul
                0x00000000        0x0 f:/mohamed/7.0/toolchain/avr8/avr8-gnu-toolchain/bin/../lib/gcc/avr/5.4.0/avr5\libgcc.a(_epilogue.o)
 .text.libgcc.div
                0x00000000        0x0 f:/mohamed/7.0/toolchain/avr8/avr8-gnu-toolchain/bin/../lib/gcc/avr/5.4.0/avr5\libgcc.a(_epilogue.o)
 .text.libgcc   0x00000000        0x0 f:/mohamed/7.0/toolchain/avr8/avr8-gnu-toolchain/bin/../lib/gcc/avr/5.4.0/avr5\libgcc.a(_epilogue.o)
 .text.libgcc.builtins
                0x00000000        0x0 f:/mohamed/7.0/toolchain/avr8/avr8-gnu-toolchain/bin/../lib/gcc/avr/5.4.0/avr5\libgcc.a(_epilogue.o)
 .text.libgcc.fmul
                0x00000000        0x0 f:/mohamed/7.0/toolchain/avr8/avr8-gnu-toolchain/bin/../lib/gcc/avr/5.4.0/avr5\libgcc.a(_epilogue.o)
 .text.libgcc.fixed
                0x00000000        0x0 f:/mohamed/7.0/toolchain/avr8/avr8-gnu-toolchain/bin/../lib/gcc/avr/5.4.0/avr5\libgcc.a(_epilogue.o)
 .text          0x00000000        0x0 f:/mohamed/7.0/toolchain/avr8/avr8-gnu-toolchain/bin/../lib/gcc/avr/5.4.0/avr5\libgcc.a(_ashldi3.o)
 .data          0x00000000        0x0 f:/mohamed/7.0/toolchain/avr8/avr8-gnu-toolchain/bin/../lib/gcc/avr/5.4.0/avr5\libgcc.a(_ashldi3.o)
 .bss           0x00000000        0x0 f:/mohamed/7.0/toolchain/avr8/avr8-gnu-toolchain/bin/../lib/gcc/avr/5.4.0/avr5\libgcc.a(_ashldi3.o)
 .text.libgcc.mul
                0x00000000        0x0 f:/mohamed/7.0/toolchain/avr8/avr8-gnu-toolchain/bin/../lib/gcc/avr/5.4.0/avr5\libgcc.a(_ashldi3.o)
 .text.libgcc.div
                0x00000000        0x0 f:/mohamed/7.0/toolchain/avr8/avr8-gnu-toolchain/bin/../lib/gcc/avr/5.4.0/avr5\libgcc.a(_ashldi3.o)
 .text.libgcc   0x00000000        0x0 f:/mohamed/7.0/toolchain/avr8/avr8-gnu-toolchain/bin/../lib/gcc/avr/5.4.0/avr5\libgcc.a(_ashldi3.o)
 .text.libgcc.prologue
                0x00000000        0x0 f:/mohamed/7.0/toolchain/avr8/avr8-gnu-toolchain/bin/../lib/gcc/avr/5.4.0/avr5\libgcc.a(_ashldi3.o)
 .text.libgcc.builtins
                0x00000000       0x32 f:/mohamed/7.0/toolchain/avr8/avr8-gnu-toolchain/bin/../lib/gcc/avr/5.4.0/avr5\libgcc.a(_ashldi3.o)
 .text.libgcc.fmul
                0x00000000        0x0 f:/mohamed/7.0/toolchain/avr8/avr8-gnu-toolchain/bin/../lib/gcc/avr/5.4.0/avr5\libgcc.a(_ashldi3.o)
 .text.libgcc.fixed
                0x00000000        0x0 f:/mohamed/7.0/toolchain/avr8/avr8-gnu-toolchain/bin/../lib/gcc/avr/5.4.0/avr5\libgcc.a(_ashldi3.o)
 .text          0x00000000        0x0 f:/mohamed/7.0/toolchain/avr8/avr8-gnu-toolchain/bin/../lib/gcc/avr/5.4.0/avr5\libgcc.a(_ashrdi3.o)
 .data          0x00000000        0x0 f:/mohamed/7.0/toolchain/avr8/avr8-gnu-toolchain/bin/../lib/gcc/avr/5.4.0/avr5\libgcc.a(_ashrdi3.o)
 .bss           0x00000000        0x0 f:/mohamed/7.0/toolchain/avr8/avr8-gnu-toolchain/bin/../lib/gcc/avr/5.4.0/avr5\libgcc.a(_ashrdi3.o)
 .text.libgcc.mul
                0x00000000        0x0 f:/mohamed/7.0/toolchain/avr8/avr8-gnu-toolchain/bin/../lib/gcc/avr/5.4.0/avr5\libgcc.a(_ashrdi3.o)
 .text.libgcc.div
                0x00000000        0x0 f:/mohamed/7.0/toolchain/avr8/avr8-gnu-toolchain/bin/../lib/gcc/avr/5.4.0/avr5\libgcc.a(_ashrdi3.o)
 .text.libgcc   0x00000000        0x0 f:/mohamed/7.0/toolchain/avr8/avr8-gnu-toolchain/bin/../lib/gcc/avr/5.4.0/avr5\libgcc.a(_ashrdi3.o)
 .text.libgcc.prologue
                0x00000000        0x0 f:/mohamed/7.0/toolchain/avr8/avr8-gnu-toolchain/bin/../lib/gcc/avr/5.4.0/avr5\libgcc.a(_ashrdi3.o)
 .text.libgcc.fmul
                0x00000000        0x0 f:/mohamed/7.0/toolchain/avr8/avr8-gnu-toolchain/bin/../lib/gcc/avr/5.4.0/avr5\libgcc.a(_ashrdi3.o)
 .text.libgcc.fixed
                0x00000000        0x0 f:/mohamed/7.0/toolchain/avr8/avr8-gnu-toolchain/bin/../lib/gcc/avr/5.4.0/avr5\libgcc.a(_ashrdi3.o)
 .text          0x00000000        0x0 f:/mohamed/7.0/toolchain/avr8/avr8-gnu-toolchain/bin/../lib/gcc/avr/5.4.0/avr5\libgcc.a(_adddi3.o)
 .data          0x00000000        0x0 f:/mohamed/7.0/toolchain/avr8/avr8-gnu-toolchain/bin/../lib/gcc/avr/5.4.0/avr5\libgcc.a(_adddi3.o)
 .bss           0x00000000        0x0 f:/mohamed/7.0/toolchain/avr8/avr8-gnu-toolchain/bin/../lib/gcc/avr/5.4.0/avr5\libgcc.a(_adddi3.o)
 .text.libgcc.mul
                0x00000000        0x0 f:/mohamed/7.0/toolchain/avr8/avr8-gnu-toolchain/bin/../lib/gcc/avr/5.4.0/avr5\libgcc.a(_adddi3.o)
 .text.libgcc.div
                0x00000000        0x0 f:/mohamed/7.0/toolchain/avr8/avr8-gnu-toolchain/bin/../lib/gcc/avr/5.4.0/avr5\libgcc.a(_adddi3.o)
 .text.libgcc   0x00000000       0x12 f:/mohamed/7.0/toolchain/avr8/avr8-gnu-toolchain/bin/../lib/gcc/avr/5.4.0/avr5\libgcc.a(_adddi3.o)
 .text.libgcc.prologue
                0x00000000        0x0 f:/mohamed/7.0/toolchain/avr8/avr8-gnu-toolchain/bin/../lib/gcc/avr/5.4.0/avr5\libgcc.a(_adddi3.o)
 .text.libgcc.builtins
                0x00000000        0x0 f:/mohamed/7.0/toolchain/avr8/avr8-gnu-toolchain/bin/../lib/gcc/avr/5.4.0/avr5\libgcc.a(_adddi3.o)
 .text.libgcc.fmul
                0x00000000        0x0 f:/mohamed/7.0/toolchain/avr8/avr8-gnu-toolchain/bin/../lib/gcc/avr/5.4.0/avr5\libgcc.a(_adddi3.o)
 .text.libgcc.fixed
                0x00000000        0x0 f:/mohamed/7.0/toolchain/avr8/avr8-gnu-toolchain/bin/../lib/gcc/avr/5.4.0/avr5\libgcc.a(_adddi3.o)
 .text          0x00000000        0x0 f:/mohamed/7.0/toolchain/avr8/avr8-gnu-toolchain/bin/../lib/gcc/avr/5.4.0/avr5\libgcc.a(_adddi3_s8.o)
 .data          0x00000000        0x0 f:/mohamed/7.0/toolchain/avr8/avr8-gnu-toolchain/bin/../lib/gcc/avr/5.4.0/avr5\libgcc.a(_adddi3_s8.o)
 .bss           0x00000000        0x0 f:/mohamed/7.0/toolchain/avr8/avr8-gnu-toolchain/bin/../lib/gcc/avr/5.4.0/avr5\libgcc.a(_adddi3_s8.o)
 .text.libgcc.mul
                0x00000000        0x0 f:/mohamed/7.0/toolchain/avr8/avr8-gnu-toolchain/bin/../lib/gcc/avr/5.4.0/avr5\libgcc.a(_adddi3_s8.o)
 .text.libgcc.div
                0x00000000        0x0 f:/mohamed/7.0/toolchain/avr8/avr8-gnu-toolchain/bin/../lib/gcc/avr/5.4.0/avr5\libgcc.a(_adddi3_s8.o)
 .text.libgcc   0x00000000       0x18 f:/mohamed/7.0/toolchain/avr8/avr8-gnu-toolchain/bin/../lib/gcc/avr/5.4.0/avr5\libgcc.a(_adddi3_s8.o)
 .text.libgcc.prologue
                0x00000000        0x0 f:/mohamed/7.0/toolchain/avr8/avr8-gnu-toolchain/bin/../lib/gcc/avr/5.4.0/avr5\libgcc.a(_adddi3_s8.o)
 .text.libgcc.builtins
                0x00000000        0x0 f:/mohamed/7.0/toolchain/avr8/avr8-gnu-toolchain/bin/../lib/gcc/avr/5.4.0/avr5\libgcc.a(_adddi3_s8.o)
 .text.libgcc.fmul
                0x00000000        0x0 f:/mohamed/7.0/toolchain/avr8/avr8-gnu-toolchain/bin/../lib/gcc/avr/5.4.0/avr5\libgcc.a(_adddi3_s8.o)
 .text.libgcc.fixed
                0x00000000        0x0 f:/mohamed/7.0/toolchain/avr8/avr8-gnu-toolchain/bin/../lib/gcc/avr/5.4.0/avr5\libgcc.a(_adddi3_s8.o)
 .text          0x00000000        0x0 f:/mohamed/7.0/toolchain/avr8/avr8-gnu-toolchain/bin/../lib/gcc/avr/5.4.0/avr5\libgcc.a(_subdi3.o)
 .data          0x00000000        0x0 f:/mohamed/7.0/toolchain/avr8/avr8-gnu-toolchain/bin/../lib/gcc/avr/5.4.0/avr5\libgcc.a(_subdi3.o)
 .bss           0x00000000        0x0 f:/mohamed/7.0/toolchain/avr8/avr8-gnu-toolchain/bin/../lib/gcc/avr/5.4.0/avr5\libgcc.a(_subdi3.o)
 .text.libgcc.mul
                0x00000000        0x0 f:/mohamed/7.0/toolchain/avr8/avr8-gnu-toolchain/bin/../lib/gcc/avr/5.4.0/avr5\libgcc.a(_subdi3.o)
 .text.libgcc.div
                0x00000000        0x0 f:/mohamed/7.0/toolchain/avr8/avr8-gnu-toolchain/bin/../lib/gcc/avr/5.4.0/avr5\libgcc.a(_subdi3.o)
 .text.libgcc   0x00000000       0x12 f:/mohamed/7.0/toolchain/avr8/avr8-gnu-toolchain/bin/../lib/gcc/avr/5.4.0/avr5\libgcc.a(_subdi3.o)
 .text.libgcc.prologue
                0x00000000        0x0 f:/mohamed/7.0/toolchain/avr8/avr8-gnu-toolchain/bin/../lib/gcc/avr/5.4.0/avr5\libgcc.a(_subdi3.o)
 .text.libgcc.builtins
                0x00000000        0x0 f:/mohamed/7.0/toolchain/avr8/avr8-gnu-toolchain/bin/../lib/gcc/avr/5.4.0/avr5\libgcc.a(_subdi3.o)
 .text.libgcc.fmul
                0x00000000        0x0 f:/mohamed/7.0/toolchain/avr8/avr8-gnu-toolchain/bin/../lib/gcc/avr/5.4.0/avr5\libgcc.a(_subdi3.o)
 .text.libgcc.fixed
                0x00000000        0x0 f:/mohamed/7.0/toolchain/avr8/avr8-gnu-toolchain/bin/../lib/gcc/avr/5.4.0/avr5\libgcc.a(_subdi3.o)
 .text          0x00000000        0x0 f:/mohamed/7.0/toolchain/avr8/avr8-gnu-toolchain/bin/../lib/gcc/avr/5.4.0/avr5\libgcc.a(_cmpdi2_s8.o)
 .data          0x00000000        0x0 f:/mohamed/7.0/toolchain/avr8/avr8-gnu-toolchain/bin/../lib/gcc/avr/5.4.0/avr5\libgcc.a(_cmpdi2_s8.o)
 .bss           0x00000000        0x0 f:/mohamed/7.0/toolchain/avr8/avr8-gnu-toolchain/bin/../lib/gcc/avr/5.4.0/avr5\libgcc.a(_cmpdi2_s8.o)
 .text.libgcc.mul
                0x00000000        0x0 f:/mohamed/7.0/toolchain/avr8/avr8-gnu-toolchain/bin/../lib/gcc/avr/5.4.0/avr5\libgcc.a(_cmpdi2_s8.o)
 .text.libgcc.div
                0x00000000        0x0 f:/mohamed/7.0/toolchain/avr8/avr8-gnu-toolchain/bin/../lib/gcc/avr/5.4.0/avr5\libgcc.a(_cmpdi2_s8.o)
 .text.libgcc.prologue
                0x00000000        0x0 f:/mohamed/7.0/toolchain/avr8/avr8-gnu-toolchain/bin/../lib/gcc/avr/5.4.0/avr5\libgcc.a(_cmpdi2_s8.o)
 .text.libgcc.builtins
                0x00000000        0x0 f:/mohamed/7.0/toolchain/avr8/avr8-gnu-toolchain/bin/../lib/gcc/avr/5.4.0/avr5\libgcc.a(_cmpdi2_s8.o)
 .text.libgcc.fmul
                0x00000000        0x0 f:/mohamed/7.0/toolchain/avr8/avr8-gnu-toolchain/bin/../lib/gcc/avr/5.4.0/avr5\libgcc.a(_cmpdi2_s8.o)
 .text.libgcc.fixed
                0x00000000        0x0 f:/mohamed/7.0/toolchain/avr8/avr8-gnu-toolchain/bin/../lib/gcc/avr/5.4.0/avr5\libgcc.a(_cmpdi2_s8.o)
 .text          0x00000000        0x0 f:/mohamed/7.0/toolchain/avr8/avr8-gnu-toolchain/bin/../lib/gcc/avr/5.4.0/avr5\libgcc.a(_muldi3_6.o)
 .data          0x00000000        0x0 f:/mohamed/7.0/toolchain/avr8/avr8-gnu-toolchain/bin/../lib/gcc/avr/5.4.0/avr5\libgcc.a(_muldi3_6.o)
 .bss           0x00000000        0x0 f:/mohamed/7.0/toolchain/avr8/avr8-gnu-toolchain/bin/../lib/gcc/avr/5.4.0/avr5\libgcc.a(_muldi3_6.o)
 .text.libgcc.div
                0x00000000        0x0 f:/mohamed/7.0/toolchain/avr8/avr8-gnu-toolchain/bin/../lib/gcc/avr/5.4.0/avr5\libgcc.a(_muldi3_6.o)
 .text.libgcc   0x00000000        0x0 f:/mohamed/7.0/toolchain/avr8/avr8-gnu-toolchain/bin/../lib/gcc/avr/5.4.0/avr5\libgcc.a(_muldi3_6.o)
 .text.libgcc.prologue
                0x00000000        0x0 f:/mohamed/7.0/toolchain/avr8/avr8-gnu-toolchain/bin/../lib/gcc/avr/5.4.0/avr5\libgcc.a(_muldi3_6.o)
 .text.libgcc.builtins
                0x00000000        0x0 f:/mohamed/7.0/toolchain/avr8/avr8-gnu-toolchain/bin/../lib/gcc/avr/5.4.0/avr5\libgcc.a(_muldi3_6.o)
 .text.libgcc.fmul
                0x00000000        0x0 f:/mohamed/7.0/toolchain/avr8/avr8-gnu-toolchain/bin/../lib/gcc/avr/5.4.0/avr5\libgcc.a(_muldi3_6.o)
 .text.libgcc.fixed
                0x00000000        0x0 f:/mohamed/7.0/toolchain/avr8/avr8-gnu-toolchain/bin/../lib/gcc/avr/5.4.0/avr5\libgcc.a(_muldi3_6.o)

Memory Configuration

Name             Origin             Length             Attributes
text             0x00000000         0x00008000         xr
data             0x00800060         0x00000800         rw !x
eeprom           0x00810000         0x00000400         rw !x
fuse             0x00820000         0x00000002         rw !x
lock             0x00830000         0x00000400         rw !x
signature        0x00840000         0x00000400         rw !x
user_signatures  0x00850000         0x00000400         rw !x
*default*        0x00000000         0xffffffff

Linker script and memory map

LOAD F:/mohamed/7.0/Packs/atmel/ATmega_DFP/1.7.374/gcc/dev/atmega32/avr5/crtatmega32.o
LOAD APP/Calcculator.o
LOAD APP/Car.o
LOAD APP/CONVERTER.o
LOAD APP/fireSystem.o
LOAD APP/StopWatch.o
LOAD CONF/DIO_Cfgc.o
LOAD HAL/Button.o
LOAD HAL/keybad.o
LOAD HAL/LCD.o
LOAD HAL/Motor.o
LOAD HAL/SEVEN_SEG.o
LOAD HAL/tempSensor.o
LOAD main.o
LOAD MCAL/ADC.o
LOAD MCAL/DIO.o
LOAD MCAL/UART.o
LOAD SERVICES/ADC_filer.o
LOAD SERVICES/ADC_SERVICE.o
START GROUP
LOAD f:/mohamed/7.0/toolchain/avr8/avr8-gnu-toolchain/bin/../lib/gcc/avr/5.4.0/../../../../avr/lib/avr5\libm.a
END GROUP
START GROUP
LOAD f:/mohamed/7.0/toolchain/avr8/avr8-gnu-toolchain/bin/../lib/gcc/avr/5.4.0/avr5\libgcc.a
LOAD f:/mohamed/7.0/toolchain/avr8/avr8-gnu-toolchain/bin/../lib/gcc/avr/5.4.0/../../../../avr/lib/avr5\libm.a
LOAD f:/mohamed/7.0/toolchain/avr8/avr8-gnu-toolchain/bin/../lib/gcc/avr/5.4.0/../../../../avr/lib/avr5\libc.a
LOAD F:/mohamed/7.0/Packs/atmel/ATmega_DFP/1.7.374/gcc/dev/atmega32/avr5\libatmega32.a
END GROUP
                0x00000000                __TEXT_REGION_ORIGIN__ = DEFINED (__TEXT_REGION_ORIGIN__)?__TEXT_REGION_ORIGIN__:0x0
                [0x00800060]                __DATA_REGION_ORIGIN__ = DEFINED (__DATA_REGION_ORIGIN__)?__DATA_REGION_ORIGIN__:0x800060
                [0x00008000]                __TEXT_REGION_LENGTH__ = DEFINED (__TEXT_REGION_LENGTH__)?__TEXT_REGION_LENGTH__:0x20000
                [0x00000800]                __DATA_REGION_LENGTH__ = DEFINED (__DATA_REGION_LENGTH__)?__DATA_REGION_LENGTH__:0xffa0
                [0x00000400]                __EEPROM_REGION_LENGTH__ = DEFINED (__EEPROM_REGION_LENGTH__)?__EEPROM_REGION_LENGTH__:0x10000
                [0x00000002]                __FUSE_REGION_LENGTH__ = DEFINED (__FUSE_REGION_LENGTH__)?__FUSE_REGION_LENGTH__:0x400
                0x00000400                __LOCK_REGION_LENGTH__ = DEFINED (__LOCK_REGION_LENGTH__)?__LOCK_REGION_LENGTH__:0x400
                0x00000400                __SIGNATURE_REGION_LENGTH__ = DEFINED (__SIGNATURE_REGION_LENGTH__)?__SIGNATURE_REGION_LENGTH__:0x400
                0x00000400                __USER_SIGNATURE_REGION_LENGTH__ = DEFINED (__USER_SIGNATURE_REGION_LENGTH__)?__USER_SIGNATURE_REGION_LENGTH__:0x400

.hash
 *(.hash)

.dynsym
 *(.dynsym)

.dynstr
 *(.dynstr)

.gnu.version
 *(.gnu.version)

.gnu.version_d
 *(.gnu.version_d)

.gnu.version_r
 *(.gnu.version_r)

.rel.init
 *(.rel.init)

.rela.init
 *(.rela.init)

.rel.text
 *(.rel.text)
 *(.rel.text.*)
 *(.rel.gnu.linkonce.t*)

.rela.text
 *(.rela.text)
 *(.rela.text.*)
 *(.rela.gnu.linkonce.t*)

.rel.fini
 *(.rel.fini)

.rela.fini
 *(.rela.fini)

.rel.rodata
 *(.rel.rodata)
 *(.rel.rodata.*)
 *(.rel.gnu.linkonce.r*)

.rela.rodata
 *(.rela.rodata)
 *(.rela.rodata.*)
 *(.rela.gnu.linkonce.r*)

.rel.data
 *(.rel.data)
 *(.rel.data.*)
 *(.rel.gnu.linkonce.d*)

.rela.data
 *(.rela.data)
 *(.rela.data.*)
 *(.rela.gnu.linkonce.d*)

.rel.ctors
 *(.rel.ctors)

.rela.ctors
 *(.rela.ctors)

.rel.dtors
 *(.rel.dtors)

.rela.dtors
 *(.rela.dtors)

.rel.got
 *(.rel.got)

.rela.got
 *(.rela.got)

.rel.bss
 *(.rel.bss)

.rela.bss
 *(.rela.bss)

.rel.plt
 *(.rel.plt)

.rela.plt
 *(.rela.plt)

.text           0x00000000      0xd92
 *(.vectors)
 .vectors       0x00000000       0x54 F:/mohamed/7.0/Packs/atmel/ATmega_DFP/1.7.374/gcc/dev/atmega32/avr5/crtatmega32.o
                0x00000000                __vector_default
                0x00000000                __vectors
 *(.vectors)
 *(.progmem.gcc*)
                0x00000054                . = ALIGN (0x2)
                0x00000054                __trampolines_start = .
 *(.trampolines)
 .trampolines   0x00000054        0x0 linker stubs
 *(.trampolines*)
                0x00000054                __trampolines_end = .
 *libprintf_flt.a:*(.progmem.data)
 *libc.a:*(.progmem.data)
 *(.progmem*)
                0x00000054                . = ALIGN (0x2)
 *(.jumptables)
 *(.jumptables*)
 *(.lowtext)
 *(.lowtext*)
                0x00000054                __ctors_start = .
 *(.ctors)
                0x00000054                __ctors_end = .
                0x00000054                __dtors_start = .
 *(.dtors)
                0x00000054                __dtors_end = .
 SORT(*)(.ctors)
 SORT(*)(.dtors)
 *(.init0)
 .init0         0x00000054        0x0 F:/mohamed/7.0/Packs/atmel/ATmega_DFP/1.7.374/gcc/dev/atmega32/avr5/crtatmega32.o
                0x00000054                __init
 *(.init0)
 *(.init1)
 *(.init1)
 *(.init2)
 .init2         0x00000054        0xc F:/mohamed/7.0/Packs/atmel/ATmega_DFP/1.7.374/gcc/dev/atmega32/avr5/crtatmega32.o
 *(.init2)
 *(.init3)
 *(.init3)
 *(.init4)
 .init4         0x00000060       0x16 f:/mohamed/7.0/toolchain/avr8/avr8-gnu-toolchain/bin/../lib/gcc/avr/5.4.0/avr5\libgcc.a(_copy_data.o)
                0x00000060                __do_copy_data
 .init4         0x00000076       0x10 f:/mohamed/7.0/toolchain/avr8/avr8-gnu-toolchain/bin/../lib/gcc/avr/5.4.0/avr5\libgcc.a(_clear_bss.o)
                0x00000076                __do_clear_bss
 *(.init4)
 *(.init5)
 *(.init5)
 *(.init6)
 *(.init6)
 *(.init7)
 *(.init7)
 *(.init8)
 *(.init8)
 *(.init9)
 .init9         0x00000086        0x8 F:/mohamed/7.0/Packs/atmel/ATmega_DFP/1.7.374/gcc/dev/atmega32/avr5/crtatmega32.o
 *(.init9)
 *(.text)
 .text          0x0000008e        0x4 F:/mohamed/7.0/Packs/atmel/ATmega_DFP/1.7.374/gcc/dev/atmega32/avr5/crtatmega32.o
                0x0000008e                __vector_1
                0x0000008e                __vector_12
                0x0000008e                __bad_interrupt
                0x0000008e                __vector_6
                0x0000008e                __vector_3
                0x0000008e                __vector_11
                0x0000008e                __vector_17
                0x0000008e                __vector_19
                0x0000008e                __vector_7
                0x0000008e                __vector_5
                0x0000008e                __vector_4
                0x0000008e                __vector_9
                0x0000008e                __vector_2
                0x0000008e                __vector_15
                0x0000008e                __vector_8
                0x0000008e                __vector_14
                0x0000008e                __vector_10
                0x0000008e                __vector_18
                0x0000008e                __vector_20
                0x00000092                . = ALIGN (0x2)
 *(.text.*)
 .text.WriteInst
                0x00000092       0xb4 HAL/LCD.o
 .text.WriteData
                0x00000146       0xb4 HAL/LCD.o
 .text.LCD_Init
                0x000001fa       0x3e HAL/LCD.o
                0x000001fa                LCD_Init
 .text.LCD_WriteChar
                0x00000238        0x6 HAL/LCD.o
                0x00000238                LCD_WriteChar
 .text.LCD_WriteString
                0x0000023e       0x2c HAL/LCD.o
                0x0000023e                LCD_WriteString
 .text.LCD_WriteNumber
                0x0000026a      0x178 HAL/LCD.o
                0x0000026a                LCD_WriteNumber
 .text.LCD_SetCursor
                0x000003e2       0x1e HAL/LCD.o
                0x000003e2                LCD_SetCursor
 .text.main     0x00000400       0x54 main.o
                0x00000400                main
 .text.ADC_Init
                0x00000454       0x82 MCAL/ADC.o
                0x00000454                ADC_Init
 .text.ADC_Read
                0x000004d6       0x20 MCAL/ADC.o
                0x000004d6                ADC_Read
 .text.__vector_16
                0x000004f6       0x4c MCAL/ADC.o
                0x000004f6                __vector_16
 .text.DIO_InitPin
                0x00000542      0x1fa MCAL/DIO.o
 .text.DIO_WritePin
                0x0000073c      0x10a MCAL/DIO.o
                0x0000073c                DIO_WritePin
 .text.DIO_Init
                0x00000846       0x20 MCAL/DIO.o
                0x00000846                DIO_Init
 .text.UART_Init
                0x00000866       0x12 MCAL/UART.o
                0x00000866                UART_Init
 .text.__vector_13
                0x00000878       0x1e MCAL/UART.o
                0x00000878                __vector_13
 .text.IsEmpty_Filter
                0x00000896       0x20 SERVICES/ADC_filer.o
                0x00000896                IsEmpty_Filter
 .text.DeQueue_ADC_Filter
                0x000008b6       0x58 SERVICES/ADC_filer.o
                0x000008b6                DeQueue_ADC_Filter
 .text.IsFull_Filter
                0x0000090e       0x20 SERVICES/ADC_filer.o
                0x0000090e                IsFull_Filter
 .text.inQueue_ADC_Filter
                0x0000092e       0x54 SERVICES/ADC_filer.o
                0x0000092e                inQueue_ADC_Filter
 .text.ADC_filter_init
                0x00000982       0x42 SERVICES/ADC_filer.o
                0x00000982                ADC_filter_init
 .text.ADC_Call_Filter
                0x000009c4       0x6a SERVICES/ADC_filer.o
                0x000009c4                ADC_Call_Filter
 .text.ADC_Getter_Filter
                0x00000a2e       0x64 SERVICES/ADC_filer.o
                0x00000a2e                ADC_Getter_Filter
 .text.IsFull   0x00000a92       0x20 SERVICES/ADC_SERVICE.o
                0x00000a92                IsFull
 .text.inQueue_ADC
                0x00000ab2       0x54 SERVICES/ADC_SERVICE.o
                0x00000ab2                inQueue_ADC
 .text.libgcc.mul
                0x00000b06       0x1e f:/mohamed/7.0/toolchain/avr8/avr8-gnu-toolchain/bin/../lib/gcc/avr/5.4.0/avr5\libgcc.a(_umulhisi3.o)
                0x00000b06                __umulhisi3
 .text.libgcc.mul
                0x00000b24       0x56 f:/mohamed/7.0/toolchain/avr8/avr8-gnu-toolchain/bin/../lib/gcc/avr/5.4.0/avr5\libgcc.a(_umulsidi3.o)
                0x00000b24                __umulsidi3
                0x00000b26                __umulsidi3_helper
 .text.libgcc.div
                0x00000b7a       0x62 f:/mohamed/7.0/toolchain/avr8/avr8-gnu-toolchain/bin/../lib/gcc/avr/5.4.0/avr5\libgcc.a(_divdi3.o)
                0x00000b7a                __moddi3
                0x00000b7e                __divdi3
                0x00000b80                __divdi3_moddi3
 .text.libgcc.div
                0x00000bdc       0x1c f:/mohamed/7.0/toolchain/avr8/avr8-gnu-toolchain/bin/../lib/gcc/avr/5.4.0/avr5\libgcc.a(_udivdi3.o)
                0x00000bdc                __umoddi3
                0x00000be0                __udivdi3
                0x00000be2                __udivdi3_umoddi3
 .text.libgcc.div
                0x00000bf8       0xa2 f:/mohamed/7.0/toolchain/avr8/avr8-gnu-toolchain/bin/../lib/gcc/avr/5.4.0/avr5\libgcc.a(_udivmod64.o)
                0x00000bf8                __udivmod64
 .text.libgcc   0x00000c9a       0x20 f:/mohamed/7.0/toolchain/avr8/avr8-gnu-toolchain/bin/../lib/gcc/avr/5.4.0/avr5\libgcc.a(_negdi2.o)
                0x00000c9a                __negdi2
 .text.libgcc.prologue
                0x00000cba       0x38 f:/mohamed/7.0/toolchain/avr8/avr8-gnu-toolchain/bin/../lib/gcc/avr/5.4.0/avr5\libgcc.a(_prologue.o)
                0x00000cba                __prologue_saves__
 .text.libgcc.prologue
                0x00000cf2       0x36 f:/mohamed/7.0/toolchain/avr8/avr8-gnu-toolchain/bin/../lib/gcc/avr/5.4.0/avr5\libgcc.a(_epilogue.o)
                0x00000cf2                __epilogue_restores__
 .text.libgcc.builtins
                0x00000d28       0x3c f:/mohamed/7.0/toolchain/avr8/avr8-gnu-toolchain/bin/../lib/gcc/avr/5.4.0/avr5\libgcc.a(_ashrdi3.o)
                0x00000d28                __ashrdi3
                0x00000d2c                __lshrdi3
 .text.libgcc   0x00000d64       0x18 f:/mohamed/7.0/toolchain/avr8/avr8-gnu-toolchain/bin/../lib/gcc/avr/5.4.0/avr5\libgcc.a(_cmpdi2_s8.o)
                0x00000d64                __cmpdi2_s8
 .text.libgcc.mul
                0x00000d7c       0x12 f:/mohamed/7.0/toolchain/avr8/avr8-gnu-toolchain/bin/../lib/gcc/avr/5.4.0/avr5\libgcc.a(_muldi3_6.o)
                0x00000d7c                __muldi3_6
                0x00000d8e                . = ALIGN (0x2)
 *(.fini9)
 .fini9         0x00000d8e        0x0 f:/mohamed/7.0/toolchain/avr8/avr8-gnu-toolchain/bin/../lib/gcc/avr/5.4.0/avr5\libgcc.a(_exit.o)
                0x00000d8e                _exit
                0x00000d8e                exit
 *(.fini9)
 *(.fini8)
 *(.fini8)
 *(.fini7)
 *(.fini7)
 *(.fini6)
 *(.fini6)
 *(.fini5)
 *(.fini5)
 *(.fini4)
 *(.fini4)
 *(.fini3)
 *(.fini3)
 *(.fini2)
 *(.fini2)
 *(.fini1)
 *(.fini1)
 *(.fini0)
 .fini0         0x00000d8e        0x4 f:/mohamed/7.0/toolchain/avr8/avr8-gnu-toolchain/bin/../lib/gcc/avr/5.4.0/avr5\libgcc.a(_exit.o)
 *(.fini0)
                0x00000d92                _etext = .

.data           0x00800060       0x32 load address 0x00000d92
                0x00800060                PROVIDE (__data_start, .)
 *(.data)
 *(.data*)
 *(.gnu.linkonce.d*)
 *(.rodata)
 *(.rodata*)
 .rodata.PinsStatusArray
                0x00800060       0x20 CONF/DIO_Cfgc.o
                0x00800060                PinsStatusArray
 .rodata.str1.1
                0x00800080       0x11 main.o
 *(.gnu.linkonce.r*)
                0x00800092                . = ALIGN (0x2)
 *fill*         0x00800091        0x1 
                0x00800092                _edata = .
                0x00800092                PROVIDE (__data_end, .)

.bss            0x00800092       0x1f
                0x00800092                PROVIDE (__bss_start, .)
 *(.bss)
 *(.bss*)
 .bss.dataISR   0x00800092        0x1 MCAL/UART.o
                0x00800092                dataISR
 .bss.QUE_Flag  0x00800093        0x1 SERVICES/ADC_filer.o
 .bss.Pointer_tail
                0x00800094        0x1 SERVICES/ADC_filer.o
 .bss.Pointer_Head
                0x00800095        0x1 SERVICES/ADC_filer.o
 .bss.QueueAdc  0x00800096        0xa SERVICES/ADC_filer.o
 .bss.filterData
                0x008000a0        0x4 SERVICES/ADC_filer.o
 .bss.QUE_Flag  0x008000a4        0x1 SERVICES/ADC_SERVICE.o
 .bss.Pointer_tail
                0x008000a5        0x1 SERVICES/ADC_SERVICE.o
 .bss.Pointer_Head
                0x008000a6        0x1 SERVICES/ADC_SERVICE.o
 .bss.QueueAdc  0x008000a7        0xa SERVICES/ADC_SERVICE.o
 *(COMMON)
                0x008000b1                PROVIDE (__bss_end, .)
                0x00000d92                __data_load_start = LOADADDR (.data)
                0x00000dc4                __data_load_end = (__data_load_start + SIZEOF (.data))

.noinit         0x008000b1        0x0
                [!provide]                PROVIDE (__noinit_start, .)
 *(.noinit*)
                [!provide]                PROVIDE (__noinit_end, .)
                0x008000b1                _end = .
                [!provide]                PROVIDE (__heap_start, .)

.eeprom         0x00810000        0x0
 *(.eeprom*)
                0x00810000                __eeprom_end = .

.fuse
 *(.fuse)
 *(.lfuse)
 *(.hfuse)
 *(.efuse)

.lock
 *(.lock*)

.signature
 *(.signature*)

.user_signatures
 *(.user_signatures*)

.stab
 *(.stab)

.stabstr
 *(.stabstr)

.stab.excl
 *(.stab.excl)

.stab.exclstr
 *(.stab.exclstr)

.stab.index
 *(.stab.index)

.stab.indexstr
 *(.stab.indexstr)

.comment        0x00000000       0x30
 *(.comment)
 .comment       0x00000000       0x30 CONF/DIO_Cfgc.o
                                 0x31 (size before relaxing)
 .comment       0x00000030       0x31 HAL/LCD.o
 .comment       0x00000030       0x31 main.o
 .comment       0x00000030       0x31 MCAL/ADC.o
 .comment       0x00000030       0x31 MCAL/DIO.o
 .comment       0x00000030       0x31 MCAL/UART.o
 .comment       0x00000030       0x31 SERVICES/ADC_filer.o
 .comment       0x00000030       0x31 SERVICES/ADC_SERVICE.o

.note.gnu.avr.deviceinfo
                0x00000000       0x3c
 .note.gnu.avr.deviceinfo
                0x00000000       0x3c F:/mohamed/7.0/Packs/atmel/ATmega_DFP/1.7.374/gcc/dev/atmega32/avr5/crtatmega32.o

.note.gnu.build-id
 *(.note.gnu.build-id)

.debug
 *(.debug)

.line
 *(.line)

.debug_srcinfo
 *(.debug_srcinfo)

.debug_sfnames
 *(.debug_sfnames)

.debug_aranges  0x00000000      0x268
 *(.debug_aranges)
 .debug_aranges
                0x00000000       0x18 CONF/DIO_Cfgc.o
 .debug_aranges
                0x00000018       0x90 HAL/LCD.o
 .debug_aranges
                0x000000a8       0x20 main.o
 .debug_aranges
                0x000000c8       0x60 MCAL/ADC.o
 .debug_aranges
                0x00000128       0x60 MCAL/DIO.o
 .debug_aranges
                0x00000188       0x58 MCAL/UART.o
 .debug_aranges
                0x000001e0       0x50 SERVICES/ADC_filer.o
 .debug_aranges
                0x00000230       0x38 SERVICES/ADC_SERVICE.o

.debug_pubnames
 *(.debug_pubnames)

.debug_info     0x00000000     0x2635
 *(.debug_info .gnu.linkonce.wi.*)
 .debug_info    0x00000000      0x4e6 F:/mohamed/7.0/Packs/atmel/ATmega_DFP/1.7.374/gcc/dev/atmega32/avr5/crtatmega32.o
 .debug_info    0x000004e6      0x186 CONF/DIO_Cfgc.o
 .debug_info    0x0000066c      0xfc8 HAL/LCD.o
 .debug_info    0x00001634      0x241 main.o
 .debug_info    0x00001875      0x2fc MCAL/ADC.o
 .debug_info    0x00001b71      0x47c MCAL/DIO.o
 .debug_info    0x00001fed      0x1ad MCAL/UART.o
 .debug_info    0x0000219a      0x2f7 SERVICES/ADC_filer.o
 .debug_info    0x00002491      0x1a4 SERVICES/ADC_SERVICE.o

.debug_abbrev   0x00000000      0xe34
 *(.debug_abbrev)
 .debug_abbrev  0x00000000      0x4a3 F:/mohamed/7.0/Packs/atmel/ATmega_DFP/1.7.374/gcc/dev/atmega32/avr5/crtatmega32.o
 .debug_abbrev  0x000004a3       0x6a CONF/DIO_Cfgc.o
 .debug_abbrev  0x0000050d      0x20e HAL/LCD.o
 .debug_abbrev  0x0000071b       0xc0 main.o
 .debug_abbrev  0x000007db      0x17c MCAL/ADC.o
 .debug_abbrev  0x00000957      0x1c2 MCAL/DIO.o
 .debug_abbrev  0x00000b19       0xf4 MCAL/UART.o
 .debug_abbrev  0x00000c0d      0x15a SERVICES/ADC_filer.o
 .debug_abbrev  0x00000d67       0xcd SERVICES/ADC_SERVICE.o

.debug_line     0x00000000     0x135c
 *(.debug_line .debug_line.* .debug_line_end)
 .debug_line    0x00000000      0x116 F:/mohamed/7.0/Packs/atmel/ATmega_DFP/1.7.374/gcc/dev/atmega32/avr5/crtatmega32.o
 .debug_line    0x00000116       0x4b CONF/DIO_Cfgc.o
 .debug_line    0x00000161      0x657 HAL/LCD.o
 .debug_line    0x000007b8      0x10b main.o
 .debug_line    0x000008c3      0x1c6 MCAL/ADC.o
 .debug_line    0x00000a89      0x446 MCAL/DIO.o
 .debug_line    0x00000ecf      0x133 MCAL/UART.o
 .debug_line    0x00001002      0x20d SERVICES/ADC_filer.o
 .debug_line    0x0000120f      0x14d SERVICES/ADC_SERVICE.o

.debug_frame    0x00000000      0x628
 *(.debug_frame)
 .debug_frame   0x00000000      0x24c HAL/LCD.o
 .debug_frame   0x0000024c       0x24 main.o
 .debug_frame   0x00000270       0xec MCAL/ADC.o
 .debug_frame   0x0000035c       0xac MCAL/DIO.o
 .debug_frame   0x00000408       0xb4 MCAL/UART.o
 .debug_frame   0x000004bc       0xf8 SERVICES/ADC_filer.o
 .debug_frame   0x000005b4       0x74 SERVICES/ADC_SERVICE.o

.debug_str      0x00000000      0x9a5
 *(.debug_str)
 .debug_str     0x00000000      0x196 F:/mohamed/7.0/Packs/atmel/ATmega_DFP/1.7.374/gcc/dev/atmega32/avr5/crtatmega32.o
 .debug_str     0x00000196      0x24e CONF/DIO_Cfgc.o
                                0x275 (size before relaxing)
 .debug_str     0x000003e4      0x18a HAL/LCD.o
                                0x3cb (size before relaxing)
 .debug_str     0x0000056e       0xe5 main.o
                                0x27f (size before relaxing)
 .debug_str     0x00000653      0x114 MCAL/ADC.o
                                0x2fe (size before relaxing)
 .debug_str     0x00000767       0xb8 MCAL/DIO.o
                                0x33a (size before relaxing)
 .debug_str     0x0000081f       0x95 MCAL/UART.o
                                0x1fa (size before relaxing)
 .debug_str     0x000008b4       0xbc SERVICES/ADC_filer.o
                                0x283 (size before relaxing)
 .debug_str     0x00000970       0x35 SERVICES/ADC_SERVICE.o
                                0x1f5 (size before relaxing)

.debug_loc      0x00000000     0x208e
 *(.debug_loc)
 .debug_loc     0x00000000      0xfdd HAL/LCD.o
 .debug_loc     0x00000fdd       0x28 main.o
 .debug_loc     0x00001005      0x1de MCAL/ADC.o
 .debug_loc     0x000011e3      0xaa1 MCAL/DIO.o
 .debug_loc     0x00001c84       0xcd MCAL/UART.o
 .debug_loc     0x00001d51      0x259 SERVICES/ADC_filer.o
 .debug_loc     0x00001faa       0xe4 SERVICES/ADC_SERVICE.o

.debug_macinfo
 *(.debug_macinfo)

.debug_weaknames
 *(.debug_weaknames)

.debug_funcnames
 *(.debug_funcnames)

.debug_typenames
 *(.debug_typenames)

.debug_varnames
 *(.debug_varnames)

.debug_pubtypes
 *(.debug_pubtypes)

.debug_ranges   0x00000000      0x1f8
 *(.debug_ranges)
 .debug_ranges  0x00000000       0x98 HAL/LCD.o
 .debug_ranges  0x00000098       0x10 main.o
 .debug_ranges  0x000000a8       0x50 MCAL/ADC.o
 .debug_ranges  0x000000f8       0x50 MCAL/DIO.o
 .debug_ranges  0x00000148       0x48 MCAL/UART.o
 .debug_ranges  0x00000190       0x40 SERVICES/ADC_filer.o
 .debug_ranges  0x000001d0       0x28 SERVICES/ADC_SERVICE.o

.debug_macro
 *(.debug_macro)
OUTPUT(online12.elf elf32-avr)
LOAD linker stubs
