Archive member included to satisfy reference by file (symbol)

f:/mohamed/7.0/toolchain/avr8/avr8-gnu-toolchain/bin/../lib/gcc/avr/5.4.0/avr5\libgcc.a(_mulsi3.o)
                              APP/Calcculator.o (__mulsi3)
f:/mohamed/7.0/toolchain/avr8/avr8-gnu-toolchain/bin/../lib/gcc/avr/5.4.0/avr5\libgcc.a(_udivmodqi4.o)
                              APP/StopWatch.o (__udivmodqi4)
f:/mohamed/7.0/toolchain/avr8/avr8-gnu-toolchain/bin/../lib/gcc/avr/5.4.0/avr5\libgcc.a(_udivmodhi4.o)
                              APP/fireSystem.o (__udivmodhi4)
f:/mohamed/7.0/toolchain/avr8/avr8-gnu-toolchain/bin/../lib/gcc/avr/5.4.0/avr5\libgcc.a(_udivmodsi4.o)
                              HAL/tempSensor.o (__udivmodsi4)
f:/mohamed/7.0/toolchain/avr8/avr8-gnu-toolchain/bin/../lib/gcc/avr/5.4.0/avr5\libgcc.a(_divmodsi4.o)
                              APP/Calcculator.o (__divmodsi4)
f:/mohamed/7.0/toolchain/avr8/avr8-gnu-toolchain/bin/../lib/gcc/avr/5.4.0/avr5\libgcc.a(_negsi2.o)
                              f:/mohamed/7.0/toolchain/avr8/avr8-gnu-toolchain/bin/../lib/gcc/avr/5.4.0/avr5\libgcc.a(_divmodsi4.o) (__negsi2)
f:/mohamed/7.0/toolchain/avr8/avr8-gnu-toolchain/bin/../lib/gcc/avr/5.4.0/avr5\libgcc.a(_exit.o)
                              F:/mohamed/7.0/Packs/atmel/ATmega_DFP/1.7.374/gcc/dev/atmega32/avr5/crtatmega32.o (exit)
f:/mohamed/7.0/toolchain/avr8/avr8-gnu-toolchain/bin/../lib/gcc/avr/5.4.0/avr5\libgcc.a(_copy_data.o)
                              APP/Calcculator.o (__do_copy_data)
f:/mohamed/7.0/toolchain/avr8/avr8-gnu-toolchain/bin/../lib/gcc/avr/5.4.0/avr5\libgcc.a(_clear_bss.o)
                              APP/Calcculator.o (__do_clear_bss)
f:/mohamed/7.0/toolchain/avr8/avr8-gnu-toolchain/bin/../lib/gcc/avr/5.4.0/avr5\libgcc.a(_bswapsi2.o)
                              SERVICES/UartServices.o (__bswapsi2)
f:/mohamed/7.0/toolchain/avr8/avr8-gnu-toolchain/bin/../lib/gcc/avr/5.4.0/avr5\libgcc.a(_umulhisi3.o)
                              MCAL/ADC.o (__umulhisi3)
f:/mohamed/7.0/toolchain/avr8/avr8-gnu-toolchain/bin/../lib/gcc/avr/5.4.0/avr5\libgcc.a(_muluhisi3.o)
                              APP/CONVERTER.o (__muluhisi3)
f:/mohamed/7.0/toolchain/avr8/avr8-gnu-toolchain/bin/../lib/gcc/avr/5.4.0/avr5\libgcc.a(_muldi3.o)
                              APP/Calcculator.o (__muldi3)
f:/mohamed/7.0/toolchain/avr8/avr8-gnu-toolchain/bin/../lib/gcc/avr/5.4.0/avr5\libgcc.a(_muldi3_6.o)
                              f:/mohamed/7.0/toolchain/avr8/avr8-gnu-toolchain/bin/../lib/gcc/avr/5.4.0/avr5\libgcc.a(_muldi3.o) (__muldi3_6)
f:/mohamed/7.0/toolchain/avr8/avr8-gnu-toolchain/bin/../lib/gcc/avr/5.4.0/avr5\libgcc.a(_divdi3.o)
                              HAL/LCD.o (__moddi3)
f:/mohamed/7.0/toolchain/avr8/avr8-gnu-toolchain/bin/../lib/gcc/avr/5.4.0/avr5\libgcc.a(_udivdi3.o)
                              f:/mohamed/7.0/toolchain/avr8/avr8-gnu-toolchain/bin/../lib/gcc/avr/5.4.0/avr5\libgcc.a(_divdi3.o) (__udivdi3_umoddi3)
f:/mohamed/7.0/toolchain/avr8/avr8-gnu-toolchain/bin/../lib/gcc/avr/5.4.0/avr5\libgcc.a(_udivmod64.o)
                              f:/mohamed/7.0/toolchain/avr8/avr8-gnu-toolchain/bin/../lib/gcc/avr/5.4.0/avr5\libgcc.a(_divdi3.o) (__udivmod64)
f:/mohamed/7.0/toolchain/avr8/avr8-gnu-toolchain/bin/../lib/gcc/avr/5.4.0/avr5\libgcc.a(_negdi2.o)
                              APP/Calcculator.o (__negdi2)
f:/mohamed/7.0/toolchain/avr8/avr8-gnu-toolchain/bin/../lib/gcc/avr/5.4.0/avr5\libgcc.a(_prologue.o)
                              f:/mohamed/7.0/toolchain/avr8/avr8-gnu-toolchain/bin/../lib/gcc/avr/5.4.0/avr5\libgcc.a(_divdi3.o) (__prologue_saves__)
f:/mohamed/7.0/toolchain/avr8/avr8-gnu-toolchain/bin/../lib/gcc/avr/5.4.0/avr5\libgcc.a(_epilogue.o)
                              f:/mohamed/7.0/toolchain/avr8/avr8-gnu-toolchain/bin/../lib/gcc/avr/5.4.0/avr5\libgcc.a(_divdi3.o) (__epilogue_restores__)
f:/mohamed/7.0/toolchain/avr8/avr8-gnu-toolchain/bin/../lib/gcc/avr/5.4.0/avr5\libgcc.a(_adddi3.o)
                              APP/Calcculator.o (__adddi3)
f:/mohamed/7.0/toolchain/avr8/avr8-gnu-toolchain/bin/../lib/gcc/avr/5.4.0/avr5\libgcc.a(_adddi3_s8.o)
                              APP/Calcculator.o (__adddi3_s8)
f:/mohamed/7.0/toolchain/avr8/avr8-gnu-toolchain/bin/../lib/gcc/avr/5.4.0/avr5\libgcc.a(_subdi3.o)
                              APP/Calcculator.o (__subdi3)
f:/mohamed/7.0/toolchain/avr8/avr8-gnu-toolchain/bin/../lib/gcc/avr/5.4.0/avr5\libgcc.a(_cmpdi2_s8.o)
                              APP/Calcculator.o (__cmpdi2_s8)

Allocating common symbols
Common symbol       size              file

RXStr               0x2               SERVICES/UartServices.o
leds                0x154             SERVICES/RGB_Data.o
Call_Back_ptr       0x2               MCAL/SPI.o

Discarded input sections

 .data          0x00000000        0x0 F:/mohamed/7.0/Packs/atmel/ATmega_DFP/1.7.374/gcc/dev/atmega32/avr5/crtatmega32.o
 .bss           0x00000000        0x0 F:/mohamed/7.0/Packs/atmel/ATmega_DFP/1.7.374/gcc/dev/atmega32/avr5/crtatmega32.o
 .text          0x00000000        0x0 APP/Calcculator.o
 .data          0x00000000        0x0 APP/Calcculator.o
 .bss           0x00000000        0x0 APP/Calcculator.o
 .text.Sum      0x00000000        0xa APP/Calcculator.o
 .text.MuL      0x00000000       0x22 APP/Calcculator.o
 .text.Div      0x00000000        0xa APP/Calcculator.o
 .text.Sub      0x00000000        0xa APP/Calcculator.o
 .rodata.str1.1
                0x00000000       0x20 APP/Calcculator.o
 .text.Calculator_Init
                0x00000000       0x48 APP/Calcculator.o
 .text.reset_Cal
                0x00000000       0x44 APP/Calcculator.o
 .text.print_Calcaulator
                0x00000000      0x16c APP/Calcculator.o
 .text.handel_fun
                0x00000000       0x16 APP/Calcculator.o
 .text.Calculator_Rannable
                0x00000000      0x3ec APP/Calcculator.o
 .rodata.CSWTCH.14
                0x00000000        0x6 APP/Calcculator.o
 .data.fun      0x00000000        0x8 APP/Calcculator.o
 .data.last_op  0x00000000        0x1 APP/Calcculator.o
 .bss.EQ_Flage  0x00000000        0x1 APP/Calcculator.o
 .data.data     0x00000000       0x1b APP/Calcculator.o
 .comment       0x00000000       0x31 APP/Calcculator.o
 .text          0x00000000        0x0 APP/Car.o
 .data          0x00000000        0x0 APP/Car.o
 .bss           0x00000000        0x0 APP/Car.o
 .text.CAR_Init
                0x00000000        0x2 APP/Car.o
 .text.CAR_Runnable
                0x00000000       0x84 APP/Car.o
 .comment       0x00000000       0x31 APP/Car.o
 .text          0x00000000        0x0 APP/CONVERTER.o
 .data          0x00000000        0x0 APP/CONVERTER.o
 .bss           0x00000000        0x0 APP/CONVERTER.o
 .rodata.str1.1
                0x00000000       0x95 APP/CONVERTER.o
 .text.Set_D    0x00000000       0x50 APP/CONVERTER.o
 .text.Set_H    0x00000000       0x30 APP/CONVERTER.o
 .text.Set_B    0x00000000       0x30 APP/CONVERTER.o
 .text.CONVEER_Init
                0x00000000       0x34 APP/CONVERTER.o
 .text.CONVEER_Rannable
                0x00000000      0x164 APP/CONVERTER.o
 .text.Reset_Valls
                0x00000000       0x2e APP/CONVERTER.o
 .text.Get_B    0x00000000       0xf8 APP/CONVERTER.o
 .text.Get_H    0x00000000      0x1ae APP/CONVERTER.o
 .text.Get_D    0x00000000      0x112 APP/CONVERTER.o
 .data.sets     0x00000000        0x6 APP/CONVERTER.o
 .data.gets     0x00000000        0x6 APP/CONVERTER.o
 .data.lastnum  0x00000000        0x2 APP/CONVERTER.o
 .bss.moves     0x00000000        0x1 APP/CONVERTER.o
 .bss.flag      0x00000000        0x1 APP/CONVERTER.o
 .bss.key       0x00000000        0x1 APP/CONVERTER.o
 .bss.hex_pos   0x00000000        0x1 APP/CONVERTER.o
 .data.hex_str  0x00000000        0x3 APP/CONVERTER.o
 .data.bin_str  0x00000000        0x9 APP/CONVERTER.o
 .bss.binary_pos
                0x00000000        0x1 APP/CONVERTER.o
 .bss.num       0x00000000        0x4 APP/CONVERTER.o
 .bss.TO        0x00000000        0x1 APP/CONVERTER.o
 .bss.from      0x00000000        0x1 APP/CONVERTER.o
 .data.strings  0x00000000        0xc APP/CONVERTER.o
 .comment       0x00000000       0x31 APP/CONVERTER.o
 .text          0x00000000        0x0 APP/fireSystem.o
 .data          0x00000000        0x0 APP/fireSystem.o
 .bss           0x00000000        0x0 APP/fireSystem.o
 .text.fireSystem_Init
                0x00000000        0x2 APP/fireSystem.o
 .rodata.str1.1
                0x00000000       0x75 APP/fireSystem.o
 .text.fireSystem_Runnable
                0x00000000      0x2e8 APP/fireSystem.o
 .bss.temp_Password.1945
                0x00000000       0x14 APP/fireSystem.o
 .bss.pos.1946  0x00000000        0x1 APP/fireSystem.o
 .bss.unreverseFLAG
                0x00000000        0x1 APP/fireSystem.o
 .bss.temp_read
                0x00000000        0x2 APP/fireSystem.o
 .bss.TempState
                0x00000000        0x1 APP/fireSystem.o
 .data.Password
                0x00000000       0x14 APP/fireSystem.o
 .data.pass_state
                0x00000000        0x1 APP/fireSystem.o
 .comment       0x00000000       0x31 APP/fireSystem.o
 .text          0x00000000        0x0 APP/RGBA.o
 .data          0x00000000        0x0 APP/RGBA.o
 .bss           0x00000000        0x0 APP/RGBA.o
 .text.BinarySearch
                0x00000000       0x66 APP/RGBA.o
 .text.ColorCheck
                0x00000000       0x52 APP/RGBA.o
 .text.RGBA_Rannable
                0x00000000       0x7c APP/RGBA.o
 .data.incomingData_incoded
                0x00000000       0x9c APP/RGBA.o
 .data.Color_Correct
                0x00000000      0x138 APP/RGBA.o
 .comment       0x00000000       0x31 APP/RGBA.o
 .text          0x00000000        0x0 APP/StopWatch.o
 .data          0x00000000        0x0 APP/StopWatch.o
 .bss           0x00000000        0x0 APP/StopWatch.o
 .text.StopWatch_Init
                0x00000000        0x2 APP/StopWatch.o
 .text.StopWatch_Rannable
                0x00000000      0x31c APP/StopWatch.o
 .rodata.str1.1
                0x00000000       0x32 APP/StopWatch.o
 .text.StopWatch_Rannable_Seg
                0x00000000      0x318 APP/StopWatch.o
 .bss.B2_Flage  0x00000000        0x1 APP/StopWatch.o
 .bss.B1_Flage  0x00000000        0x1 APP/StopWatch.o
 .bss.mode      0x00000000        0x1 APP/StopWatch.o
 .data.Start    0x00000000        0x1 APP/StopWatch.o
 .data.FStart   0x00000000        0x1 APP/StopWatch.o
 .comment       0x00000000       0x31 APP/StopWatch.o
 .text          0x00000000        0x0 APP/UARTFRAM.o
 .data          0x00000000        0x0 APP/UARTFRAM.o
 .bss           0x00000000        0x0 APP/UARTFRAM.o
 .rodata.str1.1
                0x00000000       0x61 APP/UARTFRAM.o
 .text.printFrame
                0x00000000      0x168 APP/UARTFRAM.o
 .text.parityCheck
                0x00000000       0x16 APP/UARTFRAM.o
 .text.CreateFrame
                0x00000000       0xac APP/UARTFRAM.o
 .text.UartframeRunnable
                0x00000000      0x182 APP/UARTFRAM.o
 .bss.Stop      0x00000000        0x1 APP/UARTFRAM.o
 .bss.FrameData
                0x00000000        0x2 APP/UARTFRAM.o
 .bss.Parity    0x00000000        0x1 APP/UARTFRAM.o
 .bss.size      0x00000000        0x1 APP/UARTFRAM.o
 .bss.flag      0x00000000        0x1 APP/UARTFRAM.o
 .bss.data      0x00000000        0x2 APP/UARTFRAM.o
 .comment       0x00000000       0x31 APP/UARTFRAM.o
 .text          0x00000000        0x0 APP/Ultra_Array.o
 .data          0x00000000        0x0 APP/Ultra_Array.o
 .bss           0x00000000        0x0 APP/Ultra_Array.o
 .text.Ultra_Array_Init
                0x00000000        0x2 APP/Ultra_Array.o
 .text.Ultra_Array_Rannable
                0x00000000       0x94 APP/Ultra_Array.o
 .text.Ultra_Array_Getter
                0x00000000       0x12 APP/Ultra_Array.o
 .bss.Temp_Distances
                0x00000000        0x8 APP/Ultra_Array.o
 .data.data_ultra
                0x00000000        0xc APP/Ultra_Array.o
 .bss.counter   0x00000000        0x1 APP/Ultra_Array.o
 .comment       0x00000000       0x31 APP/Ultra_Array.o
 .text          0x00000000        0x0 CONF/DIO_Cfgc.o
 .data          0x00000000        0x0 CONF/DIO_Cfgc.o
 .bss           0x00000000        0x0 CONF/DIO_Cfgc.o
 .text          0x00000000        0x0 HAL/Button.o
 .data          0x00000000        0x0 HAL/Button.o
 .bss           0x00000000        0x0 HAL/Button.o
 .text.BUTTON_Init
                0x00000000        0x2 HAL/Button.o
 .text.BUTTON_Status2
                0x00000000      0x1a4 HAL/Button.o
 .text.BUTTON_Status
                0x00000000       0x3a HAL/Button.o
 .comment       0x00000000       0x31 HAL/Button.o
 .text          0x00000000        0x0 HAL/HEEPROM_prg.o
 .data          0x00000000        0x0 HAL/HEEPROM_prg.o
 .bss           0x00000000        0x0 HAL/HEEPROM_prg.o
 .text.HEEPROM_enInit
                0x00000000        0x6 HAL/HEEPROM_prg.o
 .text.HEEPROM_enWriteByte
                0x00000000       0x90 HAL/HEEPROM_prg.o
 .text.HEEPROM_enReadByte
                0x00000000       0xba HAL/HEEPROM_prg.o
 .comment       0x00000000       0x31 HAL/HEEPROM_prg.o
 .text          0x00000000        0x0 HAL/keybad.o
 .data          0x00000000        0x0 HAL/keybad.o
 .bss           0x00000000        0x0 HAL/keybad.o
 .text.KEY_Init
                0x00000000       0x20 HAL/keybad.o
 .text.KEY_Read_ch
                0x00000000       0x98 HAL/keybad.o
 .rodata.keys_ret
                0x00000000       0x10 HAL/keybad.o
 .rodata.intrerface
                0x00000000        0x8 HAL/keybad.o
 .comment       0x00000000       0x31 HAL/keybad.o
 .text          0x00000000        0x0 HAL/LCD.o
 .data          0x00000000        0x0 HAL/LCD.o
 .bss           0x00000000        0x0 HAL/LCD.o
 .text.WriteData
                0x00000000       0xb4 HAL/LCD.o
 .text.LCD_WriteChar
                0x00000000        0x4 HAL/LCD.o
 .text.LCD_Clear
                0x00000000       0x14 HAL/LCD.o
 .text.LCD_WriteString
                0x00000000       0x18 HAL/LCD.o
 .text.LCD_WriteNumber
                0x00000000      0x13c HAL/LCD.o
 .text.LCD_SetCursor
                0x00000000       0x18 HAL/LCD.o
 .text.LCD_SetFiguer
                0x00000000       0x38 HAL/LCD.o
 .text.LCD_WriteBinary
                0x00000000       0x34 HAL/LCD.o
 .text.LCD_WriteHex
                0x00000000       0x50 HAL/LCD.o
 .text.LCD_Reuse
                0x00000000       0x52 HAL/LCD.o
 .text.Draw_LCD_Circ
                0x00000000       0x8a HAL/LCD.o
 .text.fun_SHuman_dead
                0x00000000       0xf0 HAL/LCD.o
 .rodata        0x00000000       0x32 HAL/LCD.o
 .text.LCD_WriteNumber2
                0x00000000      0x128 HAL/LCD.o
 .text          0x00000000        0x0 HAL/Motor.o
 .data          0x00000000        0x0 HAL/Motor.o
 .bss           0x00000000        0x0 HAL/Motor.o
 .text.MOTOR_Init
                0x00000000        0x2 HAL/Motor.o
 .text.MOTOR_Stop
                0x00000000       0x2a HAL/Motor.o
 .text.MOTOR_CW
                0x00000000       0x2a HAL/Motor.o
 .text.MOTOR_CCW
                0x00000000       0x2a HAL/Motor.o
 .data.MotorPinsArray2
                0x00000000        0xc HAL/Motor.o
 .data.MotorPinsArray
                0x00000000        0xc HAL/Motor.o
 .comment       0x00000000       0x31 HAL/Motor.o
 .text          0x00000000        0x0 HAL/SEVEN_SEG.o
 .data          0x00000000        0x0 HAL/SEVEN_SEG.o
 .bss           0x00000000        0x0 HAL/SEVEN_SEG.o
 .rodata        0x00000000        0xa HAL/SEVEN_SEG.o
 .text.segment_display_8DIG
                0x00000000       0x90 HAL/SEVEN_SEG.o
 .text.segment_display
                0x00000000       0x62 HAL/SEVEN_SEG.o
 .text.segment_display_hex
                0x00000000       0x64 HAL/SEVEN_SEG.o
 .text.segment_display_BCD
                0x00000000       0x24 HAL/SEVEN_SEG.o
 .text.segment_display_KIT
                0x00000000       0x7a HAL/SEVEN_SEG.o
 .text.StringFill
                0x00000000       0x18 HAL/SEVEN_SEG.o
 .comment       0x00000000       0x31 HAL/SEVEN_SEG.o
 .text          0x00000000        0x0 HAL/tempSensor.o
 .data          0x00000000        0x0 HAL/tempSensor.o
 .bss           0x00000000        0x0 HAL/tempSensor.o
 .text.tempSensor_Init
                0x00000000        0x2 HAL/tempSensor.o
 .text.tempSensor_Read
                0x00000000       0x12 HAL/tempSensor.o
 .text.Maping   0x00000000       0x9a HAL/tempSensor.o
 .text.tempSensor_Read2
                0x00000000       0x36 HAL/tempSensor.o
 .comment       0x00000000       0x31 HAL/tempSensor.o
 .text          0x00000000        0x0 HAL/ultra.o
 .data          0x00000000        0x0 HAL/ultra.o
 .bss           0x00000000        0x0 HAL/ultra.o
 .text.ultr_init
                0x00000000        0x2 HAL/ultra.o
 .text.ultr_Start
                0x00000000       0x38 HAL/ultra.o
 .text.ultr_GetRead_Noblock
                0x00000000       0x7e HAL/ultra.o
 .text.ICUFUN   0x00000000       0x6e HAL/ultra.o
 .text.OVF_FUN  0x00000000       0x28 HAL/ultra.o
 .bss.c1        0x00000000        0x4 HAL/ultra.o
 .bss.c         0x00000000        0x4 HAL/ultra.o
 .data.flag     0x00000000        0x1 HAL/ultra.o
 .bss.t2        0x00000000        0x2 HAL/ultra.o
 .bss.t1        0x00000000        0x2 HAL/ultra.o
 .bss.time      0x00000000        0x2 HAL/ultra.o
 .comment       0x00000000       0x31 HAL/ultra.o
 .text          0x00000000        0x0 main.o
 .data          0x00000000        0x0 main.o
 .bss           0x00000000        0x0 main.o
 .text          0x00000000        0x0 MCAL/ADC.o
 .data          0x00000000        0x0 MCAL/ADC.o
 .bss           0x00000000        0x0 MCAL/ADC.o
 .text.ADC_Init
                0x00000000       0x48 MCAL/ADC.o
 .text.ADC_Read
                0x00000000       0x1c MCAL/ADC.o
 .text.ADC_Sellect_CH
                0x00000000       0x10 MCAL/ADC.o
 .text.ADC_Read_MV
                0x00000000       0x1e MCAL/ADC.o
 .text.ADC_Interrup_enable
                0x00000000        0x4 MCAL/ADC.o
 .text.ADC_Interrup_Disable
                0x00000000        0x4 MCAL/ADC.o
 .text.ADC_Interrup_Callback
                0x00000000        0x2 MCAL/ADC.o
 .text.ADC_Getter
                0x00000000        0xa MCAL/ADC.o
 .bss.ADC_data  0x00000000        0x2 MCAL/ADC.o
 .text          0x00000000        0x0 MCAL/DIO.o
 .data          0x00000000        0x0 MCAL/DIO.o
 .bss           0x00000000        0x0 MCAL/DIO.o
 .text.DIO_WritePin2
                0x00000000       0xc8 MCAL/DIO.o
 .text.DIO_ReadPin
                0x00000000       0x3a MCAL/DIO.o
 .text.DIO_TogglePin
                0x00000000       0x6a MCAL/DIO.o
 .text.DIO_ReadPin2
                0x00000000       0x30 MCAL/DIO.o
 .text.DIO_WritePort
                0x00000000       0x20 MCAL/DIO.o
 .text.DIO_ReadPort
                0x00000000       0x22 MCAL/DIO.o
 .text          0x00000000        0x0 MCAL/EX_interrupt.o
 .data          0x00000000        0x0 MCAL/EX_interrupt.o
 .bss           0x00000000        0x0 MCAL/EX_interrupt.o
 .text.Enable_EX
                0x00000000       0x52 MCAL/EX_interrupt.o
 .text.Disable_EX
                0x00000000       0x20 MCAL/EX_interrupt.o
 .text.EXCall_Back
                0x00000000       0x1e MCAL/EX_interrupt.o
 .text          0x00000000        0x0 MCAL/I2C.o
 .data          0x00000000        0x0 MCAL/I2C.o
 .bss           0x00000000        0x0 MCAL/I2C.o
 .text.I2C_SetAdderss
                0x00000000        0x6 MCAL/I2C.o
 .text.I2C_SetClock
                0x00000000        0xa MCAL/I2C.o
 .text.I2C_Enable
                0x00000000        0x8 MCAL/I2C.o
 .text.I2C_Init
                0x00000000       0x12 MCAL/I2C.o
 .text.I2C_StartCondition_Rstart
                0x00000000        0x6 MCAL/I2C.o
 .text.I2C_StopCondition
                0x00000000        0xe MCAL/I2C.o
 .text.I2C_SendData_Block
                0x00000000       0x2e MCAL/I2C.o
 .text.I2C_SendDataLine
                0x00000000        0x8 MCAL/I2C.o
 .text.I2C_ReadStatus
                0x00000000        0x6 MCAL/I2C.o
 .text.I2C_Flag
                0x00000000        0xa MCAL/I2C.o
 .text.I2C_R_Flag
                0x00000000        0xe MCAL/I2C.o
 .text.I2C_SendData_Block_sequance
                0x00000000       0x5c MCAL/I2C.o
 .comment       0x00000000       0x31 MCAL/I2C.o
 .text          0x00000000        0x0 MCAL/MTWI_prg.o
 .data          0x00000000        0x0 MCAL/MTWI_prg.o
 .bss           0x00000000        0x0 MCAL/MTWI_prg.o
 .text.MTWI_enInit
                0x00000000       0x1a MCAL/MTWI_prg.o
 .text.MTWI_enSendStart
                0x00000000        0xe MCAL/MTWI_prg.o
 .text.MTWI_enSendStop
                0x00000000        0x8 MCAL/MTWI_prg.o
 .text.MTWI_enSendByte
                0x00000000       0x10 MCAL/MTWI_prg.o
 .text.MTWI_enRecByteAck
                0x00000000       0x14 MCAL/MTWI_prg.o
 .text.MTWI_enRecByteNoAck
                0x00000000       0x14 MCAL/MTWI_prg.o
 .text.MTWI_enReadStatus
                0x00000000        0xc MCAL/MTWI_prg.o
 .comment       0x00000000       0x31 MCAL/MTWI_prg.o
 .text          0x00000000        0x0 MCAL/SPI.o
 .data          0x00000000        0x0 MCAL/SPI.o
 .bss           0x00000000        0x0 MCAL/SPI.o
 .text.SPI_Enable
                0x00000000        0x4 MCAL/SPI.o
 .text.SPI_CLOCK
                0x00000000       0x24 MCAL/SPI.o
 .text.SPI_Init
                0x00000000       0x14 MCAL/SPI.o
 .text.SPI_SendRecive_Timeout
                0x00000000       0x30 MCAL/SPI.o
 .text.SPI_SendRecive
                0x00000000        0xa MCAL/SPI.o
 .text.SPI_Recive_NOblock
                0x00000000        0x4 MCAL/SPI.o
 .text.SPI_Send_NOblock
                0x00000000        0x4 MCAL/SPI.o
 .text.SPI_Interrupt_Enable
                0x00000000        0x4 MCAL/SPI.o
 .text.SPI_Interrupt_Disable
                0x00000000        0x4 MCAL/SPI.o
 .text.SPI_Interrupt_CAll_Back
                0x00000000        0xa MCAL/SPI.o
 .text          0x00000000        0x0 MCAL/Timers.o
 .data          0x00000000        0x0 MCAL/Timers.o
 .bss           0x00000000        0x0 MCAL/Timers.o
 .text.TIMER0_OV_InterruptEnable
                0x00000000        0x8 MCAL/Timers.o
 .text.TIMER0_OV_InterruptDisable
                0x00000000        0x8 MCAL/Timers.o
 .text.TIMER0_OC_InterruptEnable
                0x00000000        0x8 MCAL/Timers.o
 .text.TIMER0_OC_InterruptDisable
                0x00000000        0x8 MCAL/Timers.o
 .text.Timer1_Init
                0x00000000       0x78 MCAL/Timers.o
 .text.Timer1_OCRA1Mode
                0x00000000       0x36 MCAL/Timers.o
 .text.Timer1_OCRB1Mode
                0x00000000       0x36 MCAL/Timers.o
 .text.Timer1_InputCaptureEdge
                0x00000000       0x16 MCAL/Timers.o
 .text.Timer1_ICU_InterruptEnable
                0x00000000        0x8 MCAL/Timers.o
 .text.Timer1_ICU_InterruptDisable
                0x00000000        0x8 MCAL/Timers.o
 .text.Timer1_OVF_InterruptEnable
                0x00000000        0x8 MCAL/Timers.o
 .text.Timer1_OVF_InterruptDisable
                0x00000000        0x8 MCAL/Timers.o
 .text.Timer1_OCA_InterruptEnable
                0x00000000        0x8 MCAL/Timers.o
 .text.Timer1_OCA_InterruptDisable
                0x00000000        0x8 MCAL/Timers.o
 .text.Timer1_OCB_InterruptEnable
                0x00000000        0x8 MCAL/Timers.o
 .text.Timer1_OCB_InterruptDisable
                0x00000000        0x8 MCAL/Timers.o
 .text.Timer1_OVF_SetCallBack
                0x00000000        0xa MCAL/Timers.o
 .text.Timer1_OCA_SetCallBack
                0x00000000        0xa MCAL/Timers.o
 .text.Timer1_OCB_SetCallBack
                0x00000000        0xa MCAL/Timers.o
 .text.Timer1_ICU_SetCallBack
                0x00000000        0xa MCAL/Timers.o
 .text          0x00000000        0x0 MCAL/UART.o
 .data          0x00000000        0x0 MCAL/UART.o
 .bss           0x00000000        0x0 MCAL/UART.o
 .text.UART_Init
                0x00000000        0xc MCAL/UART.o
 .text.UART_SendNoBlock
                0x00000000        0x4 MCAL/UART.o
 .text.UART_ReceiveNoBlock
                0x00000000        0x4 MCAL/UART.o
 .text.UART_Send
                0x00000000        0x8 MCAL/UART.o
 .text.UART_Receive
                0x00000000        0x8 MCAL/UART.o
 .text.UART_ReceivePerodic
                0x00000000       0x16 MCAL/UART.o
 .text.UART_RX_InterruptEnable
                0x00000000        0x4 MCAL/UART.o
 .text.UART_RX_InterruptDisable
                0x00000000        0x4 MCAL/UART.o
 .text.UART_TX_InterruptEnable
                0x00000000        0x4 MCAL/UART.o
 .text.UART_TX_InterruptDisable
                0x00000000        0x4 MCAL/UART.o
 .text.UART_RX_SetCallBack
                0x00000000        0xa MCAL/UART.o
 .text.UART_TX_SetCallBack
                0x00000000        0xa MCAL/UART.o
 .text          0x00000000        0x0 SERVICES/ADC_filer.o
 .data          0x00000000        0x0 SERVICES/ADC_filer.o
 .bss           0x00000000        0x0 SERVICES/ADC_filer.o
 .text.IsEmpty_Filter
                0x00000000       0x1e SERVICES/ADC_filer.o
 .text.DeQueue_ADC_Filter
                0x00000000       0x42 SERVICES/ADC_filer.o
 .text.IsFull_Filter
                0x00000000       0x1c SERVICES/ADC_filer.o
 .text.inQueue_ADC_Filter
                0x00000000       0x40 SERVICES/ADC_filer.o
 .text.ADC_filter_init
                0x00000000       0x3e SERVICES/ADC_filer.o
 .text.ADC_Call_Filter
                0x00000000       0x6a SERVICES/ADC_filer.o
 .text.ADC_Getter_Filter
                0x00000000       0x20 SERVICES/ADC_filer.o
 .rodata.str1.1
                0x00000000        0x2 SERVICES/ADC_filer.o
 .text.printQUE
                0x00000000       0x48 SERVICES/ADC_filer.o
 .bss.QUE_Flag  0x00000000        0x1 SERVICES/ADC_filer.o
 .bss.Pointer_tail
                0x00000000        0x1 SERVICES/ADC_filer.o
 .bss.Pointer_Head
                0x00000000        0x1 SERVICES/ADC_filer.o
 .bss.QueueAdc  0x00000000       0x14 SERVICES/ADC_filer.o
 .bss.filterData
                0x00000000        0x4 SERVICES/ADC_filer.o
 .comment       0x00000000       0x31 SERVICES/ADC_filer.o
 .text          0x00000000        0x0 SERVICES/ADC_SERVICE.o
 .data          0x00000000        0x0 SERVICES/ADC_SERVICE.o
 .bss           0x00000000        0x0 SERVICES/ADC_SERVICE.o
 .text.IsEmpty  0x00000000       0x1e SERVICES/ADC_SERVICE.o
 .text.DeQueue_ADC
                0x00000000       0x42 SERVICES/ADC_SERVICE.o
 .text          0x00000000        0x0 SERVICES/RGB_Data.o
 .data          0x00000000        0x0 SERVICES/RGB_Data.o
 .bss           0x00000000        0x0 SERVICES/RGB_Data.o
 .text.RGB_DATA_ISR_fun
                0x00000000       0x54 SERVICES/RGB_Data.o
 .text.RGB_DATA_Init
                0x00000000        0xc SERVICES/RGB_Data.o
 .text.RGB_DATA_Rannable
                0x00000000      0x110 SERVICES/RGB_Data.o
 .text.RGB_DATA_Getter
                0x00000000       0x2a SERVICES/RGB_Data.o
 .bss.RGB_puffer2
                0x00000000        0x5 SERVICES/RGB_Data.o
 .bss.RGB_puffer1
                0x00000000        0x5 SERVICES/RGB_Data.o
 .data.Data_access
                0x00000000        0x1 SERVICES/RGB_Data.o
 .bss.RC_flag   0x00000000        0x1 SERVICES/RGB_Data.o
 .bss.index     0x00000000        0x1 SERVICES/RGB_Data.o
 .comment       0x00000000       0x31 SERVICES/RGB_Data.o
 COMMON         0x00000000      0x154 SERVICES/RGB_Data.o
 .text          0x00000000        0x0 SERVICES/SPI_Service.o
 .data          0x00000000        0x0 SERVICES/SPI_Service.o
 .bss           0x00000000        0x0 SERVICES/SPI_Service.o
 .text.SPI_Service_Init
                0x00000000        0x8 SERVICES/SPI_Service.o
 .text.SPI_Stack_Push
                0x00000000       0x20 SERVICES/SPI_Service.o
 .text.SPI_Service_Interrupt
                0x00000000        0x8 SERVICES/SPI_Service.o
 .text.SPI_Stack_Pop
                0x00000000       0x22 SERVICES/SPI_Service.o
 .bss.stack_ptr
                0x00000000        0x1 SERVICES/SPI_Service.o
 .bss.SPI_STACK
                0x00000000       0x14 SERVICES/SPI_Service.o
 .comment       0x00000000       0x31 SERVICES/SPI_Service.o
 .text          0x00000000        0x0 SERVICES/UartServices.o
 .data          0x00000000        0x0 SERVICES/UartServices.o
 .bss           0x00000000        0x0 SERVICES/UartServices.o
 .text.TX_Func  0x00000000       0x2a SERVICES/UartServices.o
 .text.RX_Func  0x00000000       0x2a SERVICES/UartServices.o
 .text.UART_SendString
                0x00000000       0x26 SERVICES/UartServices.o
 .text.UART_ReceiveString
                0x00000000       0x42 SERVICES/UartServices.o
 .text.UART_SendNumber
                0x00000000       0x2a SERVICES/UartServices.o
 .text.UART_RecieveNumber
                0x00000000       0x44 SERVICES/UartServices.o
 .text.endian_check
                0x00000000        0x4 SERVICES/UartServices.o
 .text.endian_convert
                0x00000000        0x6 SERVICES/UartServices.o
 .text.endian_convert16
                0x00000000        0x8 SERVICES/UartServices.o
 .text.UART_SendStringCheckSum
                0x00000000       0x56 SERVICES/UartServices.o
 .text.UART_ReceiveStringCheckSum
                0x00000000       0x5c SERVICES/UartServices.o
 .text.UART_SendStringAsynch
                0x00000000       0x26 SERVICES/UartServices.o
 .text.UART_ReceiveStringAsynch
                0x00000000       0x20 SERVICES/UartServices.o
 .text.UartFrameSeparate
                0x00000000       0x86 SERVICES/UartServices.o
 .text.UartReciveStringS_D
                0x00000000       0x44 SERVICES/UartServices.o
 .bss.i.1707    0x00000000        0x1 SERVICES/UartServices.o
 .data.i.1697   0x00000000        0x1 SERVICES/UartServices.o
 .bss.TXStr     0x00000000        0x2 SERVICES/UartServices.o
 .comment       0x00000000       0x31 SERVICES/UartServices.o
 COMMON         0x00000000        0x2 SERVICES/UartServices.o
 .text          0x00000000        0x0 f:/mohamed/7.0/toolchain/avr8/avr8-gnu-toolchain/bin/../lib/gcc/avr/5.4.0/avr5\libgcc.a(_mulsi3.o)
 .data          0x00000000        0x0 f:/mohamed/7.0/toolchain/avr8/avr8-gnu-toolchain/bin/../lib/gcc/avr/5.4.0/avr5\libgcc.a(_mulsi3.o)
 .bss           0x00000000        0x0 f:/mohamed/7.0/toolchain/avr8/avr8-gnu-toolchain/bin/../lib/gcc/avr/5.4.0/avr5\libgcc.a(_mulsi3.o)
 .text.libgcc.mul
                0x00000000       0x20 f:/mohamed/7.0/toolchain/avr8/avr8-gnu-toolchain/bin/../lib/gcc/avr/5.4.0/avr5\libgcc.a(_mulsi3.o)
 .text.libgcc.div
                0x00000000        0x0 f:/mohamed/7.0/toolchain/avr8/avr8-gnu-toolchain/bin/../lib/gcc/avr/5.4.0/avr5\libgcc.a(_mulsi3.o)
 .text.libgcc   0x00000000        0x0 f:/mohamed/7.0/toolchain/avr8/avr8-gnu-toolchain/bin/../lib/gcc/avr/5.4.0/avr5\libgcc.a(_mulsi3.o)
 .text.libgcc.prologue
                0x00000000        0x0 f:/mohamed/7.0/toolchain/avr8/avr8-gnu-toolchain/bin/../lib/gcc/avr/5.4.0/avr5\libgcc.a(_mulsi3.o)
 .text.libgcc.builtins
                0x00000000        0x0 f:/mohamed/7.0/toolchain/avr8/avr8-gnu-toolchain/bin/../lib/gcc/avr/5.4.0/avr5\libgcc.a(_mulsi3.o)
 .text.libgcc.fmul
                0x00000000        0x0 f:/mohamed/7.0/toolchain/avr8/avr8-gnu-toolchain/bin/../lib/gcc/avr/5.4.0/avr5\libgcc.a(_mulsi3.o)
 .text.libgcc.fixed
                0x00000000        0x0 f:/mohamed/7.0/toolchain/avr8/avr8-gnu-toolchain/bin/../lib/gcc/avr/5.4.0/avr5\libgcc.a(_mulsi3.o)
 .text          0x00000000        0x0 f:/mohamed/7.0/toolchain/avr8/avr8-gnu-toolchain/bin/../lib/gcc/avr/5.4.0/avr5\libgcc.a(_udivmodqi4.o)
 .data          0x00000000        0x0 f:/mohamed/7.0/toolchain/avr8/avr8-gnu-toolchain/bin/../lib/gcc/avr/5.4.0/avr5\libgcc.a(_udivmodqi4.o)
 .bss           0x00000000        0x0 f:/mohamed/7.0/toolchain/avr8/avr8-gnu-toolchain/bin/../lib/gcc/avr/5.4.0/avr5\libgcc.a(_udivmodqi4.o)
 .text.libgcc.mul
                0x00000000        0x0 f:/mohamed/7.0/toolchain/avr8/avr8-gnu-toolchain/bin/../lib/gcc/avr/5.4.0/avr5\libgcc.a(_udivmodqi4.o)
 .text.libgcc   0x00000000        0x0 f:/mohamed/7.0/toolchain/avr8/avr8-gnu-toolchain/bin/../lib/gcc/avr/5.4.0/avr5\libgcc.a(_udivmodqi4.o)
 .text.libgcc.prologue
                0x00000000        0x0 f:/mohamed/7.0/toolchain/avr8/avr8-gnu-toolchain/bin/../lib/gcc/avr/5.4.0/avr5\libgcc.a(_udivmodqi4.o)
 .text.libgcc.builtins
                0x00000000        0x0 f:/mohamed/7.0/toolchain/avr8/avr8-gnu-toolchain/bin/../lib/gcc/avr/5.4.0/avr5\libgcc.a(_udivmodqi4.o)
 .text.libgcc.fmul
                0x00000000        0x0 f:/mohamed/7.0/toolchain/avr8/avr8-gnu-toolchain/bin/../lib/gcc/avr/5.4.0/avr5\libgcc.a(_udivmodqi4.o)
 .text.libgcc.fixed
                0x00000000        0x0 f:/mohamed/7.0/toolchain/avr8/avr8-gnu-toolchain/bin/../lib/gcc/avr/5.4.0/avr5\libgcc.a(_udivmodqi4.o)
 .text          0x00000000        0x0 f:/mohamed/7.0/toolchain/avr8/avr8-gnu-toolchain/bin/../lib/gcc/avr/5.4.0/avr5\libgcc.a(_udivmodhi4.o)
 .data          0x00000000        0x0 f:/mohamed/7.0/toolchain/avr8/avr8-gnu-toolchain/bin/../lib/gcc/avr/5.4.0/avr5\libgcc.a(_udivmodhi4.o)
 .bss           0x00000000        0x0 f:/mohamed/7.0/toolchain/avr8/avr8-gnu-toolchain/bin/../lib/gcc/avr/5.4.0/avr5\libgcc.a(_udivmodhi4.o)
 .text.libgcc.mul
                0x00000000        0x0 f:/mohamed/7.0/toolchain/avr8/avr8-gnu-toolchain/bin/../lib/gcc/avr/5.4.0/avr5\libgcc.a(_udivmodhi4.o)
 .text.libgcc.div
                0x00000000       0x28 f:/mohamed/7.0/toolchain/avr8/avr8-gnu-toolchain/bin/../lib/gcc/avr/5.4.0/avr5\libgcc.a(_udivmodhi4.o)
 .text.libgcc   0x00000000        0x0 f:/mohamed/7.0/toolchain/avr8/avr8-gnu-toolchain/bin/../lib/gcc/avr/5.4.0/avr5\libgcc.a(_udivmodhi4.o)
 .text.libgcc.prologue
                0x00000000        0x0 f:/mohamed/7.0/toolchain/avr8/avr8-gnu-toolchain/bin/../lib/gcc/avr/5.4.0/avr5\libgcc.a(_udivmodhi4.o)
 .text.libgcc.builtins
                0x00000000        0x0 f:/mohamed/7.0/toolchain/avr8/avr8-gnu-toolchain/bin/../lib/gcc/avr/5.4.0/avr5\libgcc.a(_udivmodhi4.o)
 .text.libgcc.fmul
                0x00000000        0x0 f:/mohamed/7.0/toolchain/avr8/avr8-gnu-toolchain/bin/../lib/gcc/avr/5.4.0/avr5\libgcc.a(_udivmodhi4.o)
 .text.libgcc.fixed
                0x00000000        0x0 f:/mohamed/7.0/toolchain/avr8/avr8-gnu-toolchain/bin/../lib/gcc/avr/5.4.0/avr5\libgcc.a(_udivmodhi4.o)
 .text          0x00000000        0x0 f:/mohamed/7.0/toolchain/avr8/avr8-gnu-toolchain/bin/../lib/gcc/avr/5.4.0/avr5\libgcc.a(_udivmodsi4.o)
 .data          0x00000000        0x0 f:/mohamed/7.0/toolchain/avr8/avr8-gnu-toolchain/bin/../lib/gcc/avr/5.4.0/avr5\libgcc.a(_udivmodsi4.o)
 .bss           0x00000000        0x0 f:/mohamed/7.0/toolchain/avr8/avr8-gnu-toolchain/bin/../lib/gcc/avr/5.4.0/avr5\libgcc.a(_udivmodsi4.o)
 .text.libgcc.mul
                0x00000000        0x0 f:/mohamed/7.0/toolchain/avr8/avr8-gnu-toolchain/bin/../lib/gcc/avr/5.4.0/avr5\libgcc.a(_udivmodsi4.o)
 .text.libgcc.div
                0x00000000       0x44 f:/mohamed/7.0/toolchain/avr8/avr8-gnu-toolchain/bin/../lib/gcc/avr/5.4.0/avr5\libgcc.a(_udivmodsi4.o)
 .text.libgcc   0x00000000        0x0 f:/mohamed/7.0/toolchain/avr8/avr8-gnu-toolchain/bin/../lib/gcc/avr/5.4.0/avr5\libgcc.a(_udivmodsi4.o)
 .text.libgcc.prologue
                0x00000000        0x0 f:/mohamed/7.0/toolchain/avr8/avr8-gnu-toolchain/bin/../lib/gcc/avr/5.4.0/avr5\libgcc.a(_udivmodsi4.o)
 .text.libgcc.builtins
                0x00000000        0x0 f:/mohamed/7.0/toolchain/avr8/avr8-gnu-toolchain/bin/../lib/gcc/avr/5.4.0/avr5\libgcc.a(_udivmodsi4.o)
 .text.libgcc.fmul
                0x00000000        0x0 f:/mohamed/7.0/toolchain/avr8/avr8-gnu-toolchain/bin/../lib/gcc/avr/5.4.0/avr5\libgcc.a(_udivmodsi4.o)
 .text.libgcc.fixed
                0x00000000        0x0 f:/mohamed/7.0/toolchain/avr8/avr8-gnu-toolchain/bin/../lib/gcc/avr/5.4.0/avr5\libgcc.a(_udivmodsi4.o)
 .text          0x00000000        0x0 f:/mohamed/7.0/toolchain/avr8/avr8-gnu-toolchain/bin/../lib/gcc/avr/5.4.0/avr5\libgcc.a(_divmodsi4.o)
 .data          0x00000000        0x0 f:/mohamed/7.0/toolchain/avr8/avr8-gnu-toolchain/bin/../lib/gcc/avr/5.4.0/avr5\libgcc.a(_divmodsi4.o)
 .bss           0x00000000        0x0 f:/mohamed/7.0/toolchain/avr8/avr8-gnu-toolchain/bin/../lib/gcc/avr/5.4.0/avr5\libgcc.a(_divmodsi4.o)
 .text.libgcc.mul
                0x00000000        0x0 f:/mohamed/7.0/toolchain/avr8/avr8-gnu-toolchain/bin/../lib/gcc/avr/5.4.0/avr5\libgcc.a(_divmodsi4.o)
 .text.libgcc.div
                0x00000000       0x2e f:/mohamed/7.0/toolchain/avr8/avr8-gnu-toolchain/bin/../lib/gcc/avr/5.4.0/avr5\libgcc.a(_divmodsi4.o)
 .text.libgcc   0x00000000        0x0 f:/mohamed/7.0/toolchain/avr8/avr8-gnu-toolchain/bin/../lib/gcc/avr/5.4.0/avr5\libgcc.a(_divmodsi4.o)
 .text.libgcc.prologue
                0x00000000        0x0 f:/mohamed/7.0/toolchain/avr8/avr8-gnu-toolchain/bin/../lib/gcc/avr/5.4.0/avr5\libgcc.a(_divmodsi4.o)
 .text.libgcc.builtins
                0x00000000        0x0 f:/mohamed/7.0/toolchain/avr8/avr8-gnu-toolchain/bin/../lib/gcc/avr/5.4.0/avr5\libgcc.a(_divmodsi4.o)
 .text.libgcc.fmul
                0x00000000        0x0 f:/mohamed/7.0/toolchain/avr8/avr8-gnu-toolchain/bin/../lib/gcc/avr/5.4.0/avr5\libgcc.a(_divmodsi4.o)
 .text.libgcc.fixed
                0x00000000        0x0 f:/mohamed/7.0/toolchain/avr8/avr8-gnu-toolchain/bin/../lib/gcc/avr/5.4.0/avr5\libgcc.a(_divmodsi4.o)
 .text          0x00000000        0x0 f:/mohamed/7.0/toolchain/avr8/avr8-gnu-toolchain/bin/../lib/gcc/avr/5.4.0/avr5\libgcc.a(_negsi2.o)
 .data          0x00000000        0x0 f:/mohamed/7.0/toolchain/avr8/avr8-gnu-toolchain/bin/../lib/gcc/avr/5.4.0/avr5\libgcc.a(_negsi2.o)
 .bss           0x00000000        0x0 f:/mohamed/7.0/toolchain/avr8/avr8-gnu-toolchain/bin/../lib/gcc/avr/5.4.0/avr5\libgcc.a(_negsi2.o)
 .text.libgcc.mul
                0x00000000        0x0 f:/mohamed/7.0/toolchain/avr8/avr8-gnu-toolchain/bin/../lib/gcc/avr/5.4.0/avr5\libgcc.a(_negsi2.o)
 .text.libgcc.div
                0x00000000       0x10 f:/mohamed/7.0/toolchain/avr8/avr8-gnu-toolchain/bin/../lib/gcc/avr/5.4.0/avr5\libgcc.a(_negsi2.o)
 .text.libgcc   0x00000000        0x0 f:/mohamed/7.0/toolchain/avr8/avr8-gnu-toolchain/bin/../lib/gcc/avr/5.4.0/avr5\libgcc.a(_negsi2.o)
 .text.libgcc.prologue
                0x00000000        0x0 f:/mohamed/7.0/toolchain/avr8/avr8-gnu-toolchain/bin/../lib/gcc/avr/5.4.0/avr5\libgcc.a(_negsi2.o)
 .text.libgcc.builtins
                0x00000000        0x0 f:/mohamed/7.0/toolchain/avr8/avr8-gnu-toolchain/bin/../lib/gcc/avr/5.4.0/avr5\libgcc.a(_negsi2.o)
 .text.libgcc.fmul
                0x00000000        0x0 f:/mohamed/7.0/toolchain/avr8/avr8-gnu-toolchain/bin/../lib/gcc/avr/5.4.0/avr5\libgcc.a(_negsi2.o)
 .text.libgcc.fixed
                0x00000000        0x0 f:/mohamed/7.0/toolchain/avr8/avr8-gnu-toolchain/bin/../lib/gcc/avr/5.4.0/avr5\libgcc.a(_negsi2.o)
 .text          0x00000000        0x0 f:/mohamed/7.0/toolchain/avr8/avr8-gnu-toolchain/bin/../lib/gcc/avr/5.4.0/avr5\libgcc.a(_exit.o)
 .data          0x00000000        0x0 f:/mohamed/7.0/toolchain/avr8/avr8-gnu-toolchain/bin/../lib/gcc/avr/5.4.0/avr5\libgcc.a(_exit.o)
 .bss           0x00000000        0x0 f:/mohamed/7.0/toolchain/avr8/avr8-gnu-toolchain/bin/../lib/gcc/avr/5.4.0/avr5\libgcc.a(_exit.o)
 .text.libgcc.mul
                0x00000000        0x0 f:/mohamed/7.0/toolchain/avr8/avr8-gnu-toolchain/bin/../lib/gcc/avr/5.4.0/avr5\libgcc.a(_exit.o)
 .text.libgcc.div
                0x00000000        0x0 f:/mohamed/7.0/toolchain/avr8/avr8-gnu-toolchain/bin/../lib/gcc/avr/5.4.0/avr5\libgcc.a(_exit.o)
 .text.libgcc   0x00000000        0x0 f:/mohamed/7.0/toolchain/avr8/avr8-gnu-toolchain/bin/../lib/gcc/avr/5.4.0/avr5\libgcc.a(_exit.o)
 .text.libgcc.prologue
                0x00000000        0x0 f:/mohamed/7.0/toolchain/avr8/avr8-gnu-toolchain/bin/../lib/gcc/avr/5.4.0/avr5\libgcc.a(_exit.o)
 .text.libgcc.builtins
                0x00000000        0x0 f:/mohamed/7.0/toolchain/avr8/avr8-gnu-toolchain/bin/../lib/gcc/avr/5.4.0/avr5\libgcc.a(_exit.o)
 .text.libgcc.fmul
                0x00000000        0x0 f:/mohamed/7.0/toolchain/avr8/avr8-gnu-toolchain/bin/../lib/gcc/avr/5.4.0/avr5\libgcc.a(_exit.o)
 .text.libgcc.fixed
                0x00000000        0x0 f:/mohamed/7.0/toolchain/avr8/avr8-gnu-toolchain/bin/../lib/gcc/avr/5.4.0/avr5\libgcc.a(_exit.o)
 .text          0x00000000        0x0 f:/mohamed/7.0/toolchain/avr8/avr8-gnu-toolchain/bin/../lib/gcc/avr/5.4.0/avr5\libgcc.a(_copy_data.o)
 .data          0x00000000        0x0 f:/mohamed/7.0/toolchain/avr8/avr8-gnu-toolchain/bin/../lib/gcc/avr/5.4.0/avr5\libgcc.a(_copy_data.o)
 .bss           0x00000000        0x0 f:/mohamed/7.0/toolchain/avr8/avr8-gnu-toolchain/bin/../lib/gcc/avr/5.4.0/avr5\libgcc.a(_copy_data.o)
 .text.libgcc.mul
                0x00000000        0x0 f:/mohamed/7.0/toolchain/avr8/avr8-gnu-toolchain/bin/../lib/gcc/avr/5.4.0/avr5\libgcc.a(_copy_data.o)
 .text.libgcc.div
                0x00000000        0x0 f:/mohamed/7.0/toolchain/avr8/avr8-gnu-toolchain/bin/../lib/gcc/avr/5.4.0/avr5\libgcc.a(_copy_data.o)
 .text.libgcc   0x00000000        0x0 f:/mohamed/7.0/toolchain/avr8/avr8-gnu-toolchain/bin/../lib/gcc/avr/5.4.0/avr5\libgcc.a(_copy_data.o)
 .text.libgcc.prologue
                0x00000000        0x0 f:/mohamed/7.0/toolchain/avr8/avr8-gnu-toolchain/bin/../lib/gcc/avr/5.4.0/avr5\libgcc.a(_copy_data.o)
 .text.libgcc.builtins
                0x00000000        0x0 f:/mohamed/7.0/toolchain/avr8/avr8-gnu-toolchain/bin/../lib/gcc/avr/5.4.0/avr5\libgcc.a(_copy_data.o)
 .text.libgcc.fmul
                0x00000000        0x0 f:/mohamed/7.0/toolchain/avr8/avr8-gnu-toolchain/bin/../lib/gcc/avr/5.4.0/avr5\libgcc.a(_copy_data.o)
 .text.libgcc.fixed
                0x00000000        0x0 f:/mohamed/7.0/toolchain/avr8/avr8-gnu-toolchain/bin/../lib/gcc/avr/5.4.0/avr5\libgcc.a(_copy_data.o)
 .text          0x00000000        0x0 f:/mohamed/7.0/toolchain/avr8/avr8-gnu-toolchain/bin/../lib/gcc/avr/5.4.0/avr5\libgcc.a(_clear_bss.o)
 .data          0x00000000        0x0 f:/mohamed/7.0/toolchain/avr8/avr8-gnu-toolchain/bin/../lib/gcc/avr/5.4.0/avr5\libgcc.a(_clear_bss.o)
 .bss           0x00000000        0x0 f:/mohamed/7.0/toolchain/avr8/avr8-gnu-toolchain/bin/../lib/gcc/avr/5.4.0/avr5\libgcc.a(_clear_bss.o)
 .text.libgcc.mul
                0x00000000        0x0 f:/mohamed/7.0/toolchain/avr8/avr8-gnu-toolchain/bin/../lib/gcc/avr/5.4.0/avr5\libgcc.a(_clear_bss.o)
 .text.libgcc.div
                0x00000000        0x0 f:/mohamed/7.0/toolchain/avr8/avr8-gnu-toolchain/bin/../lib/gcc/avr/5.4.0/avr5\libgcc.a(_clear_bss.o)
 .text.libgcc   0x00000000        0x0 f:/mohamed/7.0/toolchain/avr8/avr8-gnu-toolchain/bin/../lib/gcc/avr/5.4.0/avr5\libgcc.a(_clear_bss.o)
 .text.libgcc.prologue
                0x00000000        0x0 f:/mohamed/7.0/toolchain/avr8/avr8-gnu-toolchain/bin/../lib/gcc/avr/5.4.0/avr5\libgcc.a(_clear_bss.o)
 .text.libgcc.builtins
                0x00000000        0x0 f:/mohamed/7.0/toolchain/avr8/avr8-gnu-toolchain/bin/../lib/gcc/avr/5.4.0/avr5\libgcc.a(_clear_bss.o)
 .text.libgcc.fmul
                0x00000000        0x0 f:/mohamed/7.0/toolchain/avr8/avr8-gnu-toolchain/bin/../lib/gcc/avr/5.4.0/avr5\libgcc.a(_clear_bss.o)
 .text.libgcc.fixed
                0x00000000        0x0 f:/mohamed/7.0/toolchain/avr8/avr8-gnu-toolchain/bin/../lib/gcc/avr/5.4.0/avr5\libgcc.a(_clear_bss.o)
 .text          0x00000000        0x0 f:/mohamed/7.0/toolchain/avr8/avr8-gnu-toolchain/bin/../lib/gcc/avr/5.4.0/avr5\libgcc.a(_bswapsi2.o)
 .data          0x00000000        0x0 f:/mohamed/7.0/toolchain/avr8/avr8-gnu-toolchain/bin/../lib/gcc/avr/5.4.0/avr5\libgcc.a(_bswapsi2.o)
 .bss           0x00000000        0x0 f:/mohamed/7.0/toolchain/avr8/avr8-gnu-toolchain/bin/../lib/gcc/avr/5.4.0/avr5\libgcc.a(_bswapsi2.o)
 .text.libgcc.mul
                0x00000000        0x0 f:/mohamed/7.0/toolchain/avr8/avr8-gnu-toolchain/bin/../lib/gcc/avr/5.4.0/avr5\libgcc.a(_bswapsi2.o)
 .text.libgcc.div
                0x00000000        0x0 f:/mohamed/7.0/toolchain/avr8/avr8-gnu-toolchain/bin/../lib/gcc/avr/5.4.0/avr5\libgcc.a(_bswapsi2.o)
 .text.libgcc   0x00000000        0x0 f:/mohamed/7.0/toolchain/avr8/avr8-gnu-toolchain/bin/../lib/gcc/avr/5.4.0/avr5\libgcc.a(_bswapsi2.o)
 .text.libgcc.prologue
                0x00000000        0x0 f:/mohamed/7.0/toolchain/avr8/avr8-gnu-toolchain/bin/../lib/gcc/avr/5.4.0/avr5\libgcc.a(_bswapsi2.o)
 .text.libgcc.builtins
                0x00000000        0xe f:/mohamed/7.0/toolchain/avr8/avr8-gnu-toolchain/bin/../lib/gcc/avr/5.4.0/avr5\libgcc.a(_bswapsi2.o)
 .text.libgcc.fmul
                0x00000000        0x0 f:/mohamed/7.0/toolchain/avr8/avr8-gnu-toolchain/bin/../lib/gcc/avr/5.4.0/avr5\libgcc.a(_bswapsi2.o)
 .text.libgcc.fixed
                0x00000000        0x0 f:/mohamed/7.0/toolchain/avr8/avr8-gnu-toolchain/bin/../lib/gcc/avr/5.4.0/avr5\libgcc.a(_bswapsi2.o)
 .text          0x00000000        0x0 f:/mohamed/7.0/toolchain/avr8/avr8-gnu-toolchain/bin/../lib/gcc/avr/5.4.0/avr5\libgcc.a(_umulhisi3.o)
 .data          0x00000000        0x0 f:/mohamed/7.0/toolchain/avr8/avr8-gnu-toolchain/bin/../lib/gcc/avr/5.4.0/avr5\libgcc.a(_umulhisi3.o)
 .bss           0x00000000        0x0 f:/mohamed/7.0/toolchain/avr8/avr8-gnu-toolchain/bin/../lib/gcc/avr/5.4.0/avr5\libgcc.a(_umulhisi3.o)
 .text.libgcc.mul
                0x00000000       0x1e f:/mohamed/7.0/toolchain/avr8/avr8-gnu-toolchain/bin/../lib/gcc/avr/5.4.0/avr5\libgcc.a(_umulhisi3.o)
 .text.libgcc.div
                0x00000000        0x0 f:/mohamed/7.0/toolchain/avr8/avr8-gnu-toolchain/bin/../lib/gcc/avr/5.4.0/avr5\libgcc.a(_umulhisi3.o)
 .text.libgcc   0x00000000        0x0 f:/mohamed/7.0/toolchain/avr8/avr8-gnu-toolchain/bin/../lib/gcc/avr/5.4.0/avr5\libgcc.a(_umulhisi3.o)
 .text.libgcc.prologue
                0x00000000        0x0 f:/mohamed/7.0/toolchain/avr8/avr8-gnu-toolchain/bin/../lib/gcc/avr/5.4.0/avr5\libgcc.a(_umulhisi3.o)
 .text.libgcc.builtins
                0x00000000        0x0 f:/mohamed/7.0/toolchain/avr8/avr8-gnu-toolchain/bin/../lib/gcc/avr/5.4.0/avr5\libgcc.a(_umulhisi3.o)
 .text.libgcc.fmul
                0x00000000        0x0 f:/mohamed/7.0/toolchain/avr8/avr8-gnu-toolchain/bin/../lib/gcc/avr/5.4.0/avr5\libgcc.a(_umulhisi3.o)
 .text.libgcc.fixed
                0x00000000        0x0 f:/mohamed/7.0/toolchain/avr8/avr8-gnu-toolchain/bin/../lib/gcc/avr/5.4.0/avr5\libgcc.a(_umulhisi3.o)
 .text          0x00000000        0x0 f:/mohamed/7.0/toolchain/avr8/avr8-gnu-toolchain/bin/../lib/gcc/avr/5.4.0/avr5\libgcc.a(_muluhisi3.o)
 .data          0x00000000        0x0 f:/mohamed/7.0/toolchain/avr8/avr8-gnu-toolchain/bin/../lib/gcc/avr/5.4.0/avr5\libgcc.a(_muluhisi3.o)
 .bss           0x00000000        0x0 f:/mohamed/7.0/toolchain/avr8/avr8-gnu-toolchain/bin/../lib/gcc/avr/5.4.0/avr5\libgcc.a(_muluhisi3.o)
 .text.libgcc.mul
                0x00000000       0x16 f:/mohamed/7.0/toolchain/avr8/avr8-gnu-toolchain/bin/../lib/gcc/avr/5.4.0/avr5\libgcc.a(_muluhisi3.o)
 .text.libgcc.div
                0x00000000        0x0 f:/mohamed/7.0/toolchain/avr8/avr8-gnu-toolchain/bin/../lib/gcc/avr/5.4.0/avr5\libgcc.a(_muluhisi3.o)
 .text.libgcc   0x00000000        0x0 f:/mohamed/7.0/toolchain/avr8/avr8-gnu-toolchain/bin/../lib/gcc/avr/5.4.0/avr5\libgcc.a(_muluhisi3.o)
 .text.libgcc.prologue
                0x00000000        0x0 f:/mohamed/7.0/toolchain/avr8/avr8-gnu-toolchain/bin/../lib/gcc/avr/5.4.0/avr5\libgcc.a(_muluhisi3.o)
 .text.libgcc.builtins
                0x00000000        0x0 f:/mohamed/7.0/toolchain/avr8/avr8-gnu-toolchain/bin/../lib/gcc/avr/5.4.0/avr5\libgcc.a(_muluhisi3.o)
 .text.libgcc.fmul
                0x00000000        0x0 f:/mohamed/7.0/toolchain/avr8/avr8-gnu-toolchain/bin/../lib/gcc/avr/5.4.0/avr5\libgcc.a(_muluhisi3.o)
 .text.libgcc.fixed
                0x00000000        0x0 f:/mohamed/7.0/toolchain/avr8/avr8-gnu-toolchain/bin/../lib/gcc/avr/5.4.0/avr5\libgcc.a(_muluhisi3.o)
 .text          0x00000000        0x0 f:/mohamed/7.0/toolchain/avr8/avr8-gnu-toolchain/bin/../lib/gcc/avr/5.4.0/avr5\libgcc.a(_muldi3.o)
 .data          0x00000000        0x0 f:/mohamed/7.0/toolchain/avr8/avr8-gnu-toolchain/bin/../lib/gcc/avr/5.4.0/avr5\libgcc.a(_muldi3.o)
 .bss           0x00000000        0x0 f:/mohamed/7.0/toolchain/avr8/avr8-gnu-toolchain/bin/../lib/gcc/avr/5.4.0/avr5\libgcc.a(_muldi3.o)
 .text.libgcc.mul
                0x00000000       0xa0 f:/mohamed/7.0/toolchain/avr8/avr8-gnu-toolchain/bin/../lib/gcc/avr/5.4.0/avr5\libgcc.a(_muldi3.o)
 .text.libgcc.div
                0x00000000        0x0 f:/mohamed/7.0/toolchain/avr8/avr8-gnu-toolchain/bin/../lib/gcc/avr/5.4.0/avr5\libgcc.a(_muldi3.o)
 .text.libgcc   0x00000000        0x0 f:/mohamed/7.0/toolchain/avr8/avr8-gnu-toolchain/bin/../lib/gcc/avr/5.4.0/avr5\libgcc.a(_muldi3.o)
 .text.libgcc.prologue
                0x00000000        0x0 f:/mohamed/7.0/toolchain/avr8/avr8-gnu-toolchain/bin/../lib/gcc/avr/5.4.0/avr5\libgcc.a(_muldi3.o)
 .text.libgcc.builtins
                0x00000000        0x0 f:/mohamed/7.0/toolchain/avr8/avr8-gnu-toolchain/bin/../lib/gcc/avr/5.4.0/avr5\libgcc.a(_muldi3.o)
 .text.libgcc.fmul
                0x00000000        0x0 f:/mohamed/7.0/toolchain/avr8/avr8-gnu-toolchain/bin/../lib/gcc/avr/5.4.0/avr5\libgcc.a(_muldi3.o)
 .text.libgcc.fixed
                0x00000000        0x0 f:/mohamed/7.0/toolchain/avr8/avr8-gnu-toolchain/bin/../lib/gcc/avr/5.4.0/avr5\libgcc.a(_muldi3.o)
 .text          0x00000000        0x0 f:/mohamed/7.0/toolchain/avr8/avr8-gnu-toolchain/bin/../lib/gcc/avr/5.4.0/avr5\libgcc.a(_muldi3_6.o)
 .data          0x00000000        0x0 f:/mohamed/7.0/toolchain/avr8/avr8-gnu-toolchain/bin/../lib/gcc/avr/5.4.0/avr5\libgcc.a(_muldi3_6.o)
 .bss           0x00000000        0x0 f:/mohamed/7.0/toolchain/avr8/avr8-gnu-toolchain/bin/../lib/gcc/avr/5.4.0/avr5\libgcc.a(_muldi3_6.o)
 .text.libgcc.mul
                0x00000000       0x12 f:/mohamed/7.0/toolchain/avr8/avr8-gnu-toolchain/bin/../lib/gcc/avr/5.4.0/avr5\libgcc.a(_muldi3_6.o)
 .text.libgcc.div
                0x00000000        0x0 f:/mohamed/7.0/toolchain/avr8/avr8-gnu-toolchain/bin/../lib/gcc/avr/5.4.0/avr5\libgcc.a(_muldi3_6.o)
 .text.libgcc   0x00000000        0x0 f:/mohamed/7.0/toolchain/avr8/avr8-gnu-toolchain/bin/../lib/gcc/avr/5.4.0/avr5\libgcc.a(_muldi3_6.o)
 .text.libgcc.prologue
                0x00000000        0x0 f:/mohamed/7.0/toolchain/avr8/avr8-gnu-toolchain/bin/../lib/gcc/avr/5.4.0/avr5\libgcc.a(_muldi3_6.o)
 .text.libgcc.builtins
                0x00000000        0x0 f:/mohamed/7.0/toolchain/avr8/avr8-gnu-toolchain/bin/../lib/gcc/avr/5.4.0/avr5\libgcc.a(_muldi3_6.o)
 .text.libgcc.fmul
                0x00000000        0x0 f:/mohamed/7.0/toolchain/avr8/avr8-gnu-toolchain/bin/../lib/gcc/avr/5.4.0/avr5\libgcc.a(_muldi3_6.o)
 .text.libgcc.fixed
                0x00000000        0x0 f:/mohamed/7.0/toolchain/avr8/avr8-gnu-toolchain/bin/../lib/gcc/avr/5.4.0/avr5\libgcc.a(_muldi3_6.o)
 .text          0x00000000        0x0 f:/mohamed/7.0/toolchain/avr8/avr8-gnu-toolchain/bin/../lib/gcc/avr/5.4.0/avr5\libgcc.a(_divdi3.o)
 .data          0x00000000        0x0 f:/mohamed/7.0/toolchain/avr8/avr8-gnu-toolchain/bin/../lib/gcc/avr/5.4.0/avr5\libgcc.a(_divdi3.o)
 .bss           0x00000000        0x0 f:/mohamed/7.0/toolchain/avr8/avr8-gnu-toolchain/bin/../lib/gcc/avr/5.4.0/avr5\libgcc.a(_divdi3.o)
 .text.libgcc.mul
                0x00000000        0x0 f:/mohamed/7.0/toolchain/avr8/avr8-gnu-toolchain/bin/../lib/gcc/avr/5.4.0/avr5\libgcc.a(_divdi3.o)
 .text.libgcc.div
                0x00000000       0x62 f:/mohamed/7.0/toolchain/avr8/avr8-gnu-toolchain/bin/../lib/gcc/avr/5.4.0/avr5\libgcc.a(_divdi3.o)
 .text.libgcc   0x00000000        0x0 f:/mohamed/7.0/toolchain/avr8/avr8-gnu-toolchain/bin/../lib/gcc/avr/5.4.0/avr5\libgcc.a(_divdi3.o)
 .text.libgcc.prologue
                0x00000000        0x0 f:/mohamed/7.0/toolchain/avr8/avr8-gnu-toolchain/bin/../lib/gcc/avr/5.4.0/avr5\libgcc.a(_divdi3.o)
 .text.libgcc.builtins
                0x00000000        0x0 f:/mohamed/7.0/toolchain/avr8/avr8-gnu-toolchain/bin/../lib/gcc/avr/5.4.0/avr5\libgcc.a(_divdi3.o)
 .text.libgcc.fmul
                0x00000000        0x0 f:/mohamed/7.0/toolchain/avr8/avr8-gnu-toolchain/bin/../lib/gcc/avr/5.4.0/avr5\libgcc.a(_divdi3.o)
 .text.libgcc.fixed
                0x00000000        0x0 f:/mohamed/7.0/toolchain/avr8/avr8-gnu-toolchain/bin/../lib/gcc/avr/5.4.0/avr5\libgcc.a(_divdi3.o)
 .text          0x00000000        0x0 f:/mohamed/7.0/toolchain/avr8/avr8-gnu-toolchain/bin/../lib/gcc/avr/5.4.0/avr5\libgcc.a(_udivdi3.o)
 .data          0x00000000        0x0 f:/mohamed/7.0/toolchain/avr8/avr8-gnu-toolchain/bin/../lib/gcc/avr/5.4.0/avr5\libgcc.a(_udivdi3.o)
 .bss           0x00000000        0x0 f:/mohamed/7.0/toolchain/avr8/avr8-gnu-toolchain/bin/../lib/gcc/avr/5.4.0/avr5\libgcc.a(_udivdi3.o)
 .text.libgcc.mul
                0x00000000        0x0 f:/mohamed/7.0/toolchain/avr8/avr8-gnu-toolchain/bin/../lib/gcc/avr/5.4.0/avr5\libgcc.a(_udivdi3.o)
 .text.libgcc.div
                0x00000000       0x1c f:/mohamed/7.0/toolchain/avr8/avr8-gnu-toolchain/bin/../lib/gcc/avr/5.4.0/avr5\libgcc.a(_udivdi3.o)
 .text.libgcc   0x00000000        0x0 f:/mohamed/7.0/toolchain/avr8/avr8-gnu-toolchain/bin/../lib/gcc/avr/5.4.0/avr5\libgcc.a(_udivdi3.o)
 .text.libgcc.prologue
                0x00000000        0x0 f:/mohamed/7.0/toolchain/avr8/avr8-gnu-toolchain/bin/../lib/gcc/avr/5.4.0/avr5\libgcc.a(_udivdi3.o)
 .text.libgcc.builtins
                0x00000000        0x0 f:/mohamed/7.0/toolchain/avr8/avr8-gnu-toolchain/bin/../lib/gcc/avr/5.4.0/avr5\libgcc.a(_udivdi3.o)
 .text.libgcc.fmul
                0x00000000        0x0 f:/mohamed/7.0/toolchain/avr8/avr8-gnu-toolchain/bin/../lib/gcc/avr/5.4.0/avr5\libgcc.a(_udivdi3.o)
 .text.libgcc.fixed
                0x00000000        0x0 f:/mohamed/7.0/toolchain/avr8/avr8-gnu-toolchain/bin/../lib/gcc/avr/5.4.0/avr5\libgcc.a(_udivdi3.o)
 .text          0x00000000        0x0 f:/mohamed/7.0/toolchain/avr8/avr8-gnu-toolchain/bin/../lib/gcc/avr/5.4.0/avr5\libgcc.a(_udivmod64.o)
 .data          0x00000000        0x0 f:/mohamed/7.0/toolchain/avr8/avr8-gnu-toolchain/bin/../lib/gcc/avr/5.4.0/avr5\libgcc.a(_udivmod64.o)
 .bss           0x00000000        0x0 f:/mohamed/7.0/toolchain/avr8/avr8-gnu-toolchain/bin/../lib/gcc/avr/5.4.0/avr5\libgcc.a(_udivmod64.o)
 .text.libgcc.mul
                0x00000000        0x0 f:/mohamed/7.0/toolchain/avr8/avr8-gnu-toolchain/bin/../lib/gcc/avr/5.4.0/avr5\libgcc.a(_udivmod64.o)
 .text.libgcc.div
                0x00000000       0xa2 f:/mohamed/7.0/toolchain/avr8/avr8-gnu-toolchain/bin/../lib/gcc/avr/5.4.0/avr5\libgcc.a(_udivmod64.o)
 .text.libgcc   0x00000000        0x0 f:/mohamed/7.0/toolchain/avr8/avr8-gnu-toolchain/bin/../lib/gcc/avr/5.4.0/avr5\libgcc.a(_udivmod64.o)
 .text.libgcc.prologue
                0x00000000        0x0 f:/mohamed/7.0/toolchain/avr8/avr8-gnu-toolchain/bin/../lib/gcc/avr/5.4.0/avr5\libgcc.a(_udivmod64.o)
 .text.libgcc.builtins
                0x00000000        0x0 f:/mohamed/7.0/toolchain/avr8/avr8-gnu-toolchain/bin/../lib/gcc/avr/5.4.0/avr5\libgcc.a(_udivmod64.o)
 .text.libgcc.fmul
                0x00000000        0x0 f:/mohamed/7.0/toolchain/avr8/avr8-gnu-toolchain/bin/../lib/gcc/avr/5.4.0/avr5\libgcc.a(_udivmod64.o)
 .text.libgcc.fixed
                0x00000000        0x0 f:/mohamed/7.0/toolchain/avr8/avr8-gnu-toolchain/bin/../lib/gcc/avr/5.4.0/avr5\libgcc.a(_udivmod64.o)
 .text          0x00000000        0x0 f:/mohamed/7.0/toolchain/avr8/avr8-gnu-toolchain/bin/../lib/gcc/avr/5.4.0/avr5\libgcc.a(_negdi2.o)
 .data          0x00000000        0x0 f:/mohamed/7.0/toolchain/avr8/avr8-gnu-toolchain/bin/../lib/gcc/avr/5.4.0/avr5\libgcc.a(_negdi2.o)
 .bss           0x00000000        0x0 f:/mohamed/7.0/toolchain/avr8/avr8-gnu-toolchain/bin/../lib/gcc/avr/5.4.0/avr5\libgcc.a(_negdi2.o)
 .text.libgcc.mul
                0x00000000        0x0 f:/mohamed/7.0/toolchain/avr8/avr8-gnu-toolchain/bin/../lib/gcc/avr/5.4.0/avr5\libgcc.a(_negdi2.o)
 .text.libgcc.div
                0x00000000        0x0 f:/mohamed/7.0/toolchain/avr8/avr8-gnu-toolchain/bin/../lib/gcc/avr/5.4.0/avr5\libgcc.a(_negdi2.o)
 .text.libgcc   0x00000000       0x20 f:/mohamed/7.0/toolchain/avr8/avr8-gnu-toolchain/bin/../lib/gcc/avr/5.4.0/avr5\libgcc.a(_negdi2.o)
 .text.libgcc.prologue
                0x00000000        0x0 f:/mohamed/7.0/toolchain/avr8/avr8-gnu-toolchain/bin/../lib/gcc/avr/5.4.0/avr5\libgcc.a(_negdi2.o)
 .text.libgcc.builtins
                0x00000000        0x0 f:/mohamed/7.0/toolchain/avr8/avr8-gnu-toolchain/bin/../lib/gcc/avr/5.4.0/avr5\libgcc.a(_negdi2.o)
 .text.libgcc.fmul
                0x00000000        0x0 f:/mohamed/7.0/toolchain/avr8/avr8-gnu-toolchain/bin/../lib/gcc/avr/5.4.0/avr5\libgcc.a(_negdi2.o)
 .text.libgcc.fixed
                0x00000000        0x0 f:/mohamed/7.0/toolchain/avr8/avr8-gnu-toolchain/bin/../lib/gcc/avr/5.4.0/avr5\libgcc.a(_negdi2.o)
 .text          0x00000000        0x0 f:/mohamed/7.0/toolchain/avr8/avr8-gnu-toolchain/bin/../lib/gcc/avr/5.4.0/avr5\libgcc.a(_prologue.o)
 .data          0x00000000        0x0 f:/mohamed/7.0/toolchain/avr8/avr8-gnu-toolchain/bin/../lib/gcc/avr/5.4.0/avr5\libgcc.a(_prologue.o)
 .bss           0x00000000        0x0 f:/mohamed/7.0/toolchain/avr8/avr8-gnu-toolchain/bin/../lib/gcc/avr/5.4.0/avr5\libgcc.a(_prologue.o)
 .text.libgcc.mul
                0x00000000        0x0 f:/mohamed/7.0/toolchain/avr8/avr8-gnu-toolchain/bin/../lib/gcc/avr/5.4.0/avr5\libgcc.a(_prologue.o)
 .text.libgcc.div
                0x00000000        0x0 f:/mohamed/7.0/toolchain/avr8/avr8-gnu-toolchain/bin/../lib/gcc/avr/5.4.0/avr5\libgcc.a(_prologue.o)
 .text.libgcc   0x00000000        0x0 f:/mohamed/7.0/toolchain/avr8/avr8-gnu-toolchain/bin/../lib/gcc/avr/5.4.0/avr5\libgcc.a(_prologue.o)
 .text.libgcc.prologue
                0x00000000       0x38 f:/mohamed/7.0/toolchain/avr8/avr8-gnu-toolchain/bin/../lib/gcc/avr/5.4.0/avr5\libgcc.a(_prologue.o)
 .text.libgcc.builtins
                0x00000000        0x0 f:/mohamed/7.0/toolchain/avr8/avr8-gnu-toolchain/bin/../lib/gcc/avr/5.4.0/avr5\libgcc.a(_prologue.o)
 .text.libgcc.fmul
                0x00000000        0x0 f:/mohamed/7.0/toolchain/avr8/avr8-gnu-toolchain/bin/../lib/gcc/avr/5.4.0/avr5\libgcc.a(_prologue.o)
 .text.libgcc.fixed
                0x00000000        0x0 f:/mohamed/7.0/toolchain/avr8/avr8-gnu-toolchain/bin/../lib/gcc/avr/5.4.0/avr5\libgcc.a(_prologue.o)
 .text          0x00000000        0x0 f:/mohamed/7.0/toolchain/avr8/avr8-gnu-toolchain/bin/../lib/gcc/avr/5.4.0/avr5\libgcc.a(_epilogue.o)
 .data          0x00000000        0x0 f:/mohamed/7.0/toolchain/avr8/avr8-gnu-toolchain/bin/../lib/gcc/avr/5.4.0/avr5\libgcc.a(_epilogue.o)
 .bss           0x00000000        0x0 f:/mohamed/7.0/toolchain/avr8/avr8-gnu-toolchain/bin/../lib/gcc/avr/5.4.0/avr5\libgcc.a(_epilogue.o)
 .text.libgcc.mul
                0x00000000        0x0 f:/mohamed/7.0/toolchain/avr8/avr8-gnu-toolchain/bin/../lib/gcc/avr/5.4.0/avr5\libgcc.a(_epilogue.o)
 .text.libgcc.div
                0x00000000        0x0 f:/mohamed/7.0/toolchain/avr8/avr8-gnu-toolchain/bin/../lib/gcc/avr/5.4.0/avr5\libgcc.a(_epilogue.o)
 .text.libgcc   0x00000000        0x0 f:/mohamed/7.0/toolchain/avr8/avr8-gnu-toolchain/bin/../lib/gcc/avr/5.4.0/avr5\libgcc.a(_epilogue.o)
 .text.libgcc.prologue
                0x00000000       0x36 f:/mohamed/7.0/toolchain/avr8/avr8-gnu-toolchain/bin/../lib/gcc/avr/5.4.0/avr5\libgcc.a(_epilogue.o)
 .text.libgcc.builtins
                0x00000000        0x0 f:/mohamed/7.0/toolchain/avr8/avr8-gnu-toolchain/bin/../lib/gcc/avr/5.4.0/avr5\libgcc.a(_epilogue.o)
 .text.libgcc.fmul
                0x00000000        0x0 f:/mohamed/7.0/toolchain/avr8/avr8-gnu-toolchain/bin/../lib/gcc/avr/5.4.0/avr5\libgcc.a(_epilogue.o)
 .text.libgcc.fixed
                0x00000000        0x0 f:/mohamed/7.0/toolchain/avr8/avr8-gnu-toolchain/bin/../lib/gcc/avr/5.4.0/avr5\libgcc.a(_epilogue.o)
 .text          0x00000000        0x0 f:/mohamed/7.0/toolchain/avr8/avr8-gnu-toolchain/bin/../lib/gcc/avr/5.4.0/avr5\libgcc.a(_adddi3.o)
 .data          0x00000000        0x0 f:/mohamed/7.0/toolchain/avr8/avr8-gnu-toolchain/bin/../lib/gcc/avr/5.4.0/avr5\libgcc.a(_adddi3.o)
 .bss           0x00000000        0x0 f:/mohamed/7.0/toolchain/avr8/avr8-gnu-toolchain/bin/../lib/gcc/avr/5.4.0/avr5\libgcc.a(_adddi3.o)
 .text.libgcc.mul
                0x00000000        0x0 f:/mohamed/7.0/toolchain/avr8/avr8-gnu-toolchain/bin/../lib/gcc/avr/5.4.0/avr5\libgcc.a(_adddi3.o)
 .text.libgcc.div
                0x00000000        0x0 f:/mohamed/7.0/toolchain/avr8/avr8-gnu-toolchain/bin/../lib/gcc/avr/5.4.0/avr5\libgcc.a(_adddi3.o)
 .text.libgcc   0x00000000       0x12 f:/mohamed/7.0/toolchain/avr8/avr8-gnu-toolchain/bin/../lib/gcc/avr/5.4.0/avr5\libgcc.a(_adddi3.o)
 .text.libgcc.prologue
                0x00000000        0x0 f:/mohamed/7.0/toolchain/avr8/avr8-gnu-toolchain/bin/../lib/gcc/avr/5.4.0/avr5\libgcc.a(_adddi3.o)
 .text.libgcc.builtins
                0x00000000        0x0 f:/mohamed/7.0/toolchain/avr8/avr8-gnu-toolchain/bin/../lib/gcc/avr/5.4.0/avr5\libgcc.a(_adddi3.o)
 .text.libgcc.fmul
                0x00000000        0x0 f:/mohamed/7.0/toolchain/avr8/avr8-gnu-toolchain/bin/../lib/gcc/avr/5.4.0/avr5\libgcc.a(_adddi3.o)
 .text.libgcc.fixed
                0x00000000        0x0 f:/mohamed/7.0/toolchain/avr8/avr8-gnu-toolchain/bin/../lib/gcc/avr/5.4.0/avr5\libgcc.a(_adddi3.o)
 .text          0x00000000        0x0 f:/mohamed/7.0/toolchain/avr8/avr8-gnu-toolchain/bin/../lib/gcc/avr/5.4.0/avr5\libgcc.a(_adddi3_s8.o)
 .data          0x00000000        0x0 f:/mohamed/7.0/toolchain/avr8/avr8-gnu-toolchain/bin/../lib/gcc/avr/5.4.0/avr5\libgcc.a(_adddi3_s8.o)
 .bss           0x00000000        0x0 f:/mohamed/7.0/toolchain/avr8/avr8-gnu-toolchain/bin/../lib/gcc/avr/5.4.0/avr5\libgcc.a(_adddi3_s8.o)
 .text.libgcc.mul
                0x00000000        0x0 f:/mohamed/7.0/toolchain/avr8/avr8-gnu-toolchain/bin/../lib/gcc/avr/5.4.0/avr5\libgcc.a(_adddi3_s8.o)
 .text.libgcc.div
                0x00000000        0x0 f:/mohamed/7.0/toolchain/avr8/avr8-gnu-toolchain/bin/../lib/gcc/avr/5.4.0/avr5\libgcc.a(_adddi3_s8.o)
 .text.libgcc   0x00000000       0x18 f:/mohamed/7.0/toolchain/avr8/avr8-gnu-toolchain/bin/../lib/gcc/avr/5.4.0/avr5\libgcc.a(_adddi3_s8.o)
 .text.libgcc.prologue
                0x00000000        0x0 f:/mohamed/7.0/toolchain/avr8/avr8-gnu-toolchain/bin/../lib/gcc/avr/5.4.0/avr5\libgcc.a(_adddi3_s8.o)
 .text.libgcc.builtins
                0x00000000        0x0 f:/mohamed/7.0/toolchain/avr8/avr8-gnu-toolchain/bin/../lib/gcc/avr/5.4.0/avr5\libgcc.a(_adddi3_s8.o)
 .text.libgcc.fmul
                0x00000000        0x0 f:/mohamed/7.0/toolchain/avr8/avr8-gnu-toolchain/bin/../lib/gcc/avr/5.4.0/avr5\libgcc.a(_adddi3_s8.o)
 .text.libgcc.fixed
                0x00000000        0x0 f:/mohamed/7.0/toolchain/avr8/avr8-gnu-toolchain/bin/../lib/gcc/avr/5.4.0/avr5\libgcc.a(_adddi3_s8.o)
 .text          0x00000000        0x0 f:/mohamed/7.0/toolchain/avr8/avr8-gnu-toolchain/bin/../lib/gcc/avr/5.4.0/avr5\libgcc.a(_subdi3.o)
 .data          0x00000000        0x0 f:/mohamed/7.0/toolchain/avr8/avr8-gnu-toolchain/bin/../lib/gcc/avr/5.4.0/avr5\libgcc.a(_subdi3.o)
 .bss           0x00000000        0x0 f:/mohamed/7.0/toolchain/avr8/avr8-gnu-toolchain/bin/../lib/gcc/avr/5.4.0/avr5\libgcc.a(_subdi3.o)
 .text.libgcc.mul
                0x00000000        0x0 f:/mohamed/7.0/toolchain/avr8/avr8-gnu-toolchain/bin/../lib/gcc/avr/5.4.0/avr5\libgcc.a(_subdi3.o)
 .text.libgcc.div
                0x00000000        0x0 f:/mohamed/7.0/toolchain/avr8/avr8-gnu-toolchain/bin/../lib/gcc/avr/5.4.0/avr5\libgcc.a(_subdi3.o)
 .text.libgcc   0x00000000       0x12 f:/mohamed/7.0/toolchain/avr8/avr8-gnu-toolchain/bin/../lib/gcc/avr/5.4.0/avr5\libgcc.a(_subdi3.o)
 .text.libgcc.prologue
                0x00000000        0x0 f:/mohamed/7.0/toolchain/avr8/avr8-gnu-toolchain/bin/../lib/gcc/avr/5.4.0/avr5\libgcc.a(_subdi3.o)
 .text.libgcc.builtins
                0x00000000        0x0 f:/mohamed/7.0/toolchain/avr8/avr8-gnu-toolchain/bin/../lib/gcc/avr/5.4.0/avr5\libgcc.a(_subdi3.o)
 .text.libgcc.fmul
                0x00000000        0x0 f:/mohamed/7.0/toolchain/avr8/avr8-gnu-toolchain/bin/../lib/gcc/avr/5.4.0/avr5\libgcc.a(_subdi3.o)
 .text.libgcc.fixed
                0x00000000        0x0 f:/mohamed/7.0/toolchain/avr8/avr8-gnu-toolchain/bin/../lib/gcc/avr/5.4.0/avr5\libgcc.a(_subdi3.o)
 .text          0x00000000        0x0 f:/mohamed/7.0/toolchain/avr8/avr8-gnu-toolchain/bin/../lib/gcc/avr/5.4.0/avr5\libgcc.a(_cmpdi2_s8.o)
 .data          0x00000000        0x0 f:/mohamed/7.0/toolchain/avr8/avr8-gnu-toolchain/bin/../lib/gcc/avr/5.4.0/avr5\libgcc.a(_cmpdi2_s8.o)
 .bss           0x00000000        0x0 f:/mohamed/7.0/toolchain/avr8/avr8-gnu-toolchain/bin/../lib/gcc/avr/5.4.0/avr5\libgcc.a(_cmpdi2_s8.o)
 .text.libgcc.mul
                0x00000000        0x0 f:/mohamed/7.0/toolchain/avr8/avr8-gnu-toolchain/bin/../lib/gcc/avr/5.4.0/avr5\libgcc.a(_cmpdi2_s8.o)
 .text.libgcc.div
                0x00000000        0x0 f:/mohamed/7.0/toolchain/avr8/avr8-gnu-toolchain/bin/../lib/gcc/avr/5.4.0/avr5\libgcc.a(_cmpdi2_s8.o)
 .text.libgcc   0x00000000       0x18 f:/mohamed/7.0/toolchain/avr8/avr8-gnu-toolchain/bin/../lib/gcc/avr/5.4.0/avr5\libgcc.a(_cmpdi2_s8.o)
 .text.libgcc.prologue
                0x00000000        0x0 f:/mohamed/7.0/toolchain/avr8/avr8-gnu-toolchain/bin/../lib/gcc/avr/5.4.0/avr5\libgcc.a(_cmpdi2_s8.o)
 .text.libgcc.builtins
                0x00000000        0x0 f:/mohamed/7.0/toolchain/avr8/avr8-gnu-toolchain/bin/../lib/gcc/avr/5.4.0/avr5\libgcc.a(_cmpdi2_s8.o)
 .text.libgcc.fmul
                0x00000000        0x0 f:/mohamed/7.0/toolchain/avr8/avr8-gnu-toolchain/bin/../lib/gcc/avr/5.4.0/avr5\libgcc.a(_cmpdi2_s8.o)
 .text.libgcc.fixed
                0x00000000        0x0 f:/mohamed/7.0/toolchain/avr8/avr8-gnu-toolchain/bin/../lib/gcc/avr/5.4.0/avr5\libgcc.a(_cmpdi2_s8.o)

Memory Configuration

Name             Origin             Length             Attributes
text             0x00000000         0x00008000         xr
data             0x00800060         0x00000800         rw !x
eeprom           0x00810000         0x00000400         rw !x
fuse             0x00820000         0x00000002         rw !x
lock             0x00830000         0x00000400         rw !x
signature        0x00840000         0x00000400         rw !x
user_signatures  0x00850000         0x00000400         rw !x
*default*        0x00000000         0xffffffff

Linker script and memory map

LOAD F:/mohamed/7.0/Packs/atmel/ATmega_DFP/1.7.374/gcc/dev/atmega32/avr5/crtatmega32.o
LOAD APP/Calcculator.o
LOAD APP/Car.o
LOAD APP/CONVERTER.o
LOAD APP/fireSystem.o
LOAD APP/RGBA.o
LOAD APP/StopWatch.o
LOAD APP/UARTFRAM.o
LOAD APP/Ultra_Array.o
LOAD CONF/DIO_Cfgc.o
LOAD HAL/Button.o
LOAD HAL/HEEPROM_prg.o
LOAD HAL/keybad.o
LOAD HAL/LCD.o
LOAD HAL/Motor.o
LOAD HAL/SEVEN_SEG.o
LOAD HAL/tempSensor.o
LOAD HAL/ultra.o
LOAD main.o
LOAD MCAL/ADC.o
LOAD MCAL/DIO.o
LOAD MCAL/EX_interrupt.o
LOAD MCAL/I2C.o
LOAD MCAL/MTWI_prg.o
LOAD MCAL/SPI.o
LOAD MCAL/Timers.o
LOAD MCAL/UART.o
LOAD SERVICES/ADC_filer.o
LOAD SERVICES/ADC_SERVICE.o
LOAD SERVICES/RGB_Data.o
LOAD SERVICES/SPI_Service.o
LOAD SERVICES/UartServices.o
START GROUP
LOAD f:/mohamed/7.0/toolchain/avr8/avr8-gnu-toolchain/bin/../lib/gcc/avr/5.4.0/../../../../avr/lib/avr5\libm.a
END GROUP
START GROUP
LOAD f:/mohamed/7.0/toolchain/avr8/avr8-gnu-toolchain/bin/../lib/gcc/avr/5.4.0/avr5\libgcc.a
LOAD f:/mohamed/7.0/toolchain/avr8/avr8-gnu-toolchain/bin/../lib/gcc/avr/5.4.0/../../../../avr/lib/avr5\libm.a
LOAD f:/mohamed/7.0/toolchain/avr8/avr8-gnu-toolchain/bin/../lib/gcc/avr/5.4.0/../../../../avr/lib/avr5\libc.a
LOAD F:/mohamed/7.0/Packs/atmel/ATmega_DFP/1.7.374/gcc/dev/atmega32/avr5\libatmega32.a
END GROUP
                0x00000000                __TEXT_REGION_ORIGIN__ = DEFINED (__TEXT_REGION_ORIGIN__)?__TEXT_REGION_ORIGIN__:0x0
                [0x00800060]                __DATA_REGION_ORIGIN__ = DEFINED (__DATA_REGION_ORIGIN__)?__DATA_REGION_ORIGIN__:0x800060
                [0x00008000]                __TEXT_REGION_LENGTH__ = DEFINED (__TEXT_REGION_LENGTH__)?__TEXT_REGION_LENGTH__:0x20000
                [0x00000800]                __DATA_REGION_LENGTH__ = DEFINED (__DATA_REGION_LENGTH__)?__DATA_REGION_LENGTH__:0xffa0
                [0x00000400]                __EEPROM_REGION_LENGTH__ = DEFINED (__EEPROM_REGION_LENGTH__)?__EEPROM_REGION_LENGTH__:0x10000
                [0x00000002]                __FUSE_REGION_LENGTH__ = DEFINED (__FUSE_REGION_LENGTH__)?__FUSE_REGION_LENGTH__:0x400
                0x00000400                __LOCK_REGION_LENGTH__ = DEFINED (__LOCK_REGION_LENGTH__)?__LOCK_REGION_LENGTH__:0x400
                0x00000400                __SIGNATURE_REGION_LENGTH__ = DEFINED (__SIGNATURE_REGION_LENGTH__)?__SIGNATURE_REGION_LENGTH__:0x400
                0x00000400                __USER_SIGNATURE_REGION_LENGTH__ = DEFINED (__USER_SIGNATURE_REGION_LENGTH__)?__USER_SIGNATURE_REGION_LENGTH__:0x400

.hash
 *(.hash)

.dynsym
 *(.dynsym)

.dynstr
 *(.dynstr)

.gnu.version
 *(.gnu.version)

.gnu.version_d
 *(.gnu.version_d)

.gnu.version_r
 *(.gnu.version_r)

.rel.init
 *(.rel.init)

.rela.init
 *(.rela.init)

.rel.text
 *(.rel.text)
 *(.rel.text.*)
 *(.rel.gnu.linkonce.t*)

.rela.text
 *(.rela.text)
 *(.rela.text.*)
 *(.rela.gnu.linkonce.t*)

.rel.fini
 *(.rel.fini)

.rela.fini
 *(.rela.fini)

.rel.rodata
 *(.rel.rodata)
 *(.rel.rodata.*)
 *(.rel.gnu.linkonce.r*)

.rela.rodata
 *(.rela.rodata)
 *(.rela.rodata.*)
 *(.rela.gnu.linkonce.r*)

.rel.data
 *(.rel.data)
 *(.rel.data.*)
 *(.rel.gnu.linkonce.d*)

.rela.data
 *(.rela.data)
 *(.rela.data.*)
 *(.rela.gnu.linkonce.d*)

.rel.ctors
 *(.rel.ctors)

.rela.ctors
 *(.rela.ctors)

.rel.dtors
 *(.rel.dtors)

.rela.dtors
 *(.rela.dtors)

.rel.got
 *(.rel.got)

.rela.got
 *(.rela.got)

.rel.bss
 *(.rel.bss)

.rela.bss
 *(.rela.bss)

.rel.plt
 *(.rel.plt)

.rela.plt
 *(.rela.plt)

.text           0x00000000      0x89e
 *(.vectors)
 .vectors       0x00000000       0x54 F:/mohamed/7.0/Packs/atmel/ATmega_DFP/1.7.374/gcc/dev/atmega32/avr5/crtatmega32.o
                0x00000000                __vector_default
                0x00000000                __vectors
 *(.vectors)
 *(.progmem.gcc*)
                0x00000054                . = ALIGN (0x2)
                0x00000054                __trampolines_start = .
 *(.trampolines)
 .trampolines   0x00000054        0x0 linker stubs
 *(.trampolines*)
                0x00000054                __trampolines_end = .
 *libprintf_flt.a:*(.progmem.data)
 *libc.a:*(.progmem.data)
 *(.progmem*)
                0x00000054                . = ALIGN (0x2)
 *(.jumptables)
 *(.jumptables*)
 *(.lowtext)
 *(.lowtext*)
                0x00000054                __ctors_start = .
 *(.ctors)
                0x00000054                __ctors_end = .
                0x00000054                __dtors_start = .
 *(.dtors)
                0x00000054                __dtors_end = .
 SORT(*)(.ctors)
 SORT(*)(.dtors)
 *(.init0)
 .init0         0x00000054        0x0 F:/mohamed/7.0/Packs/atmel/ATmega_DFP/1.7.374/gcc/dev/atmega32/avr5/crtatmega32.o
                0x00000054                __init
 *(.init0)
 *(.init1)
 *(.init1)
 *(.init2)
 .init2         0x00000054        0xc F:/mohamed/7.0/Packs/atmel/ATmega_DFP/1.7.374/gcc/dev/atmega32/avr5/crtatmega32.o
 *(.init2)
 *(.init3)
 *(.init3)
 *(.init4)
 .init4         0x00000060       0x16 f:/mohamed/7.0/toolchain/avr8/avr8-gnu-toolchain/bin/../lib/gcc/avr/5.4.0/avr5\libgcc.a(_copy_data.o)
                0x00000060                __do_copy_data
 .init4         0x00000076       0x10 f:/mohamed/7.0/toolchain/avr8/avr8-gnu-toolchain/bin/../lib/gcc/avr/5.4.0/avr5\libgcc.a(_clear_bss.o)
                0x00000076                __do_clear_bss
 *(.init4)
 *(.init5)
 *(.init5)
 *(.init6)
 *(.init6)
 *(.init7)
 *(.init7)
 *(.init8)
 *(.init8)
 *(.init9)
 .init9         0x00000086        0x8 F:/mohamed/7.0/Packs/atmel/ATmega_DFP/1.7.374/gcc/dev/atmega32/avr5/crtatmega32.o
 *(.init9)
 *(.text)
 .text          0x0000008e        0x4 F:/mohamed/7.0/Packs/atmel/ATmega_DFP/1.7.374/gcc/dev/atmega32/avr5/crtatmega32.o
                0x0000008e                __bad_interrupt
                0x0000008e                __vector_3
                0x0000008e                __vector_17
                0x0000008e                __vector_19
                0x0000008e                __vector_5
                0x0000008e                __vector_4
                0x0000008e                __vector_14
                0x0000008e                __vector_18
                0x0000008e                __vector_20
                0x00000092                . = ALIGN (0x2)
 *(.text.*)
 .text.WriteInst
                0x00000092       0xb4 HAL/LCD.o
 .text.LCD_Init
                0x00000146       0x3c HAL/LCD.o
                0x00000146                LCD_Init
 .text.startup.main
                0x00000182       0x1a main.o
                0x00000182                main
 .text.__vector_16
                0x0000019c       0x4c MCAL/ADC.o
                0x0000019c                __vector_16
 .text.DIO_WritePin
                0x000001e8      0x102 MCAL/DIO.o
                0x000001e8                DIO_WritePin
 .text.DIO_Init
                0x000002ea      0x1bc MCAL/DIO.o
                0x000002ea                DIO_Init
 .text.__vector_1
                0x000004a6       0x52 MCAL/EX_interrupt.o
                0x000004a6                __vector_1
 .text.__vector_2
                0x000004f8       0x52 MCAL/EX_interrupt.o
                0x000004f8                __vector_2
 .text.__vector_12
                0x0000054a       0x52 MCAL/SPI.o
                0x0000054a                __vector_12
 .text.TIMER0_Init
                0x0000059c       0x40 MCAL/Timers.o
                0x0000059c                TIMER0_Init
 .text.TIMER0_OC0Mode
                0x000005dc       0x36 MCAL/Timers.o
                0x000005dc                TIMER0_OC0Mode
 .text.__vector_9
                0x00000612       0x52 MCAL/Timers.o
                0x00000612                __vector_9
 .text.__vector_7
                0x00000664       0x52 MCAL/Timers.o
                0x00000664                __vector_7
 .text.__vector_8
                0x000006b6       0x52 MCAL/Timers.o
                0x000006b6                __vector_8
 .text.__vector_6
                0x00000708       0x52 MCAL/Timers.o
                0x00000708                __vector_6
 .text.__vector_10
                0x0000075a       0x14 MCAL/Timers.o
                0x0000075a                __vector_10
 .text.__vector_11
                0x0000076e       0x14 MCAL/Timers.o
                0x0000076e                __vector_11
 .text.__vector_13
                0x00000782       0x52 MCAL/UART.o
                0x00000782                __vector_13
 .text.__vector_15
                0x000007d4       0x52 MCAL/UART.o
                0x000007d4                __vector_15
 .text.IsFull   0x00000826       0x1c SERVICES/ADC_SERVICE.o
                0x00000826                IsFull
 .text.inQueue_ADC
                0x00000842       0x40 SERVICES/ADC_SERVICE.o
                0x00000842                inQueue_ADC
 .text.libgcc.div
                0x00000882       0x18 f:/mohamed/7.0/toolchain/avr8/avr8-gnu-toolchain/bin/../lib/gcc/avr/5.4.0/avr5\libgcc.a(_udivmodqi4.o)
                0x00000882                __udivmodqi4
                0x0000089a                . = ALIGN (0x2)
 *(.fini9)
 .fini9         0x0000089a        0x0 f:/mohamed/7.0/toolchain/avr8/avr8-gnu-toolchain/bin/../lib/gcc/avr/5.4.0/avr5\libgcc.a(_exit.o)
                0x0000089a                _exit
                0x0000089a                exit
 *(.fini9)
 *(.fini8)
 *(.fini8)
 *(.fini7)
 *(.fini7)
 *(.fini6)
 *(.fini6)
 *(.fini5)
 *(.fini5)
 *(.fini4)
 *(.fini4)
 *(.fini3)
 *(.fini3)
 *(.fini2)
 *(.fini2)
 *(.fini1)
 *(.fini1)
 *(.fini0)
 .fini0         0x0000089a        0x4 f:/mohamed/7.0/toolchain/avr8/avr8-gnu-toolchain/bin/../lib/gcc/avr/5.4.0/avr5\libgcc.a(_exit.o)
 *(.fini0)
                0x0000089e                _etext = .

.data           0x00800060       0x20 load address 0x0000089e
                0x00800060                PROVIDE (__data_start, .)
 *(.data)
 *(.data*)
 *(.gnu.linkonce.d*)
 *(.rodata)
 *(.rodata*)
 .rodata.PinsStatusArray
                0x00800060       0x20 CONF/DIO_Cfgc.o
                0x00800060                PinsStatusArray
 *(.gnu.linkonce.r*)
                0x00800080                . = ALIGN (0x2)
                0x00800080                _edata = .
                0x00800080                PROVIDE (__data_end, .)

.bss            0x00800080       0x29
                0x00800080                PROVIDE (__bss_start, .)
 *(.bss)
 *(.bss*)
 .bss.Ex_p1     0x00800080        0x2 MCAL/EX_interrupt.o
 .bss.Ex_p0     0x00800082        0x2 MCAL/EX_interrupt.o
 .bss.Timer1_ICU_Fptr
                0x00800084        0x2 MCAL/Timers.o
 .bss.Timer1_OCB_Fptr
                0x00800086        0x2 MCAL/Timers.o
 .bss.Timer1_OCA_Fptr
                0x00800088        0x2 MCAL/Timers.o
 .bss.Timer1_OVF_Fptr
                0x0080008a        0x2 MCAL/Timers.o
 .bss.UART_TX_Fptr
                0x0080008c        0x2 MCAL/UART.o
 .bss.UART_RX_Fptr
                0x0080008e        0x2 MCAL/UART.o
 .bss.QUE_Flag  0x00800090        0x1 SERVICES/ADC_SERVICE.o
 .bss.Pointer_tail
                0x00800091        0x1 SERVICES/ADC_SERVICE.o
 .bss.Pointer_Head
                0x00800092        0x1 SERVICES/ADC_SERVICE.o
 .bss.QueueAdc  0x00800093       0x14 SERVICES/ADC_SERVICE.o
 *(COMMON)
 COMMON         0x008000a7        0x2 MCAL/SPI.o
                0x008000a7                Call_Back_ptr
                0x008000a9                PROVIDE (__bss_end, .)
                0x0000089e                __data_load_start = LOADADDR (.data)
                0x000008be                __data_load_end = (__data_load_start + SIZEOF (.data))

.noinit         0x008000a9        0x0
                [!provide]                PROVIDE (__noinit_start, .)
 *(.noinit*)
                [!provide]                PROVIDE (__noinit_end, .)
                0x008000a9                _end = .
                [!provide]                PROVIDE (__heap_start, .)

.eeprom         0x00810000        0x0
 *(.eeprom*)
                0x00810000                __eeprom_end = .

.fuse
 *(.fuse)
 *(.lfuse)
 *(.hfuse)
 *(.efuse)

.lock
 *(.lock*)

.signature
 *(.signature*)

.user_signatures
 *(.user_signatures*)

.stab
 *(.stab)

.stabstr
 *(.stabstr)

.stab.excl
 *(.stab.excl)

.stab.exclstr
 *(.stab.exclstr)

.stab.index
 *(.stab.index)

.stab.indexstr
 *(.stab.indexstr)

.comment        0x00000000       0x30
 *(.comment)
 .comment       0x00000000       0x30 CONF/DIO_Cfgc.o
                                 0x31 (size before relaxing)
 .comment       0x00000030       0x31 HAL/LCD.o
 .comment       0x00000030       0x31 main.o
 .comment       0x00000030       0x31 MCAL/ADC.o
 .comment       0x00000030       0x31 MCAL/DIO.o
 .comment       0x00000030       0x31 MCAL/EX_interrupt.o
 .comment       0x00000030       0x31 MCAL/SPI.o
 .comment       0x00000030       0x31 MCAL/Timers.o
 .comment       0x00000030       0x31 MCAL/UART.o
 .comment       0x00000030       0x31 SERVICES/ADC_SERVICE.o

.note.gnu.avr.deviceinfo
                0x00000000       0x3c
 .note.gnu.avr.deviceinfo
                0x00000000       0x3c F:/mohamed/7.0/Packs/atmel/ATmega_DFP/1.7.374/gcc/dev/atmega32/avr5/crtatmega32.o

.note.gnu.build-id
 *(.note.gnu.build-id)

.debug
 *(.debug)

.line
 *(.line)

.debug_srcinfo
 *(.debug_srcinfo)

.debug_sfnames
 *(.debug_sfnames)

.debug_aranges
 *(.debug_aranges)

.debug_pubnames
 *(.debug_pubnames)

.debug_info     0x00000000      0x4e6
 *(.debug_info .gnu.linkonce.wi.*)
 .debug_info    0x00000000      0x4e6 F:/mohamed/7.0/Packs/atmel/ATmega_DFP/1.7.374/gcc/dev/atmega32/avr5/crtatmega32.o

.debug_abbrev   0x00000000      0x4a3
 *(.debug_abbrev)
 .debug_abbrev  0x00000000      0x4a3 F:/mohamed/7.0/Packs/atmel/ATmega_DFP/1.7.374/gcc/dev/atmega32/avr5/crtatmega32.o

.debug_line     0x00000000      0x116
 *(.debug_line .debug_line.* .debug_line_end)
 .debug_line    0x00000000      0x116 F:/mohamed/7.0/Packs/atmel/ATmega_DFP/1.7.374/gcc/dev/atmega32/avr5/crtatmega32.o

.debug_frame
 *(.debug_frame)

.debug_str      0x00000000      0x196
 *(.debug_str)
 .debug_str     0x00000000      0x196 F:/mohamed/7.0/Packs/atmel/ATmega_DFP/1.7.374/gcc/dev/atmega32/avr5/crtatmega32.o

.debug_loc
 *(.debug_loc)

.debug_macinfo
 *(.debug_macinfo)

.debug_weaknames
 *(.debug_weaknames)

.debug_funcnames
 *(.debug_funcnames)

.debug_typenames
 *(.debug_typenames)

.debug_varnames
 *(.debug_varnames)

.debug_pubtypes
 *(.debug_pubtypes)

.debug_ranges
 *(.debug_ranges)

.debug_macro
 *(.debug_macro)
OUTPUT(online12.elf elf32-avr)
LOAD linker stubs
